Archive member included to satisfy reference by file (symbol)

.\ARM_GCC_541\Debug\basisDSPproject_labo1_opg2.a(RxDMA_dma.o)
                              .\ARM_GCC_541\Debug\dma.o (RxDMA_DmaInitialize)
.\ARM_GCC_541\Debug\basisDSPproject_labo1_opg2.a(LCD.o)
                              .\ARM_GCC_541\Debug\main.o (LCD_WriteControl)
.\ARM_GCC_541\Debug\basisDSPproject_labo1_opg2.a(TxDMA_dma.o)
                              .\ARM_GCC_541\Debug\dma.o (TxDMA_DmaInitialize)
.\ARM_GCC_541\Debug\basisDSPproject_labo1_opg2.a(CLIP.o)
                              .\ARM_GCC_541\Debug\dma.o (CLIP_Write)
.\ARM_GCC_541\Debug\basisDSPproject_labo1_opg2.a(CyDmac.o)
                              .\ARM_GCC_541\Debug\Cm3Start.o (CyDmacConfigure)
.\ARM_GCC_541\Debug\basisDSPproject_labo1_opg2.a(CyLib.o)
                              .\ARM_GCC_541\Debug\Cm3Start.o (CyResetStatus)
.\ARM_GCC_541\Debug\basisDSPproject_labo1_opg2.a(cyPm.o)
                              .\ARM_GCC_541\Debug\basisDSPproject_labo1_opg2.a(CyLib.o) (CyPmReadStatus)
.\ARM_GCC_541\Debug\basisDSPproject_labo1_opg2.a(LEDs.o)
                              .\ARM_GCC_541\Debug\main.o (LEDs_Write)
.\ARM_GCC_541\Debug\basisDSPproject_labo1_opg2.a(SampleKlaar.o)
                              .\ARM_GCC_541\Debug\main.o (SampleKlaar_StartEx)
.\ARM_GCC_541\Debug\basisDSPproject_labo1_opg2.a(I2C_Codec_control.o)
                              .\ARM_GCC_541\Debug\main.o (I2C_Codec_control_Start)
.\ARM_GCC_541\Debug\basisDSPproject_labo1_opg2.a(I2C_Codec_control_INT.o)
                              .\ARM_GCC_541\Debug\basisDSPproject_labo1_opg2.a(I2C_Codec_control.o) (I2C_Codec_control_ISR)
.\ARM_GCC_541\Debug\basisDSPproject_labo1_opg2.a(I2C_Codec_control_MASTER.o)
                              .\ARM_GCC_541\Debug\basisDSPproject_labo1_opg2.a(I2C_Codec_control.o) (I2C_Codec_control_mstrStatus)
.\ARM_GCC_541\Debug\basisDSPproject_labo1_opg2.a(I2S_Codec_audio.o)
                              .\ARM_GCC_541\Debug\main.o (I2S_Codec_audio_Start)
.\ARM_GCC_541\Debug\basisDSPproject_labo1_opg2.a(I2S_EN.o)
                              .\ARM_GCC_541\Debug\main.o (I2S_EN_Write)
.\ARM_GCC_541\Debug\basisDSPproject_labo1_opg2.a(VOL.o)
                              .\ARM_GCC_541\Debug\main.o (VOL_Start)
.\ARM_GCC_541\Debug\basisDSPproject_labo1_opg2.a(VOL_INT.o)
                              .\ARM_GCC_541\Debug\basisDSPproject_labo1_opg2.a(VOL.o) (VOL_ISR)
.\ARM_GCC_541\Debug\basisDSPproject_labo1_opg2.a(LINE.o)
                              .\ARM_GCC_541\Debug\main.o (LINE_Start)
.\ARM_GCC_541\Debug\basisDSPproject_labo1_opg2.a(LINE_INT.o)
                              .\ARM_GCC_541\Debug\basisDSPproject_labo1_opg2.a(LINE.o) (LINE_ISR)
.\ARM_GCC_541\Debug\basisDSPproject_labo1_opg2.a(VOL_theACLK.o)
                              .\ARM_GCC_541\Debug\basisDSPproject_labo1_opg2.a(VOL.o) (VOL_theACLK_SetModeRegister)
.\ARM_GCC_541\Debug\basisDSPproject_labo1_opg2.a(LINE_theACLK.o)
                              .\ARM_GCC_541\Debug\basisDSPproject_labo1_opg2.a(LINE.o) (LINE_theACLK_SetModeRegister)
.\ARM_GCC_541\Debug\basisDSPproject_labo1_opg2.a(KNOP.o)
                              .\ARM_GCC_541\Debug\main.o (KNOP_Read)
.\ARM_GCC_541\Debug\basisDSPproject_labo1_opg2.a(KNOP_TOGGLE.o)
                              .\ARM_GCC_541\Debug\main.o (KNOP_TOGGLE_Read)
.\ARM_GCC_541\Debug\basisDSPproject_labo1_opg2.a(SampleVraag.o)
                              .\ARM_GCC_541\Debug\main.o (SampleVraag_StartEx)
.\ARM_GCC_541\Debug\basisDSPproject_labo1_opg2.a(CyBootAsmGnu.o)
                              .\ARM_GCC_541\Debug\cyfitter_cfg.o (CyDelayCycles)
.\ARM_GCC_541\Debug\basisDSPproject_labo1_opg2.a(CyFlash.o)
                              .\ARM_GCC_541\Debug\basisDSPproject_labo1_opg2.a(cyPm.o) (CyFlash_SetWaitCycles)
.\ARM_GCC_541\Debug\basisDSPproject_labo1_opg2.a(CySpc.o)
                              .\ARM_GCC_541\Debug\basisDSPproject_labo1_opg2.a(CyFlash.o) (CySpcStart)
c:/program files (x86)/cypress/psoc creator/4.1/psoc creator/import/gnu/arm/5.4.1/bin/../lib/gcc/arm-none-eabi/5.4.1/armv7-m\libgcc.a(_arm_addsubsf3.o)
                              .\ARM_GCC_541\Debug\basisDSPproject_labo1_opg2.a(VOL.o) (__aeabi_i2f)
c:/program files (x86)/cypress/psoc creator/4.1/psoc creator/import/gnu/arm/5.4.1/bin/../lib/gcc/arm-none-eabi/5.4.1/armv7-m\libgcc.a(_arm_muldivsf3.o)
                              .\ARM_GCC_541\Debug\basisDSPproject_labo1_opg2.a(VOL.o) (__aeabi_fmul)
c:/program files (x86)/cypress/psoc creator/4.1/psoc creator/import/gnu/arm/5.4.1/bin/../lib/gcc/arm-none-eabi/5.4.1/armv7-m\libgcc.a(_aeabi_ldivmod.o)
                              .\ARM_GCC_541\Debug\basisDSPproject_labo1_opg2.a(VOL.o) (__aeabi_ldivmod)
c:/program files (x86)/cypress/psoc creator/4.1/psoc creator/import/gnu/arm/5.4.1/bin/../lib/gcc/arm-none-eabi/5.4.1/armv7-m\libgcc.a(_udivmoddi4.o)
[...]
Memory Configuration

Name             Origin             Length             Attributes
rom              0x00000000         0x00040000         xr
ram              0x1fff8000         0x00010000         xrw
*default*        0x00000000         0xffffffff

Linker script and memory map

LOAD c:/program files (x86)/cypress/psoc creator/4.1/psoc creator/import/gnu/arm/5.4.1/bin/../lib/gcc/arm-none-eabi/5.4.1/armv7-m/crti.o
LOAD c:/program files (x86)/cypress/psoc creator/4.1/psoc creator/import/gnu/arm/5.4.1/bin/../lib/gcc/arm-none-eabi/5.4.1/armv7-m/crtbegin.o
LOAD c:/program files (x86)/cypress/psoc creator/4.1/psoc creator/import/gnu/arm/5.4.1/bin/../lib/gcc/arm-none-eabi/5.4.1/../../../../arm-none-eabi/lib/armv7-m/crt0.o
START GROUP
LOAD .\ARM_GCC_541\Debug\main.o
LOAD .\ARM_GCC_541\Debug\dma.o
LOAD .\ARM_GCC_541\Debug\audioCodec.o
LOAD .\ARM_GCC_541\Debug\cyfitter_cfg.o
LOAD .\ARM_GCC_541\Debug\cymetadata.o
LOAD .\ARM_GCC_541\Debug\Cm3Start.o
LOAD .\ARM_GCC_541\Debug\basisDSPproject_labo1_opg2.a
LOAD C:\Program Files (x86)\Cypress\PSoC Creator\4.1\PSoC Creator\psoc\content\cycomponentlibrary\CyComponentLibrary.cylib\CortexM3\ARM_GCC_541\Debug\CyComponentLibrary.a
END GROUP
START GROUP
LOAD c:/program files (x86)/cypress/psoc creator/4.1/psoc creator/import/gnu/arm/5.4.1/bin/../lib/gcc/arm-none-eabi/5.4.1/armv7-m\libgcc.a
LOAD c:/program files (x86)/cypress/psoc creator/4.1/psoc creator/import/gnu/arm/5.4.1/bin/../lib/gcc/arm-none-eabi/5.4.1/../../../../arm-none-eabi/lib/armv7-m\libg_nano.a
LOAD c:/program files (x86)/cypress/psoc creator/4.1/psoc creator/import/gnu/arm/5.4.1/bin/../lib/gcc/arm-none-eabi/5.4.1/../../../../arm-none-eabi/lib/armv7-m\libc_nano.a
END GROUP
START GROUP
LOAD c:/program files (x86)/cypress/psoc creator/4.1/psoc creator/import/gnu/arm/5.4.1/bin/../lib/gcc/arm-none-eabi/5.4.1/armv7-m\libgcc.a
LOAD c:/program files (x86)/cypress/psoc creator/4.1/psoc creator/import/gnu/arm/5.4.1/bin/../lib/gcc/arm-none-eabi/5.4.1/../../../../arm-none-eabi/lib/armv7-m\libc_nano.a
END GROUP
LOAD c:/program files (x86)/cypress/psoc creator/4.1/psoc creator/import/gnu/arm/5.4.1/bin/../lib/gcc/arm-none-eabi/5.4.1/armv7-m/crtend.o
LOAD c:/program files (x86)/cypress/psoc creator/4.1/psoc creator/import/gnu/arm/5.4.1/bin/../lib/gcc/arm-none-eabi/5.4.1/armv7-m/crtn.o
START GROUP
LOAD c:/program files (x86)/cypress/psoc creator/4.1/psoc creator/import/gnu/arm/5.4.1/bin/../lib/gcc/arm-none-eabi/5.4.1/armv7-m\libgcc.a
LOAD c:/program files (x86)/cypress/psoc creator/4.1/psoc creator/import/gnu/arm/5.4.1/bin/../lib/gcc/arm-none-eabi/5.4.1/../../../../arm-none-eabi/lib/armv7-m\libc.a
LOAD c:/program files (x86)/cypress/psoc creator/4.1/psoc creator/import/gnu/arm/5.4.1/bin/../lib/gcc/arm-none-eabi/5.4.1/../../../../arm-none-eabi/lib/armv7-m\libnosys.a
END GROUP
                0x00000000                CY_APPL_ORIGIN = 0x0
                0x00000100                CY_FLASH_ROW_SIZE = 0x100
                0x00000020                CY_ECC_ROW_SIZE = 0x20
                0x00000000                CY_EE_IN_BTLDR = 0x0
                0x00000000                CY_APPL_LOADABLE = 0x0
                0x00000800                CY_EE_SIZE = 0x800
                0x00000001                CY_APPL_NUM = 0x1
                0x00000001                CY_APPL_MAX = 0x1
                0x00000040                CY_METADATA_SIZE = 0x40
                0x00000000                CY_APPL_LOADABLE = 0x0
                0x00000000                CY_CHECKSUM_EXCLUDE_SIZE = ALIGN (0x0, CY_FLASH_ROW_SIZE)
                [!provide]                PROVIDE (__cy_heap_start, _end)
                0x00000001                PROVIDE (__cy_region_num, ((__cy_regions_end - __cy_regions) / 0x10))
                0x20008000                PROVIDE (__cy_stack, (ORIGIN (ram) + LENGTH (ram)))
                [!provide]                PROVIDE (__cy_heap_end, (__cy_stack - 0x800))

.cybootloader   0x00000000        0x0
 *(.cybootloader)
                0x00000000                appl1_start = CY_APPL_ORIGIN?CY_APPL_ORIGIN:ALIGN (CY_FLASH_ROW_SIZE)
                0x0001ff00                appl2_start = (appl1_start + ALIGN ((((LENGTH (rom) - appl1_start) - (0x2 * CY_FLASH_ROW_SIZE)) / 0x2), CY_FLASH_ROW_SIZE))
                0x00000000                appl_start = (CY_APPL_NUM == 0x1)?appl1_start:appl2_start
                0x00000000                ecc_offset = ((appl_start / CY_FLASH_ROW_SIZE) * CY_ECC_ROW_SIZE)
                0x00000000                ee_offset = (CY_APPL_LOADABLE && ! (CY_EE_IN_BTLDR))?((CY_EE_SIZE / CY_APPL_MAX) * (CY_APPL_NUM - 0x1)):0x0
                0x00000800                ee_size = (CY_APPL_LOADABLE && ! (CY_EE_IN_BTLDR))?(CY_EE_SIZE / CY_APPL_MAX):CY_EE_SIZE
                [!provide]                PROVIDE (CY_ECC_OFFSET, ecc_offset)

.text           0x00000000     0x2afa
 CREATE_OBJECT_SYMBOLS
                0x00000000                PROVIDE (__cy_interrupt_vector, RomVectors)
 *(.romvectors)
 .romvectors    0x00000000       0x10 .\ARM_GCC_541\Debug\Cm3Start.o
                0x00000000                RomVectors
                0x00000001                ASSERT ((. != __cy_interrupt_vector), No interrupt vector)
                0x00000001                ASSERT (CY_APPL_ORIGIN?(SIZEOF (.cybootloader) <= CY_APPL_ORIGIN):0x1, Wrong image location)
                0x00000010                PROVIDE (__cy_reset, Reset)
 *(.text.Reset)
 .text.Reset    0x00000010       0x18 .\ARM_GCC_541\Debug\Cm3Start.o
                0x00000010                Reset
                0x00000001                ASSERT ((. != __cy_reset), No reset code)
 *(.dma_init)
 .dma_init      0x00000028      0x298 .\ARM_GCC_541\Debug\cyfitter_cfg.o
                0x00000001                ASSERT ((((appl_start + .) <= 0x10000) || 0x0), DMA Init must be within the first 64k of flash)
 *(.text .text.* .gnu.linkonce.t.*)
 .text          0x000002c0       0x5c c:/program files (x86)/cypress/psoc creator/4.1/psoc creator/import/gnu/arm/5.4.1/bin/../lib/gcc/arm-none-eabi/5.4.1/armv7-m/crtbegin.o
 .text.berekenMetSamples
                0x0000031c       0x88 .\ARM_GCC_541\Debug\main.o
                0x0000031c                berekenMetSamples
 .text.main     0x000003a4      0x28c .\ARM_GCC_541\Debug\main.o
                0x000003a4                main
 .text.sampleIntRx_ISR
                0x00000630       0x78 .\ARM_GCC_541\Debug\dma.o
                0x00000630                sampleIntRx_ISR
 .text.sampleIntTx_ISR
                0x000006a8       0x4c .\ARM_GCC_541\Debug\dma.o
                0x000006a8                sampleIntTx_ISR
 .text.DmaRxConfiguration
                0x000006f4       0x78 .\ARM_GCC_541\Debug\dma.o
                0x000006f4                DmaRxConfiguration
 .text.DmaTxConfiguration
                0x0000076c       0x78 .\ARM_GCC_541\Debug\dma.o
                0x0000076c                DmaTxConfiguration
 .text.sendCodecCommand
                0x000007e4       0x4c .\ARM_GCC_541\Debug\audioCodec.o
                0x000007e4                sendCodecCommand
 .text.initCodec
                0x00000830       0x5c .\ARM_GCC_541\Debug\audioCodec.o
                0x00000830                initCodec
 .text.StelHPvolumeIn
                0x0000088c       0x3c .\ARM_GCC_541\Debug\audioCodec.o
                0x0000088c                StelHPvolumeIn
 .text.StelLineVolumeIn
                0x000008c8       0x3c .\ARM_GCC_541\Debug\audioCodec.o
                0x000008c8                StelLineVolumeIn
 .text._berekenVolumeHP
                0x00000904       0x7c .\ARM_GCC_541\Debug\audioCodec.o
                0x00000904                _berekenVolumeHP
 .text._berekenVolumeLineIn
                0x00000980       0x78 .\ARM_GCC_541\Debug\audioCodec.o
                0x00000980                _berekenVolumeLineIn
 .text.CYMEMZERO
                0x000009f8       0x1c .\ARM_GCC_541\Debug\cyfitter_cfg.o
 .text.CYCONFIGCPY
                0x00000a14       0x20 .\ARM_GCC_541\Debug\cyfitter_cfg.o
 .text.CyClockStartupError
                0x00000a34        0xc .\ARM_GCC_541\Debug\cyfitter_cfg.o
 .text.cfg_dma_init
                0x00000a40      0x180 .\ARM_GCC_541\Debug\cyfitter_cfg.o
 .text.ClockSetup
                0x00000bc0      0x15c .\ARM_GCC_541\Debug\cyfitter_cfg.o
 .text.AnalogSetDefault
                0x00000d1c       0xe4 .\ARM_GCC_541\Debug\cyfitter_cfg.o
 .text.cyfitter_cfg
                0x00000e00      0x120 .\ARM_GCC_541\Debug\cyfitter_cfg.o
                0x00000e00                cyfitter_cfg
 .text.IntDefaultHandler
                0x00000f20       0x14 .\ARM_GCC_541\Debug\Cm3Start.o
                0x00000f20                IntDefaultHandler
 .text.Start_c  0x00000f34       0x98 .\ARM_GCC_541\Debug\Cm3Start.o
                0x00000f34                Start_c
 .text.initialize_psoc
                0x00000fcc       0x94 .\ARM_GCC_541\Debug\Cm3Start.o
                0x00000fcc                initialize_psoc
 .text.RxDMA_DmaInitialize
                0x00001060       0x64 .\ARM_GCC_541\Debug\basisDSPproject_labo1_opg2.a(RxDMA_dma.o)
                0x00001060                RxDMA_DmaInitialize
 .text.LCD_Init
                0x000010c4       0x70 .\ARM_GCC_541\Debug\basisDSPproject_labo1_opg2.a(LCD.o)
                0x000010c4                LCD_Init
 .text.LCD_Enable
                0x00001134       0x18 .\ARM_GCC_541\Debug\basisDSPproject_labo1_opg2.a(LCD.o)
                0x00001134                LCD_Enable
 .text.LCD_Start
                0x0000114c       0x24 .\ARM_GCC_541\Debug\basisDSPproject_labo1_opg2.a(LCD.o)
                0x0000114c                LCD_Start
 .text.LCD_Position
                0x00001170       0x70 .\ARM_GCC_541\Debug\basisDSPproject_labo1_opg2.a(LCD.o)
                0x00001170                LCD_Position
 .text.LCD_PrintString
                0x000011e0       0x3c .\ARM_GCC_541\Debug\basisDSPproject_labo1_opg2.a(LCD.o)
                0x000011e0                LCD_PrintString
 .text.LCD_PutChar
                0x0000121c       0x1c .\ARM_GCC_541\Debug\basisDSPproject_labo1_opg2.a(LCD.o)
                0x0000121c                LCD_PutChar
 .text.LCD_WriteData
                0x00001238       0x34 .\ARM_GCC_541\Debug\basisDSPproject_labo1_opg2.a(LCD.o)
                0x00001238                LCD_WriteData
 .text.LCD_WriteControl
                0x0000126c       0x34 .\ARM_GCC_541\Debug\basisDSPproject_labo1_opg2.a(LCD.o)
                0x0000126c                LCD_WriteControl
 .text.LCD_IsReady
                0x000012a0      0x178 .\ARM_GCC_541\Debug\basisDSPproject_labo1_opg2.a(LCD.o)
                0x000012a0                LCD_IsReady
 .text.LCD_WrDatNib
                0x00001418       0x78 .\ARM_GCC_541\Debug\basisDSPproject_labo1_opg2.a(LCD.o)
 .text.LCD_WrCntrlNib
                0x00001490       0x64 .\ARM_GCC_541\Debug\basisDSPproject_labo1_opg2.a(LCD.o)
 .text.LCD_PrintU32Number
                0x000014f4       0xa4 .\ARM_GCC_541\Debug\basisDSPproject_labo1_opg2.a(LCD.o)
                0x000014f4                LCD_PrintU32Number
 .text.TxDMA_DmaInitialize
                0x00001598       0x64 .\ARM_GCC_541\Debug\basisDSPproject_labo1_opg2.a(TxDMA_dma.o)
                0x00001598                TxDMA_DmaInitialize
 .text.CLIP_Write
                0x000015fc       0x20 .\ARM_GCC_541\Debug\basisDSPproject_labo1_opg2.a(CLIP.o)
                0x000015fc                CLIP_Write
 .text.CLIP_Read
                0x0000161c       0x18 .\ARM_GCC_541\Debug\basisDSPproject_labo1_opg2.a(CLIP.o)
                0x0000161c                CLIP_Read
 .text.CyDmacConfigure
                0x00001634       0x5c .\ARM_GCC_541\Debug\basisDSPproject_labo1_opg2.a(CyDmac.o)
                0x00001634                CyDmacConfigure
 .text.CyDmaChEnable
                0x00001690       0x8c .\ARM_GCC_541\Debug\basisDSPproject_labo1_opg2.a(CyDmac.o)
                0x00001690                CyDmaChEnable
 .text.CyDmaChPriority
                0x0000171c       0x64 .\ARM_GCC_541\Debug\basisDSPproject_labo1_opg2.a(CyDmac.o)
                0x0000171c                CyDmaChPriority
 .text.CyDmaChSetExtendedAddress
                0x00001780       0x78 .\ARM_GCC_541\Debug\basisDSPproject_labo1_opg2.a(CyDmac.o)
                0x00001780                CyDmaChSetExtendedAddress
 .text.CyDmaChSetInitialTd
                0x000017f8       0x3c .\ARM_GCC_541\Debug\basisDSPproject_labo1_opg2.a(CyDmac.o)
                0x000017f8                CyDmaChSetInitialTd
 .text.CyDmaChSetConfiguration
                0x00001834       0xa0 .\ARM_GCC_541\Debug\basisDSPproject_labo1_opg2.a(CyDmac.o)
                0x00001834                CyDmaChSetConfiguration
 .text.CyDmaTdAllocate
                0x000018d4       0x5c .\ARM_GCC_541\Debug\basisDSPproject_labo1_opg2.a(CyDmac.o)
                0x000018d4                CyDmaTdAllocate
 .text.CyDmaTdSetConfiguration
                0x00001930       0x80 .\ARM_GCC_541\Debug\basisDSPproject_labo1_opg2.a(CyDmac.o)
                0x00001930                CyDmaTdSetConfiguration
 .text.CyDmaTdSetAddress
                0x000019b0       0x5c .\ARM_GCC_541\Debug\basisDSPproject_labo1_opg2.a(CyDmac.o)
                0x000019b0                CyDmaTdSetAddress
 .text.CyHalt   0x00001a0c       0x18 .\ARM_GCC_541\Debug\basisDSPproject_labo1_opg2.a(CyLib.o)
                0x00001a0c                CyHalt
 .text.CyDelay  0x00001a24       0x44 .\ARM_GCC_541\Debug\basisDSPproject_labo1_opg2.a(CyLib.o)
                0x00001a24                CyDelay
 .text.CyDelayUs
                0x00001a68       0x28 .\ARM_GCC_541\Debug\basisDSPproject_labo1_opg2.a(CyLib.o)
                0x00001a68                CyDelayUs
 .text.CyIntSetVector
                0x00001a90       0x50 .\ARM_GCC_541\Debug\basisDSPproject_labo1_opg2.a(CyLib.o)
                0x00001a90                CyIntSetVector
 .text.CyIntSetPriority
                0x00001ae0       0x48 .\ARM_GCC_541\Debug\basisDSPproject_labo1_opg2.a(CyLib.o)
                0x00001ae0                CyIntSetPriority
 .text.LEDs_Write
                0x00001b28       0x20 .\ARM_GCC_541\Debug\basisDSPproject_labo1_opg2.a(LEDs.o)
                0x00001b28                LEDs_Write
 .text.SampleKlaar_StartEx
                0x00001b48       0x24 .\ARM_GCC_541\Debug\basisDSPproject_labo1_opg2.a(SampleKlaar.o)
                0x00001b48                SampleKlaar_StartEx
 .text.SampleKlaar_SetVector
                0x00001b6c       0x24 .\ARM_GCC_541\Debug\basisDSPproject_labo1_opg2.a(SampleKlaar.o)
                0x00001b6c                SampleKlaar_SetVector
 .text.SampleKlaar_SetPriority
                0x00001b90       0x24 .\ARM_GCC_541\Debug\basisDSPproject_labo1_opg2.a(SampleKlaar.o)
                0x00001b90                SampleKlaar_SetPriority
 .text.SampleKlaar_Enable
                0x00001bb4       0x18 .\ARM_GCC_541\Debug\basisDSPproject_labo1_opg2.a(SampleKlaar.o)
                0x00001bb4                SampleKlaar_Enable
 .text.SampleKlaar_Disable
                0x00001bcc       0x18 .\ARM_GCC_541\Debug\basisDSPproject_labo1_opg2.a(SampleKlaar.o)
                0x00001bcc                SampleKlaar_Disable
 .text.I2C_Codec_control_Init
                0x00001be4       0xa0 .\ARM_GCC_541\Debug\basisDSPproject_labo1_opg2.a(I2C_Codec_control.o)
                0x00001be4                I2C_Codec_control_Init
 .text.I2C_Codec_control_Enable
                0x00001c84       0x20 .\ARM_GCC_541\Debug\basisDSPproject_labo1_opg2.a(I2C_Codec_control.o)
                0x00001c84                I2C_Codec_control_Enable
 .text.I2C_Codec_control_Start
                0x00001ca4       0x2c .\ARM_GCC_541\Debug\basisDSPproject_labo1_opg2.a(I2C_Codec_control.o)
                0x00001ca4                I2C_Codec_control_Start
 .text.I2C_Codec_control_ISR
                0x00001cd0      0x408 .\ARM_GCC_541\Debug\basisDSPproject_labo1_opg2.a(I2C_Codec_control_INT.o)
                0x00001cd0                I2C_Codec_control_ISR
 .text.I2C_Codec_control_MasterWriteBuf
                0x000020d8      0x120 .\ARM_GCC_541\Debug\basisDSPproject_labo1_opg2.a(I2C_Codec_control_MASTER.o)
                0x000020d8                I2C_Codec_control_MasterWriteBuf
 .text.I2C_Codec_control_MasterStatus
                0x000021f8       0x4c .\ARM_GCC_541\Debug\basisDSPproject_labo1_opg2.a(I2C_Codec_control_MASTER.o)
                0x000021f8                I2C_Codec_control_MasterStatus
 .text.I2C_Codec_control_MasterClearStatus
                0x00002244       0x38 .\ARM_GCC_541\Debug\basisDSPproject_labo1_opg2.a(I2C_Codec_control_MASTER.o)
                0x00002244                I2C_Codec_control_MasterClearStatus
 .text.I2S_Codec_audio_Enable
                0x0000227c       0x48 .\ARM_GCC_541\Debug\basisDSPproject_labo1_opg2.a(I2S_Codec_audio.o)
                0x0000227c                I2S_Codec_audio_Enable
 .text.I2S_Codec_audio_Init
                0x000022c4       0x48 .\ARM_GCC_541\Debug\basisDSPproject_labo1_opg2.a(I2S_Codec_audio.o)
                0x000022c4                I2S_Codec_audio_Init
 .text.I2S_Codec_audio_Start
                0x0000230c       0x24 .\ARM_GCC_541\Debug\basisDSPproject_labo1_opg2.a(I2S_Codec_audio.o)
                0x0000230c                I2S_Codec_audio_Start
 .text.I2S_Codec_audio_EnableTx
                0x00002330       0x48 .\ARM_GCC_541\Debug\basisDSPproject_labo1_opg2.a(I2S_Codec_audio.o)
                0x00002330                I2S_Codec_audio_EnableTx
 .text.I2S_Codec_audio_EnableRx
                0x00002378       0x48 .\ARM_GCC_541\Debug\basisDSPproject_labo1_opg2.a(I2S_Codec_audio.o)
                0x00002378                I2S_Codec_audio_EnableRx
 .text.I2S_EN_Write
                0x000023c0       0x20 .\ARM_GCC_541\Debug\basisDSPproject_labo1_opg2.a(I2S_EN.o)
                0x000023c0                I2S_EN_Write
 .text.VOL_Start
                0x000023e0       0x24 .\ARM_GCC_541\Debug\basisDSPproject_labo1_opg2.a(VOL.o)
                0x000023e0                VOL_Start
 .text.VOL_Init
                0x00002404       0x48 .\ARM_GCC_541\Debug\basisDSPproject_labo1_opg2.a(VOL.o)
                0x00002404                VOL_Init
 .text.VOL_Enable
                0x0000244c       0xf4 .\ARM_GCC_541\Debug\basisDSPproject_labo1_opg2.a(VOL.o)
                0x0000244c                VOL_Enable
 .text.VOL_SetResolution
                0x00002540       0x54 .\ARM_GCC_541\Debug\basisDSPproject_labo1_opg2.a(VOL.o)
                0x00002540                VOL_SetResolution
 .text.VOL_StartConvert
                0x00002594       0x20 .\ARM_GCC_541\Debug\basisDSPproject_labo1_opg2.a(VOL.o)
                0x00002594                VOL_StartConvert
 .text.VOL_GetResult8
                0x000025b4       0x28 .\ARM_GCC_541\Debug\basisDSPproject_labo1_opg2.a(VOL.o)
                0x000025b4                VOL_GetResult8
 .text.VOL_CalcGain
                0x000025dc       0x80 .\ARM_GCC_541\Debug\basisDSPproject_labo1_opg2.a(VOL.o)
 .text.VOL_ISR  0x0000265c        0xc .\ARM_GCC_541\Debug\basisDSPproject_labo1_opg2.a(VOL_INT.o)
                0x0000265c                VOL_ISR
 .text.LINE_Start
                0x00002668       0x24 .\ARM_GCC_541\Debug\basisDSPproject_labo1_opg2.a(LINE.o)
                0x00002668                LINE_Start
 .text.LINE_Init
                0x0000268c       0x48 .\ARM_GCC_541\Debug\basisDSPproject_labo1_opg2.a(LINE.o)
                0x0000268c                LINE_Init
 .text.LINE_Enable
                0x000026d4       0xf4 .\ARM_GCC_541\Debug\basisDSPproject_labo1_opg2.a(LINE.o)
                0x000026d4                LINE_Enable
 .text.LINE_SetResolution
                0x000027c8       0x54 .\ARM_GCC_541\Debug\basisDSPproject_labo1_opg2.a(LINE.o)
                0x000027c8                LINE_SetResolution
 .text.LINE_StartConvert
                0x0000281c       0x20 .\ARM_GCC_541\Debug\basisDSPproject_labo1_opg2.a(LINE.o)
                0x0000281c                LINE_StartConvert
 .text.LINE_GetResult8
                0x0000283c       0x28 .\ARM_GCC_541\Debug\basisDSPproject_labo1_opg2.a(LINE.o)
                0x0000283c                LINE_GetResult8
 .text.LINE_CalcGain
                0x00002864       0x80 .\ARM_GCC_541\Debug\basisDSPproject_labo1_opg2.a(LINE.o)
 .text.LINE_ISR
                0x000028e4        0xc .\ARM_GCC_541\Debug\basisDSPproject_labo1_opg2.a(LINE_INT.o)
                0x000028e4                LINE_ISR
 .text.VOL_theACLK_SetModeRegister
                0x000028f0       0x34 .\ARM_GCC_541\Debug\basisDSPproject_labo1_opg2.a(VOL_theACLK.o)
                0x000028f0                VOL_theACLK_SetModeRegister
 .text.LINE_theACLK_SetModeRegister
                0x00002924       0x34 .\ARM_GCC_541\Debug\basisDSPproject_labo1_opg2.a(LINE_theACLK.o)
                0x00002924                LINE_theACLK_SetModeRegister
 .text.KNOP_Read
                0x00002958       0x18 .\ARM_GCC_541\Debug\basisDSPproject_labo1_opg2.a(KNOP.o)
                0x00002958                KNOP_Read
 .text.KNOP_TOGGLE_Read
                0x00002970       0x18 .\ARM_GCC_541\Debug\basisDSPproject_labo1_opg2.a(KNOP_TOGGLE.o)
                0x00002970                KNOP_TOGGLE_Read
 .text.SampleVraag_StartEx
                0x00002988       0x24 .\ARM_GCC_541\Debug\basisDSPproject_labo1_opg2.a(SampleVraag.o)
                0x00002988                SampleVraag_StartEx
 .text.SampleVraag_SetVector
                0x000029ac       0x24 .\ARM_GCC_541\Debug\basisDSPproject_labo1_opg2.a(SampleVraag.o)
                0x000029ac                SampleVraag_SetVector
 .text.SampleVraag_SetPriority
                0x000029d0       0x24 .\ARM_GCC_541\Debug\basisDSPproject_labo1_opg2.a(SampleVraag.o)
                0x000029d0                SampleVraag_SetPriority
 .text.SampleVraag_Enable
                0x000029f4       0x18 .\ARM_GCC_541\Debug\basisDSPproject_labo1_opg2.a(SampleVraag.o)
                0x000029f4                SampleVraag_Enable
 .text.SampleVraag_Disable
                0x00002a0c       0x18 .\ARM_GCC_541\Debug\basisDSPproject_labo1_opg2.a(SampleVraag.o)
                0x00002a0c                SampleVraag_Disable
 *fill*         0x00002a24        0x4 
 .text          0x00002a28       0x54 .\ARM_GCC_541\Debug\basisDSPproject_labo1_opg2.a(CyBootAsmGnu.o)
                0x00002a28                CyDelayCycles
                0x00002a66                CyEnterCriticalSection
                0x00002a6e                CyExitCriticalSection
 .text.__errno  0x00002a7c        0xc c:/program files (x86)/cypress/psoc creator/4.1/psoc creator/import/gnu/arm/5.4.1/bin/../lib/gcc/arm-none-eabi/5.4.1/../../../../arm-none-eabi/lib/armv7-m\libg_nano.a(lib_a-errno.o)
                0x00002a7c                __errno
 .text.__libc_init_array
                0x00002a88       0x4c c:/program files (x86)/cypress/psoc creator/4.1/psoc creator/import/gnu/arm/5.4.1/bin/../lib/gcc/arm-none-eabi/5.4.1/../../../../arm-none-eabi/lib/armv7-m\libg_nano.a(lib_a-init.o)
                0x00002a88                __libc_init_array
 .text.memcpy   0x00002ad4       0x16 c:/program files (x86)/cypress/psoc creator/4.1/psoc creator/import/gnu/arm/5.4.1/bin/../lib/gcc/arm-none-eabi/5.4.1/../../../../arm-none-eabi/lib/armv7-m\libg_nano.a(lib_a-memcpy-stub.o)
                0x00002ad4                memcpy
 .text.memset   0x00002aea       0x10 c:/program files (x86)/cypress/psoc creator/4.1/psoc creator/import/gnu/arm/5.4.1/bin/../lib/gcc/arm-none-eabi/5.4.1/../../../../arm-none-eabi/lib/armv7-m\libg_nano.a(lib_a-memset.o)
                0x00002aea                memset
 *(.plt)
 *(.gnu.warning)
 *(.glue_7t)
 .glue_7t       0x00002afa        0x0 linker stubs
 *(.glue_7)
 .glue_7        0x00002afa        0x0 linker stubs
 *(.vfp11_veneer)
 .vfp11_veneer  0x00002afa        0x0 linker stubs
 *(.bootloader)
 *(.ARM.extab* .gnu.linkonce.armextab.*)
 *(.gcc_except_table)

.v4_bx          0x00002afc        0x0
 .v4_bx         0x00002afc        0x0 linker stubs

.iplt           0x00002afc        0x0
 .iplt          0x00002afc        0x0 c:/program files (x86)/cypress/psoc creator/4.1/psoc creator/import/gnu/arm/5.4.1/bin/../lib/gcc/arm-none-eabi/5.4.1/armv7-m/crtbegin.o

.eh_frame_hdr
 *(.eh_frame_hdr)

.eh_frame       0x00002afc        0x4
 *(.eh_frame)
 .eh_frame      0x00002afc        0x0 c:/program files (x86)/cypress/psoc creator/4.1/psoc creator/import/gnu/arm/5.4.1/bin/../lib/gcc/arm-none-eabi/5.4.1/armv7-m/crtbegin.o
 .eh_frame      0x00002afc        0x4 c:/program files (x86)/cypress/psoc creator/4.1/psoc creator/import/gnu/arm/5.4.1/bin/../lib/gcc/arm-none-eabi/5.4.1/armv7-m/crtend.o
                [!provide]                PROVIDE (__exidx_start, .)

.ARM.exidx
 *(.ARM.exidx* .gnu.linkonce.armexidx.*)
                0x00002b00                __exidx_end = .

.rodata         0x00002b00      0x1e8
 *(.rodata .rodata.* .gnu.linkonce.r.*)
 .rodata        0x00002b00       0x5e .\ARM_GCC_541\Debug\main.o
 *fill*         0x00002b5e        0x2 
 .rodata        0x00002b60       0x16 .\ARM_GCC_541\Debug\audioCodec.o
                0x00002b60                CodecInitData
 *fill*         0x00002b76        0x2 
 .rodata        0x00002b78      0x138 .\ARM_GCC_541\Debug\cyfitter_cfg.o
 .rodata.str1.1
                0x00002cb0        0x2 c:/program files (x86)/cypress/psoc creator/4.1/psoc creator/import/gnu/arm/5.4.1/bin/../lib/gcc/arm-none-eabi/5.4.1/../../../../arm-none-eabi/lib/armv7-m\libg_nano.a(lib_a-impure.o)
                0x00002cb4                . = ALIGN (0x4)
 *fill*         0x00002cb2        0x2 
 *(.init)
 .init          0x00002cb4        0x4 c:/program files (x86)/cypress/psoc creator/4.1/psoc creator/import/gnu/arm/5.4.1/bin/../lib/gcc/arm-none-eabi/5.4.1/armv7-m/crti.o
                0x00002cb4                _init
 .init          0x00002cb8        0x8 c:/program files (x86)/cypress/psoc creator/4.1/psoc creator/import/gnu/arm/5.4.1/bin/../lib/gcc/arm-none-eabi/5.4.1/armv7-m/crtn.o
                0x00002cc0                . = ALIGN (0x4)
                0x00002cc0                __preinit_array_start = .
 *(.preinit_array)
                0x00002cc0                __preinit_array_end = .
                0x00002cc0                . = ALIGN (0x4)
                0x00002cc0                __init_array_start = .
 *(SORT(.init_array.*))
 *(.init_array)
 .init_array    0x00002cc0        0x4 c:/program files (x86)/cypress/psoc creator/4.1/psoc creator/import/gnu/arm/5.4.1/bin/../lib/gcc/arm-none-eabi/5.4.1/armv7-m/crtbegin.o
 .init_array    0x00002cc4        0x4 .\ARM_GCC_541\Debug\Cm3Start.o
                0x00002cc8                __init_array_end = .
                0x00002cc8                . = ALIGN (0x4)
 *(.fini)
 .fini          0x00002cc8        0x4 c:/program files (x86)/cypress/psoc creator/4.1/psoc creator/import/gnu/arm/5.4.1/bin/../lib/gcc/arm-none-eabi/5.4.1/armv7-m/crti.o
                0x00002cc8                _fini
 .fini          0x00002ccc        0x8 c:/program files (x86)/cypress/psoc creator/4.1/psoc creator/import/gnu/arm/5.4.1/bin/../lib/gcc/arm-none-eabi/5.4.1/armv7-m/crtn.o
                0x00002cd4                . = ALIGN (0x4)
                0x00002cd4                __fini_array_start = .
 *(.fini_array)
 .fini_array    0x00002cd4        0x4 c:/program files (x86)/cypress/psoc creator/4.1/psoc creator/import/gnu/arm/5.4.1/bin/../lib/gcc/arm-none-eabi/5.4.1/armv7-m/crtbegin.o
 *(SORT(.fini_array.*))
                0x00002cd8                __fini_array_end = .
                0x00002cd8                . = ALIGN (0x4)
 *crtbegin.o(.ctors)
 *(EXCLUDE_FILE(*crtend.o) .ctors)
 *(SORT(.ctors.*))
 *crtend.o(.ctors)
                0x00002cd8                . = ALIGN (0x4)
 *crtbegin.o(.dtors)
 *(EXCLUDE_FILE(*crtend.o) .dtors)
 *(SORT(.dtors.*))
 *crtend.o(.dtors)
                0x00002cd8                . = ALIGN (0x4)
                0x00002cd8                __cy_regions = .
                0x00002cd8        0x4 LONG 0x2ce8 __cy_region_init_ram
                0x00002cdc        0x4 LONG 0x1fff80c8 __cy_region_start_data
                0x00002ce0        0x4 LONG 0x88 __cy_region_init_size_ram
                0x00002ce4        0x4 LONG 0x98 __cy_region_zero_size_ram
                0x00002ce8                __cy_regions_end = .
                0x00002ce8                . = ALIGN (0x8)
                0x00002ce8                _etext = .

.cy_checksum_exclude
                0x00002ce8        0x0
 *(.cy_checksum_exclude)

.ramvectors     0x1fff8000       0xc0
                0x1fff8000                __cy_region_start_ram = .
 *(.ramvectors)
 .ramvectors    0x1fff8000       0xc0 .\ARM_GCC_541\Debug\Cm3Start.o
                0x1fff8000                CyRamVectors

.noinit         0x1fff80c0        0x5
 *(.noinit)
 .noinit        0x1fff80c0        0x4 .\ARM_GCC_541\Debug\Cm3Start.o
 .noinit        0x1fff80c4        0x1 .\ARM_GCC_541\Debug\basisDSPproject_labo1_opg2.a(CyLib.o)
                0x1fff80c4                CyResetStatus

.data           0x1fff80c8       0x88 load address 0x00002ce8
                0x1fff80c8                __cy_region_start_data = .
 *(.jcr)
 .jcr           0x1fff80c8        0x0 c:/program files (x86)/cypress/psoc creator/4.1/psoc creator/import/gnu/arm/5.4.1/bin/../lib/gcc/arm-none-eabi/5.4.1/armv7-m/crtbegin.o
 .jcr           0x1fff80c8        0x4 c:/program files (x86)/cypress/psoc creator/4.1/psoc creator/import/gnu/arm/5.4.1/bin/../lib/gcc/arm-none-eabi/5.4.1/armv7-m/crtend.o
 *(.got.plt)
 *(.got)
 *(.shdata)
 *(.data .data.* .gnu.linkonce.d.*)
 .data          0x1fff80cc        0x1 .\ARM_GCC_541\Debug\main.o
                0x1fff80cc                ClipIndicator
 *fill*         0x1fff80cd        0x1 
 .data          0x1fff80ce        0x4 .\ARM_GCC_541\Debug\audioCodec.o
 .data          0x1fff80d2        0x1 .\ARM_GCC_541\Debug\basisDSPproject_labo1_opg2.a(RxDMA_dma.o)
                0x1fff80d2                RxDMA_DmaHandle
 .data          0x1fff80d3        0x1 .\ARM_GCC_541\Debug\basisDSPproject_labo1_opg2.a(TxDMA_dma.o)
                0x1fff80d3                TxDMA_DmaHandle
 .data          0x1fff80d4        0x8 .\ARM_GCC_541\Debug\basisDSPproject_labo1_opg2.a(CyDmac.o)
 .data          0x1fff80dc       0x10 .\ARM_GCC_541\Debug\basisDSPproject_labo1_opg2.a(CyLib.o)
                0x1fff80dc                cydelay_freq_hz
                0x1fff80e0                cydelay_freq_khz
                0x1fff80e4                cydelay_freq_mhz
                0x1fff80e8                cydelay_32k_ms
 .data.impure_data
                0x1fff80ec       0x60 c:/program files (x86)/cypress/psoc creator/4.1/psoc creator/import/gnu/arm/5.4.1/bin/../lib/gcc/arm-none-eabi/5.4.1/../../../../arm-none-eabi/lib/armv7-m\libg_nano.a(lib_a-impure.o)
 .data._impure_ptr
                0x1fff814c        0x4 c:/program files (x86)/cypress/psoc creator/4.1/psoc creator/import/gnu/arm/5.4.1/bin/../lib/gcc/arm-none-eabi/5.4.1/../../../../arm-none-eabi/lib/armv7-m\libg_nano.a(lib_a-impure.o)
                0x1fff814c                _impure_ptr
                0x1fff8150                . = ALIGN (0x8)
 *(.ram)
                0x1fff8150                _edata = .

.igot.plt       0x1fff8150        0x0 load address 0x00002d70
 .igot.plt      0x1fff8150        0x0 c:/program files (x86)/cypress/psoc creator/4.1/psoc creator/import/gnu/arm/5.4.1/bin/../lib/gcc/arm-none-eabi/5.4.1/armv7-m/crtbegin.o

.bss            0x1fff8150       0x98 load address 0x00002d70
                0x1fff8150                PROVIDE (__bss_start__, .)
 *(.shbss)
 *(.bss .bss.* .gnu.linkonce.b.*)
 .bss           0x1fff8150       0x1c c:/program files (x86)/cypress/psoc creator/4.1/psoc creator/import/gnu/arm/5.4.1/bin/../lib/gcc/arm-none-eabi/5.4.1/armv7-m/crtbegin.o
 .bss           0x1fff816c        0x9 .\ARM_GCC_541\Debug\dma.o
 *fill*         0x1fff8175        0x1 
 .bss           0x1fff8176        0x6 .\ARM_GCC_541\Debug\audioCodec.o
 *fill*         0x1fff817c        0x4 
 .bss           0x1fff8180        0x4 .\ARM_GCC_541\Debug\cyfitter_cfg.o
 .bss           0x1fff8184        0x2 .\ARM_GCC_541\Debug\basisDSPproject_labo1_opg2.a(LCD.o)
                0x1fff8184                LCD_enableState
                0x1fff8185                LCD_initVar
 .bss           0x1fff8186        0x1 .\ARM_GCC_541\Debug\basisDSPproject_labo1_opg2.a(I2C_Codec_control.o)
                0x1fff8186                I2C_Codec_control_initVar
 .bss           0x1fff8187        0x1 .\ARM_GCC_541\Debug\basisDSPproject_labo1_opg2.a(I2S_Codec_audio.o)
                0x1fff8187                I2S_Codec_audio_initVar
 .bss           0x1fff8188        0x1 .\ARM_GCC_541\Debug\basisDSPproject_labo1_opg2.a(VOL.o)
                0x1fff8188                VOL_initVar
 .bss           0x1fff8189        0x1 .\ARM_GCC_541\Debug\basisDSPproject_labo1_opg2.a(LINE.o)
                0x1fff8189                LINE_initVar
 *(COMMON)
 *fill*         0x1fff818a        0x2 
 COMMON         0x1fff818c       0x28 .\ARM_GCC_541\Debug\main.o
                0x1fff818c                maxR
                0x1fff8190                sampleIn
                0x1fff8194                LineVolume
                0x1fff8198                txBuff
                0x1fff819c                sampleUit
                0x1fff81a0                HPvolume
                0x1fff81a4                rxBuff
                0x1fff81a8                displayVolume
                0x1fff81ac                maxL
                0x1fff81b0                cyclusTel
 COMMON         0x1fff81b4        0x1 .\ARM_GCC_541\Debug\basisDSPproject_labo1_opg2.a(I2C_Codec_control.o)
                0x1fff81b4                I2C_Codec_control_state
 *fill*         0x1fff81b5        0x3 
 COMMON         0x1fff81b8       0x14 .\ARM_GCC_541\Debug\basisDSPproject_labo1_opg2.a(I2C_Codec_control_MASTER.o)
                0x1fff81b8                I2C_Codec_control_mstrStatus
                0x1fff81bc                I2C_Codec_control_mstrRdBufPtr
                0x1fff81c0                I2C_Codec_control_mstrRdBufSize
                0x1fff81c1                I2C_Codec_control_mstrWrBufSize
                0x1fff81c2                I2C_Codec_control_mstrControl
                0x1fff81c3                I2C_Codec_control_mstrWrBufIndex
                0x1fff81c4                I2C_Codec_control_mstrRdBufIndex
                0x1fff81c8                I2C_Codec_control_mstrWrBufPtr
 COMMON         0x1fff81cc        0xc .\ARM_GCC_541\Debug\basisDSPproject_labo1_opg2.a(VOL.o)
                0x1fff81cc                VOL_shift
                0x1fff81ce                VOL_countsPerVolt
                0x1fff81d0                VOL_offset
                0x1fff81d4                VOL_countsPer10Volt
 COMMON         0x1fff81d8        0xa .\ARM_GCC_541\Debug\basisDSPproject_labo1_opg2.a(LINE.o)
                0x1fff81d8                LINE_countsPer10Volt
                0x1fff81dc                LINE_offset
                0x1fff81de                LINE_countsPerVolt
                0x1fff81e0                LINE_shift
                0x1fff81e8                . = ALIGN (0x8)
 *fill*         0x1fff81e2        0x6 
 *(.ram.b)
                0x1fff81e8                _end = .
                0x1fff81e8                __end = .
                0x1fff81e8                PROVIDE (end, .)
                0x1fff81e8                PROVIDE (__bss_end__, .)
                0x00002ce8                __cy_region_init_ram = LOADADDR (.data)
                0x00000088                __cy_region_init_size_ram = (_edata - ADDR (.data))
                0x00000098                __cy_region_zero_size_ram = (_end - _edata)

.heap           0x1fff81e8       0x80 load address 0x00002d70
                0x1fff81e8                . = _end
                0x1fff8268                . = (. + 0x80)
 *fill*         0x1fff81e8       0x80 
                0x1fff8268                __cy_heap_limit = .

.stack          0x20007800      0x800
                0x20007800                __cy_stack_limit = .
                0x20008000                . = (. + 0x800)
 *fill*         0x20007800      0x800 
                0x00000001                ASSERT ((__cy_stack_limit >= __cy_heap_limit), region RAM overflowed with stack)
                0x00000000                cy_checksum_exclude_size = (CY_APPL_LOADABLE == 0x1)?SIZEOF (.cy_checksum_exclude):0x0
                0x00000001                ASSERT ((cy_checksum_exclude_size <= CY_CHECKSUM_EXCLUDE_SIZE), CY_BOOT: Section .cy_checksum_exclude size exceedes specified limit.)

.cyloadermeta
 *(.cyloadermeta)

.cyloadablemeta
 *(.cyloadablemeta)

.cyconfigecc    0x80000000     0x1ae8
 *(.cyconfigecc)
 .cyconfigecc   0x80000000     0x1ae8 .\ARM_GCC_541\Debug\cymetadata.o
                0x80000000                cy_meta_configecc

.cycustnvl      0x90000000        0x4
 *(.cycustnvl)
 .cycustnvl     0x90000000        0x4 .\ARM_GCC_541\Debug\cymetadata.o
                0x90000000                cy_meta_custnvl

.cywolatch      0x90100000        0x4
 *(.cywolatch)
 .cywolatch     0x90100000        0x4 .\ARM_GCC_541\Debug\cymetadata.o
                0x90100000                cy_meta_wonvl

.cyeeprom       0x90200000        0x0
 *(.cyeeprom)
                0x00000001                ASSERT ((. <= ((0x90200000 + ee_offset) + ee_size)), .cyeeprom data will not fit in EEPROM)

.cyflashprotect
                0x90400000      0x100
 *(.cyflashprotect)
 .cyflashprotect
                0x90400000      0x100 .\ARM_GCC_541\Debug\cymetadata.o
                0x90400000                cy_meta_flashprotect

.cymeta         0x90500000        0xc
 *(.cymeta)
 .cymeta        0x90500000        0xc .\ARM_GCC_541\Debug\cymetadata.o
                0x90500000                cy_metadata

.rel.dyn        0x00002d70        0x0 load address 0x9050000c
 .rel.iplt      0x00002d70        0x0 c:/program files (x86)/cypress/psoc creator/4.1/psoc creator/import/gnu/arm/5.4.1/bin/../lib/gcc/arm-none-eabi/5.4.1/armv7-m/crtbegin.o

.stab
 *(.stab)

.stabstr
 *(.stabstr)

.debug
 *(.debug)

.line
 *(.line)

.debug_srcinfo
 *(.debug_srcinfo)

.debug_sfnames
 *(.debug_sfnames)

.debug_aranges  0x00000000      0xd48
 *(.debug_aranges)
 .debug_aranges
                0x00000000       0x28 .\ARM_GCC_541\Debug\main.o
 .debug_aranges
                0x00000028       0x38 .\ARM_GCC_541\Debug\dma.o
 .debug_aranges
                0x00000060       0x50 .\ARM_GCC_541\Debug\audioCodec.o
 .debug_aranges
                0x000000b0       0x60 .\ARM_GCC_541\Debug\cyfitter_cfg.o
 .debug_aranges
                0x00000110       0x18 .\ARM_GCC_541\Debug\cymetadata.o
 .debug_aranges
                0x00000128       0x48 .\ARM_GCC_541\Debug\Cm3Start.o
 .debug_aranges
                0x00000170       0x28 .\ARM_GCC_541\Debug\basisDSPproject_labo1_opg2.a(RxDMA_dma.o)
 .debug_aranges
                0x00000198       0x98 .\ARM_GCC_541\Debug\basisDSPproject_labo1_opg2.a(LCD.o)
 .debug_aranges
                0x00000230       0x28 .\ARM_GCC_541\Debug\basisDSPproject_labo1_opg2.a(TxDMA_dma.o)
 .debug_aranges
                0x00000258       0x28 .\ARM_GCC_541\Debug\basisDSPproject_labo1_opg2.a(CLIP.o)
 .debug_aranges
                0x00000280       0xd8 .\ARM_GCC_541\Debug\basisDSPproject_labo1_opg2.a(CyDmac.o)
 .debug_aranges
                0x00000358      0x2a0 .\ARM_GCC_541\Debug\basisDSPproject_labo1_opg2.a(CyLib.o)
 .debug_aranges
                0x000005f8       0x98 .\ARM_GCC_541\Debug\basisDSPproject_labo1_opg2.a(cyPm.o)
 .debug_aranges
                0x00000690       0x28 .\ARM_GCC_541\Debug\basisDSPproject_labo1_opg2.a(LEDs.o)
 .debug_aranges
                0x000006b8       0x80 .\ARM_GCC_541\Debug\basisDSPproject_labo1_opg2.a(SampleKlaar.o)
 .debug_aranges
                0x00000738       0x38 .\ARM_GCC_541\Debug\basisDSPproject_labo1_opg2.a(I2C_Codec_control.o)
 .debug_aranges
                0x00000770       0x20 .\ARM_GCC_541\Debug\basisDSPproject_labo1_opg2.a(I2C_Codec_control_INT.o)
 .debug_aranges
                0x00000790       0x80 .\ARM_GCC_541\Debug\basisDSPproject_labo1_opg2.a(I2C_Codec_control_MASTER.o)
 .debug_aranges
                0x00000810       0x68 .\ARM_GCC_541\Debug\basisDSPproject_labo1_opg2.a(I2S_Codec_audio.o)
 .debug_aranges
                0x00000878       0x28 .\ARM_GCC_541\Debug\basisDSPproject_labo1_opg2.a(I2S_EN.o)
 .debug_aranges
                0x000008a0       0xa8 .\ARM_GCC_541\Debug\basisDSPproject_labo1_opg2.a(VOL.o)
 .debug_aranges
                0x00000948       0x20 .\ARM_GCC_541\Debug\basisDSPproject_labo1_opg2.a(VOL_INT.o)
 .debug_aranges
                0x00000968       0xa8 .\ARM_GCC_541\Debug\basisDSPproject_labo1_opg2.a(LINE.o)
 .debug_aranges
                0x00000a10       0x20 .\ARM_GCC_541\Debug\basisDSPproject_labo1_opg2.a(LINE_INT.o)
 .debug_aranges
                0x00000a30       0x80 .\ARM_GCC_541\Debug\basisDSPproject_labo1_opg2.a(VOL_theACLK.o)
 .debug_aranges
                0x00000ab0       0x80 .\ARM_GCC_541\Debug\basisDSPproject_labo1_opg2.a(LINE_theACLK.o)
 .debug_aranges
                0x00000b30       0x40 .\ARM_GCC_541\Debug\basisDSPproject_labo1_opg2.a(KNOP.o)
 .debug_aranges
                0x00000b70       0x40 .\ARM_GCC_541\Debug\basisDSPproject_labo1_opg2.a(KNOP_TOGGLE.o)
 .debug_aranges
                0x00000bb0       0x80 .\ARM_GCC_541\Debug\basisDSPproject_labo1_opg2.a(SampleVraag.o)
 .debug_aranges
                0x00000c30       0x20 .\ARM_GCC_541\Debug\basisDSPproject_labo1_opg2.a(CyBootAsmGnu.o)
 .debug_aranges
                0x00000c50       0x80 .\ARM_GCC_541\Debug\basisDSPproject_labo1_opg2.a(CyFlash.o)
 .debug_aranges
                0x00000cd0       0x78 .\ARM_GCC_541\Debug\basisDSPproject_labo1_opg2.a(CySpc.o)

.debug_pubnames
 *(.debug_pubnames)

.debug_info     0x00000000     0x5bac
 *(.debug_info .gnu.linkonce.wi.*)
 .debug_info    0x00000000      0x1e7 .\ARM_GCC_541\Debug\main.o
 .debug_info    0x000001e7      0x1f3 .\ARM_GCC_541\Debug\dma.o
 .debug_info    0x000003da      0x2d3 .\ARM_GCC_541\Debug\audioCodec.o
 .debug_info    0x000006ad      0x3ec .\ARM_GCC_541\Debug\cyfitter_cfg.o
 .debug_info    0x00000a99      0x139 .\ARM_GCC_541\Debug\cymetadata.o
 .debug_info    0x00000bd2      0x32b .\ARM_GCC_541\Debug\Cm3Start.o
 .debug_info    0x00000efd      0x11b .\ARM_GCC_541\Debug\basisDSPproject_labo1_opg2.a(RxDMA_dma.o)
 .debug_info    0x00001018      0x3cf .\ARM_GCC_541\Debug\basisDSPproject_labo1_opg2.a(LCD.o)
 .debug_info    0x000013e7      0x11b .\ARM_GCC_541\Debug\basisDSPproject_labo1_opg2.a(TxDMA_dma.o)
 .debug_info    0x00001502       0xd7 .\ARM_GCC_541\Debug\basisDSPproject_labo1_opg2.a(CLIP.o)
 .debug_info    0x000015d9      0x8c0 .\ARM_GCC_541\Debug\basisDSPproject_labo1_opg2.a(CyDmac.o)
 .debug_info    0x00001e99      0xe51 .\ARM_GCC_541\Debug\basisDSPproject_labo1_opg2.a(CyLib.o)
 .debug_info    0x00002cea      0x57a .\ARM_GCC_541\Debug\basisDSPproject_labo1_opg2.a(cyPm.o)
 .debug_info    0x00003264       0xd7 .\ARM_GCC_541\Debug\basisDSPproject_labo1_opg2.a(LEDs.o)
 .debug_info    0x0000333b      0x241 .\ARM_GCC_541\Debug\basisDSPproject_labo1_opg2.a(SampleKlaar.o)
 .debug_info    0x0000357c      0x163 .\ARM_GCC_541\Debug\basisDSPproject_labo1_opg2.a(I2C_Codec_control.o)
 .debug_info    0x000036df      0x156 .\ARM_GCC_541\Debug\basisDSPproject_labo1_opg2.a(I2C_Codec_control_INT.o)
 .debug_info    0x00003835      0x3f8 .\ARM_GCC_541\Debug\basisDSPproject_labo1_opg2.a(I2C_Codec_control_MASTER.o)
 .debug_info    0x00003c2d      0x20b .\ARM_GCC_541\Debug\basisDSPproject_labo1_opg2.a(I2S_Codec_audio.o)
 .debug_info    0x00003e38       0xd7 .\ARM_GCC_541\Debug\basisDSPproject_labo1_opg2.a(I2S_EN.o)
 .debug_info    0x00003f0f      0x47f .\ARM_GCC_541\Debug\basisDSPproject_labo1_opg2.a(VOL.o)
 .debug_info    0x0000438e       0x92 .\ARM_GCC_541\Debug\basisDSPproject_labo1_opg2.a(VOL_INT.o)
 .debug_info    0x00004420      0x47f .\ARM_GCC_541\Debug\basisDSPproject_labo1_opg2.a(LINE.o)
 .debug_info    0x0000489f       0x92 .\ARM_GCC_541\Debug\basisDSPproject_labo1_opg2.a(LINE_INT.o)
 .debug_info    0x00004931      0x299 .\ARM_GCC_541\Debug\basisDSPproject_labo1_opg2.a(VOL_theACLK.o)
 .debug_info    0x00004bca      0x299 .\ARM_GCC_541\Debug\basisDSPproject_labo1_opg2.a(LINE_theACLK.o)
 .debug_info    0x00004e63      0x142 .\ARM_GCC_541\Debug\basisDSPproject_labo1_opg2.a(KNOP.o)
 .debug_info    0x00004fa5      0x142 .\ARM_GCC_541\Debug\basisDSPproject_labo1_opg2.a(KNOP_TOGGLE.o)
 .debug_info    0x000050e7      0x241 .\ARM_GCC_541\Debug\basisDSPproject_labo1_opg2.a(SampleVraag.o)
 .debug_info    0x00005328       0xb9 .\ARM_GCC_541\Debug\basisDSPproject_labo1_opg2.a(CyBootAsmGnu.o)
 .debug_info    0x000053e1      0x371 .\ARM_GCC_541\Debug\basisDSPproject_labo1_opg2.a(CyFlash.o)
 .debug_info    0x00005752      0x45a .\ARM_GCC_541\Debug\basisDSPproject_labo1_opg2.a(CySpc.o)

.debug_abbrev   0x00000000     0x1ea1
 *(.debug_abbrev)
 .debug_abbrev  0x00000000       0xaf .\ARM_GCC_541\Debug\main.o
 .debug_abbrev  0x000000af       0xbe .\ARM_GCC_541\Debug\dma.o
 .debug_abbrev  0x0000016d       0xf6 .\ARM_GCC_541\Debug\audioCodec.o
 .debug_abbrev  0x00000263      0x16b .\ARM_GCC_541\Debug\cyfitter_cfg.o
 .debug_abbrev  0x000003ce       0x77 .\ARM_GCC_541\Debug\cymetadata.o
 .debug_abbrev  0x00000445      0x1d6 .\ARM_GCC_541\Debug\Cm3Start.o
 .debug_abbrev  0x0000061b       0x8b .\ARM_GCC_541\Debug\basisDSPproject_labo1_opg2.a(RxDMA_dma.o)
 .debug_abbrev  0x000006a6      0x120 .\ARM_GCC_541\Debug\basisDSPproject_labo1_opg2.a(LCD.o)
 .debug_abbrev  0x000007c6       0x8b .\ARM_GCC_541\Debug\basisDSPproject_labo1_opg2.a(TxDMA_dma.o)
 .debug_abbrev  0x00000851       0x81 .\ARM_GCC_541\Debug\basisDSPproject_labo1_opg2.a(CLIP.o)
 .debug_abbrev  0x000008d2      0x194 .\ARM_GCC_541\Debug\basisDSPproject_labo1_opg2.a(CyDmac.o)
 .debug_abbrev  0x00000a66      0x217 .\ARM_GCC_541\Debug\basisDSPproject_labo1_opg2.a(CyLib.o)
 .debug_abbrev  0x00000c7d      0x161 .\ARM_GCC_541\Debug\basisDSPproject_labo1_opg2.a(cyPm.o)
 .debug_abbrev  0x00000dde       0x81 .\ARM_GCC_541\Debug\basisDSPproject_labo1_opg2.a(LEDs.o)
 .debug_abbrev  0x00000e5f      0x172 .\ARM_GCC_541\Debug\basisDSPproject_labo1_opg2.a(SampleKlaar.o)
 .debug_abbrev  0x00000fd1       0xb9 .\ARM_GCC_541\Debug\basisDSPproject_labo1_opg2.a(I2C_Codec_control.o)
 .debug_abbrev  0x0000108a       0x81 .\ARM_GCC_541\Debug\basisDSPproject_labo1_opg2.a(I2C_Codec_control_INT.o)
 .debug_abbrev  0x0000110b      0x11e .\ARM_GCC_541\Debug\basisDSPproject_labo1_opg2.a(I2C_Codec_control_MASTER.o)
 .debug_abbrev  0x00001229       0xd1 .\ARM_GCC_541\Debug\basisDSPproject_labo1_opg2.a(I2S_Codec_audio.o)
 .debug_abbrev  0x000012fa       0x81 .\ARM_GCC_541\Debug\basisDSPproject_labo1_opg2.a(I2S_EN.o)
 .debug_abbrev  0x0000137b      0x173 .\ARM_GCC_541\Debug\basisDSPproject_labo1_opg2.a(VOL.o)
 .debug_abbrev  0x000014ee       0x42 .\ARM_GCC_541\Debug\basisDSPproject_labo1_opg2.a(VOL_INT.o)
 .debug_abbrev  0x00001530      0x173 .\ARM_GCC_541\Debug\basisDSPproject_labo1_opg2.a(LINE.o)
 .debug_abbrev  0x000016a3       0x42 .\ARM_GCC_541\Debug\basisDSPproject_labo1_opg2.a(LINE_INT.o)
 .debug_abbrev  0x000016e5      0x11d .\ARM_GCC_541\Debug\basisDSPproject_labo1_opg2.a(VOL_theACLK.o)
 .debug_abbrev  0x00001802      0x11d .\ARM_GCC_541\Debug\basisDSPproject_labo1_opg2.a(LINE_theACLK.o)
 .debug_abbrev  0x0000191f       0xaa .\ARM_GCC_541\Debug\basisDSPproject_labo1_opg2.a(KNOP.o)
 .debug_abbrev  0x000019c9       0xaa .\ARM_GCC_541\Debug\basisDSPproject_labo1_opg2.a(KNOP_TOGGLE.o)
 .debug_abbrev  0x00001a73      0x172 .\ARM_GCC_541\Debug\basisDSPproject_labo1_opg2.a(SampleVraag.o)
 .debug_abbrev  0x00001be5       0x14 .\ARM_GCC_541\Debug\basisDSPproject_labo1_opg2.a(CyBootAsmGnu.o)
 .debug_abbrev  0x00001bf9      0x13c .\ARM_GCC_541\Debug\basisDSPproject_labo1_opg2.a(CyFlash.o)
 .debug_abbrev  0x00001d35      0x16c .\ARM_GCC_541\Debug\basisDSPproject_labo1_opg2.a(CySpc.o)

.debug_line     0x00000000     0x3491
 *(.debug_line)
 .debug_line    0x00000000      0x214 .\ARM_GCC_541\Debug\main.o
 .debug_line    0x00000214      0x1c0 .\ARM_GCC_541\Debug\dma.o
 .debug_line    0x000003d4      0x220 .\ARM_GCC_541\Debug\audioCodec.o
 .debug_line    0x000005f4      0x233 .\ARM_GCC_541\Debug\cyfitter_cfg.o
 .debug_line    0x00000827      0x141 .\ARM_GCC_541\Debug\cymetadata.o
 .debug_line    0x00000968      0x1db .\ARM_GCC_541\Debug\Cm3Start.o
 .debug_line    0x00000b43       0x78 .\ARM_GCC_541\Debug\basisDSPproject_labo1_opg2.a(RxDMA_dma.o)
 .debug_line    0x00000bbb      0x1e1 .\ARM_GCC_541\Debug\basisDSPproject_labo1_opg2.a(LCD.o)
 .debug_line    0x00000d9c       0x78 .\ARM_GCC_541\Debug\basisDSPproject_labo1_opg2.a(TxDMA_dma.o)
 .debug_line    0x00000e14       0x6d .\ARM_GCC_541\Debug\basisDSPproject_labo1_opg2.a(CLIP.o)
 .debug_line    0x00000e81      0x2b6 .\ARM_GCC_541\Debug\basisDSPproject_labo1_opg2.a(CyDmac.o)
 .debug_line    0x00001137      0x883 .\ARM_GCC_541\Debug\basisDSPproject_labo1_opg2.a(CyLib.o)
 .debug_line    0x000019ba      0x38e .\ARM_GCC_541\Debug\basisDSPproject_labo1_opg2.a(cyPm.o)
 .debug_line    0x00001d48       0x6d .\ARM_GCC_541\Debug\basisDSPproject_labo1_opg2.a(LEDs.o)
 .debug_line    0x00001db5      0x146 .\ARM_GCC_541\Debug\basisDSPproject_labo1_opg2.a(SampleKlaar.o)
 .debug_line    0x00001efb       0xdd .\ARM_GCC_541\Debug\basisDSPproject_labo1_opg2.a(I2C_Codec_control.o)
 .debug_line    0x00001fd8      0x158 .\ARM_GCC_541\Debug\basisDSPproject_labo1_opg2.a(I2C_Codec_control_INT.o)
 .debug_line    0x00002130      0x22c .\ARM_GCC_541\Debug\basisDSPproject_labo1_opg2.a(I2C_Codec_control_MASTER.o)
 .debug_line    0x0000235c      0x132 .\ARM_GCC_541\Debug\basisDSPproject_labo1_opg2.a(I2S_Codec_audio.o)
 .debug_line    0x0000248e       0x6f .\ARM_GCC_541\Debug\basisDSPproject_labo1_opg2.a(I2S_EN.o)
 .debug_line    0x000024fd      0x207 .\ARM_GCC_541\Debug\basisDSPproject_labo1_opg2.a(VOL.o)
 .debug_line    0x00002704       0x53 .\ARM_GCC_541\Debug\basisDSPproject_labo1_opg2.a(VOL_INT.o)
 .debug_line    0x00002757      0x208 .\ARM_GCC_541\Debug\basisDSPproject_labo1_opg2.a(LINE.o)
 .debug_line    0x0000295f       0x54 .\ARM_GCC_541\Debug\basisDSPproject_labo1_opg2.a(LINE_INT.o)
 .debug_line    0x000029b3      0x1ce .\ARM_GCC_541\Debug\basisDSPproject_labo1_opg2.a(VOL_theACLK.o)
 .debug_line    0x00002b81      0x1cf .\ARM_GCC_541\Debug\basisDSPproject_labo1_opg2.a(LINE_theACLK.o)
 .debug_line    0x00002d50       0xa8 .\ARM_GCC_541\Debug\basisDSPproject_labo1_opg2.a(KNOP.o)
 .debug_line    0x00002df8       0xaf .\ARM_GCC_541\Debug\basisDSPproject_labo1_opg2.a(KNOP_TOGGLE.o)
 .debug_line    0x00002ea7      0x156 .\ARM_GCC_541\Debug\basisDSPproject_labo1_opg2.a(SampleVraag.o)
 .debug_line    0x00002ffd       0x7d .\ARM_GCC_541\Debug\basisDSPproject_labo1_opg2.a(CyBootAsmGnu.o)
 .debug_line    0x0000307a      0x205 .\ARM_GCC_541\Debug\basisDSPproject_labo1_opg2.a(CyFlash.o)
 .debug_line    0x0000327f      0x212 .\ARM_GCC_541\Debug\basisDSPproject_labo1_opg2.a(CySpc.o)

.debug_frame    0x00000000     0x3360
 *(.debug_frame)
 .debug_frame   0x00000000       0x48 .\ARM_GCC_541\Debug\main.o
 .debug_frame   0x00000048       0x88 .\ARM_GCC_541\Debug\dma.o
 .debug_frame   0x000000d0      0x128 .\ARM_GCC_541\Debug\audioCodec.o
 .debug_frame   0x000001f8      0x160 .\ARM_GCC_541\Debug\cyfitter_cfg.o
 .debug_frame   0x00000358       0xd8 .\ARM_GCC_541\Debug\Cm3Start.o
 .debug_frame   0x00000430       0x58 .\ARM_GCC_541\Debug\basisDSPproject_labo1_opg2.a(RxDMA_dma.o)
 .debug_frame   0x00000488      0x260 .\ARM_GCC_541\Debug\basisDSPproject_labo1_opg2.a(LCD.o)
 .debug_frame   0x000006e8       0x58 .\ARM_GCC_541\Debug\basisDSPproject_labo1_opg2.a(TxDMA_dma.o)
 .debug_frame   0x00000740       0x5c .\ARM_GCC_541\Debug\basisDSPproject_labo1_opg2.a(CLIP.o)
 .debug_frame   0x0000079c      0x3d0 .\ARM_GCC_541\Debug\basisDSPproject_labo1_opg2.a(CyDmac.o)
 .debug_frame   0x00000b6c      0xc0c .\ARM_GCC_541\Debug\basisDSPproject_labo1_opg2.a(CyLib.o)
 .debug_frame   0x00001778      0x234 .\ARM_GCC_541\Debug\basisDSPproject_labo1_opg2.a(cyPm.o)
 .debug_frame   0x000019ac       0x5c .\ARM_GCC_541\Debug\basisDSPproject_labo1_opg2.a(LEDs.o)
 .debug_frame   0x00001a08      0x1e8 .\ARM_GCC_541\Debug\basisDSPproject_labo1_opg2.a(SampleKlaar.o)
 .debug_frame   0x00001bf0       0x9c .\ARM_GCC_541\Debug\basisDSPproject_labo1_opg2.a(I2C_Codec_control.o)
 .debug_frame   0x00001c8c       0x38 .\ARM_GCC_541\Debug\basisDSPproject_labo1_opg2.a(I2C_Codec_control_INT.o)
 .debug_frame   0x00001cc4      0x208 .\ARM_GCC_541\Debug\basisDSPproject_labo1_opg2.a(I2C_Codec_control_MASTER.o)
 .debug_frame   0x00001ecc      0x190 .\ARM_GCC_541\Debug\basisDSPproject_labo1_opg2.a(I2S_Codec_audio.o)
 .debug_frame   0x0000205c       0x5c .\ARM_GCC_541\Debug\basisDSPproject_labo1_opg2.a(I2S_EN.o)
 .debug_frame   0x000020b8      0x2bc .\ARM_GCC_541\Debug\basisDSPproject_labo1_opg2.a(VOL.o)
 .debug_frame   0x00002374       0x34 .\ARM_GCC_541\Debug\basisDSPproject_labo1_opg2.a(VOL_INT.o)
 .debug_frame   0x000023a8      0x2bc .\ARM_GCC_541\Debug\basisDSPproject_labo1_opg2.a(LINE.o)
 .debug_frame   0x00002664       0x34 .\ARM_GCC_541\Debug\basisDSPproject_labo1_opg2.a(LINE_INT.o)
 .debug_frame   0x00002698      0x200 .\ARM_GCC_541\Debug\basisDSPproject_labo1_opg2.a(VOL_theACLK.o)
 .debug_frame   0x00002898      0x200 .\ARM_GCC_541\Debug\basisDSPproject_labo1_opg2.a(LINE_theACLK.o)
 .debug_frame   0x00002a98       0xd0 .\ARM_GCC_541\Debug\basisDSPproject_labo1_opg2.a(KNOP.o)
 .debug_frame   0x00002b68       0xd0 .\ARM_GCC_541\Debug\basisDSPproject_labo1_opg2.a(KNOP_TOGGLE.o)
 .debug_frame   0x00002c38      0x1e8 .\ARM_GCC_541\Debug\basisDSPproject_labo1_opg2.a(SampleVraag.o)
 .debug_frame   0x00002e20      0x210 .\ARM_GCC_541\Debug\basisDSPproject_labo1_opg2.a(CyFlash.o)
 .debug_frame   0x00003030      0x1f8 .\ARM_GCC_541\Debug\basisDSPproject_labo1_opg2.a(CySpc.o)
 .debug_frame   0x00003228       0x44 c:/program files (x86)/cypress/psoc creator/4.1/psoc creator/import/gnu/arm/5.4.1/bin/../lib/gcc/arm-none-eabi/5.4.1/armv7-m\libgcc.a(_aeabi_ldivmod.o)
 .debug_frame   0x0000326c       0x38 c:/program files (x86)/cypress/psoc creator/4.1/psoc creator/import/gnu/arm/5.4.1/bin/../lib/gcc/arm-none-eabi/5.4.1/armv7-m\libgcc.a(_udivmoddi4.o)
 .debug_frame   0x000032a4       0x20 c:/program files (x86)/cypress/psoc creator/4.1/psoc creator/import/gnu/arm/5.4.1/bin/../lib/gcc/arm-none-eabi/5.4.1/../../../../arm-none-eabi/lib/armv7-m\libg_nano.a(lib_a-errno.o)
 .debug_frame   0x000032c4       0x28 c:/program files (x86)/cypress/psoc creator/4.1/psoc creator/import/gnu/arm/5.4.1/bin/../lib/gcc/arm-none-eabi/5.4.1/../../../../arm-none-eabi/lib/armv7-m\libg_nano.a(lib_a-exit.o)
 .debug_frame   0x000032ec       0x2c c:/program files (x86)/cypress/psoc creator/4.1/psoc creator/import/gnu/arm/5.4.1/bin/../lib/gcc/arm-none-eabi/5.4.1/../../../../arm-none-eabi/lib/armv7-m\libg_nano.a(lib_a-init.o)
 .debug_frame   0x00003318       0x28 c:/program files (x86)/cypress/psoc creator/4.1/psoc creator/import/gnu/arm/5.4.1/bin/../lib/gcc/arm-none-eabi/5.4.1/../../../../arm-none-eabi/lib/armv7-m\libg_nano.a(lib_a-memcpy-stub.o)
 .debug_frame   0x00003340       0x20 c:/program files (x86)/cypress/psoc creator/4.1/psoc creator/import/gnu/arm/5.4.1/bin/../lib/gcc/arm-none-eabi/5.4.1/../../../../arm-none-eabi/lib/armv7-m\libg_nano.a(lib_a-memset.o)

.debug_str      0x00000000     0x2abb
 *(.debug_str)
 .debug_str     0x00000000      0x212 .\ARM_GCC_541\Debug\main.o
                                0x260 (size before relaxing)
 .debug_str     0x00000212       0x6f .\ARM_GCC_541\Debug\dma.o
                                0x273 (size before relaxing)
 .debug_str     0x00000281      0x106 .\ARM_GCC_541\Debug\audioCodec.o
                                0x2fb (size before relaxing)
 .debug_str     0x00000387      0x186 .\ARM_GCC_541\Debug\cyfitter_cfg.o
                                0x348 (size before relaxing)
 .debug_str     0x0000050d       0x7f .\ARM_GCC_541\Debug\cymetadata.o
                                0x20d (size before relaxing)
 .debug_str     0x0000058c      0x124 .\ARM_GCC_541\Debug\Cm3Start.o
                                0x300 (size before relaxing)
 .debug_str     0x000006b0       0x93 .\ARM_GCC_541\Debug\basisDSPproject_labo1_opg2.a(RxDMA_dma.o)
                                0x244 (size before relaxing)
 .debug_str     0x00000743      0x171 .\ARM_GCC_541\Debug\basisDSPproject_labo1_opg2.a(LCD.o)
                                0x342 (size before relaxing)
 .debug_str     0x000008b4       0x58 .\ARM_GCC_541\Debug\basisDSPproject_labo1_opg2.a(TxDMA_dma.o)
                                0x244 (size before relaxing)
 .debug_str     0x0000090c       0x3b .\ARM_GCC_541\Debug\basisDSPproject_labo1_opg2.a(CLIP.o)
                                0x1d5 (size before relaxing)
 .debug_str     0x00000947      0x36f .\ARM_GCC_541\Debug\basisDSPproject_labo1_opg2.a(CyDmac.o)
                                0x546 (size before relaxing)
 .debug_str     0x00000cb6      0x7c7 .\ARM_GCC_541\Debug\basisDSPproject_labo1_opg2.a(CyLib.o)
                                0xa13 (size before relaxing)
 .debug_str     0x0000147d      0x371 .\ARM_GCC_541\Debug\basisDSPproject_labo1_opg2.a(cyPm.o)
                                0x56c (size before relaxing)
 .debug_str     0x000017ee       0x33 .\ARM_GCC_541\Debug\basisDSPproject_labo1_opg2.a(LEDs.o)
                                0x1d5 (size before relaxing)
 .debug_str     0x00001821      0x13a .\ARM_GCC_541\Debug\basisDSPproject_labo1_opg2.a(SampleKlaar.o)
                                0x323 (size before relaxing)
 .debug_str     0x0000195b      0x11b .\ARM_GCC_541\Debug\basisDSPproject_labo1_opg2.a(I2C_Codec_control.o)
                                0x2e0 (size before relaxing)
 .debug_str     0x00001a76       0xe8 .\ARM_GCC_541\Debug\basisDSPproject_labo1_opg2.a(I2C_Codec_control_INT.o)
                                0x31b (size before relaxing)
 .debug_str     0x00001b5e      0x234 .\ARM_GCC_541\Debug\basisDSPproject_labo1_opg2.a(I2C_Codec_control_MASTER.o)
                                0x50f (size before relaxing)
 .debug_str     0x00001d92      0x147 .\ARM_GCC_541\Debug\basisDSPproject_labo1_opg2.a(I2S_Codec_audio.o)
                                0x2f6 (size before relaxing)
 .debug_str     0x00001ed9       0x39 .\ARM_GCC_541\Debug\basisDSPproject_labo1_opg2.a(I2S_EN.o)
                                0x1db (size before relaxing)
 .debug_str     0x00001f12      0x1bf .\ARM_GCC_541\Debug\basisDSPproject_labo1_opg2.a(VOL.o)
                                0x3d6 (size before relaxing)
 .debug_str     0x000020d1       0x29 .\ARM_GCC_541\Debug\basisDSPproject_labo1_opg2.a(VOL_INT.o)
                                0x1b8 (size before relaxing)
 .debug_str     0x000020fa      0x18a .\ARM_GCC_541\Debug\basisDSPproject_labo1_opg2.a(LINE.o)
                                0x3ee (size before relaxing)
 .debug_str     0x00002284       0x2b .\ARM_GCC_541\Debug\basisDSPproject_labo1_opg2.a(LINE_INT.o)
                                0x1ba (size before relaxing)
 .debug_str     0x000022af      0x1d5 .\ARM_GCC_541\Debug\basisDSPproject_labo1_opg2.a(VOL_theACLK.o)
                                0x38a (size before relaxing)
 .debug_str     0x00002484      0x18f .\ARM_GCC_541\Debug\basisDSPproject_labo1_opg2.a(LINE_theACLK.o)
                                0x398 (size before relaxing)
 .debug_str     0x00002613       0x70 .\ARM_GCC_541\Debug\basisDSPproject_labo1_opg2.a(KNOP.o)
                                0x233 (size before relaxing)
 .debug_str     0x00002683       0x9a .\ARM_GCC_541\Debug\basisDSPproject_labo1_opg2.a(KNOP_TOGGLE.o)
                                0x25d (size before relaxing)
 .debug_str     0x0000271d      0x13a .\ARM_GCC_541\Debug\basisDSPproject_labo1_opg2.a(SampleVraag.o)
                                0x323 (size before relaxing)
 .debug_str     0x00002857      0x145 .\ARM_GCC_541\Debug\basisDSPproject_labo1_opg2.a(CyFlash.o)
                                0x31f (size before relaxing)
 .debug_str     0x0000299c      0x11f .\ARM_GCC_541\Debug\basisDSPproject_labo1_opg2.a(CySpc.o)
                                0x31c (size before relaxing)

.debug_loc
 *(.debug_loc)

.debug_macinfo
 *(.debug_macinfo)

.debug_ranges   0x00000000      0xb30
 *(.debug_ranges)
 .debug_ranges  0x00000000       0x18 .\ARM_GCC_541\Debug\main.o
 .debug_ranges  0x00000018       0x28 .\ARM_GCC_541\Debug\dma.o
 .debug_ranges  0x00000040       0x40 .\ARM_GCC_541\Debug\audioCodec.o
 .debug_ranges  0x00000080       0x50 .\ARM_GCC_541\Debug\cyfitter_cfg.o
 .debug_ranges  0x000000d0       0x38 .\ARM_GCC_541\Debug\Cm3Start.o
 .debug_ranges  0x00000108       0x18 .\ARM_GCC_541\Debug\basisDSPproject_labo1_opg2.a(RxDMA_dma.o)
 .debug_ranges  0x00000120       0x88 .\ARM_GCC_541\Debug\basisDSPproject_labo1_opg2.a(LCD.o)
 .debug_ranges  0x000001a8       0x18 .\ARM_GCC_541\Debug\basisDSPproject_labo1_opg2.a(TxDMA_dma.o)
 .debug_ranges  0x000001c0       0x18 .\ARM_GCC_541\Debug\basisDSPproject_labo1_opg2.a(CLIP.o)
 .debug_ranges  0x000001d8       0xc8 .\ARM_GCC_541\Debug\basisDSPproject_labo1_opg2.a(CyDmac.o)
 .debug_ranges  0x000002a0      0x290 .\ARM_GCC_541\Debug\basisDSPproject_labo1_opg2.a(CyLib.o)
 .debug_ranges  0x00000530       0x88 .\ARM_GCC_541\Debug\basisDSPproject_labo1_opg2.a(cyPm.o)
 .debug_ranges  0x000005b8       0x18 .\ARM_GCC_541\Debug\basisDSPproject_labo1_opg2.a(LEDs.o)
 .debug_ranges  0x000005d0       0x70 .\ARM_GCC_541\Debug\basisDSPproject_labo1_opg2.a(SampleKlaar.o)
 .debug_ranges  0x00000640       0x28 .\ARM_GCC_541\Debug\basisDSPproject_labo1_opg2.a(I2C_Codec_control.o)
 .debug_ranges  0x00000668       0x10 .\ARM_GCC_541\Debug\basisDSPproject_labo1_opg2.a(I2C_Codec_control_INT.o)
 .debug_ranges  0x00000678       0x70 .\ARM_GCC_541\Debug\basisDSPproject_labo1_opg2.a(I2C_Codec_control_MASTER.o)
 .debug_ranges  0x000006e8       0x58 .\ARM_GCC_541\Debug\basisDSPproject_labo1_opg2.a(I2S_Codec_audio.o)
 .debug_ranges  0x00000740       0x18 .\ARM_GCC_541\Debug\basisDSPproject_labo1_opg2.a(I2S_EN.o)
 .debug_ranges  0x00000758       0x98 .\ARM_GCC_541\Debug\basisDSPproject_labo1_opg2.a(VOL.o)
 .debug_ranges  0x000007f0       0x10 .\ARM_GCC_541\Debug\basisDSPproject_labo1_opg2.a(VOL_INT.o)
 .debug_ranges  0x00000800       0x98 .\ARM_GCC_541\Debug\basisDSPproject_labo1_opg2.a(LINE.o)
 .debug_ranges  0x00000898       0x10 .\ARM_GCC_541\Debug\basisDSPproject_labo1_opg2.a(LINE_INT.o)
 .debug_ranges  0x000008a8       0x70 .\ARM_GCC_541\Debug\basisDSPproject_labo1_opg2.a(VOL_theACLK.o)
 .debug_ranges  0x00000918       0x70 .\ARM_GCC_541\Debug\basisDSPproject_labo1_opg2.a(LINE_theACLK.o)
 .debug_ranges  0x00000988       0x30 .\ARM_GCC_541\Debug\basisDSPproject_labo1_opg2.a(KNOP.o)
 .debug_ranges  0x000009b8       0x30 .\ARM_GCC_541\Debug\basisDSPproject_labo1_opg2.a(KNOP_TOGGLE.o)
 .debug_ranges  0x000009e8       0x70 .\ARM_GCC_541\Debug\basisDSPproject_labo1_opg2.a(SampleVraag.o)
 .debug_ranges  0x00000a58       0x70 .\ARM_GCC_541\Debug\basisDSPproject_labo1_opg2.a(CyFlash.o)
 .debug_ranges  0x00000ac8       0x68 .\ARM_GCC_541\Debug\basisDSPproject_labo1_opg2.a(CySpc.o)

.comment        0x00000000       0x6e
 .comment       0x00000000       0x6e .\ARM_GCC_541\Debug\main.o
                                 0x6f (size before relaxing)
 .comment       0x0000006e       0x6f .\ARM_GCC_541\Debug\dma.o
 .comment       0x0000006e       0x6f .\ARM_GCC_541\Debug\audioCodec.o
 .comment       0x0000006e       0x6f .\ARM_GCC_541\Debug\cyfitter_cfg.o
 .comment       0x0000006e       0x6f .\ARM_GCC_541\Debug\cymetadata.o
 .comment       0x0000006e       0x6f .\ARM_GCC_541\Debug\Cm3Start.o
 .comment       0x0000006e       0x6f .\ARM_GCC_541\Debug\basisDSPproject_labo1_opg2.a(RxDMA_dma.o)
 .comment       0x0000006e       0x6f .\ARM_GCC_541\Debug\basisDSPproject_labo1_opg2.a(LCD.o)
 .comment       0x0000006e       0x6f .\ARM_GCC_541\Debug\basisDSPproject_labo1_opg2.a(TxDMA_dma.o)
 .comment       0x0000006e       0x6f .\ARM_GCC_541\Debug\basisDSPproject_labo1_opg2.a(CLIP.o)
 .comment       0x0000006e       0x6f .\ARM_GCC_541\Debug\basisDSPproject_labo1_opg2.a(CyDmac.o)
 .comment       0x0000006e       0x6f .\ARM_GCC_541\Debug\basisDSPproject_labo1_opg2.a(CyLib.o)
 .comment       0x0000006e       0x6f .\ARM_GCC_541\Debug\basisDSPproject_labo1_opg2.a(cyPm.o)
 .comment       0x0000006e       0x6f .\ARM_GCC_541\Debug\basisDSPproject_labo1_opg2.a(LEDs.o)
 .comment       0x0000006e       0x6f .\ARM_GCC_541\Debug\basisDSPproject_labo1_opg2.a(SampleKlaar.o)
 .comment       0x0000006e       0x6f .\ARM_GCC_541\Debug\basisDSPproject_labo1_opg2.a(I2C_Codec_control.o)
 .comment       0x0000006e       0x6f .\ARM_GCC_541\Debug\basisDSPproject_labo1_opg2.a(I2C_Codec_control_INT.o)
 .comment       0x0000006e       0x6f .\ARM_GCC_541\Debug\basisDSPproject_labo1_opg2.a(I2C_Codec_control_MASTER.o)
 .comment       0x0000006e       0x6f .\ARM_GCC_541\Debug\basisDSPproject_labo1_opg2.a(I2S_Codec_audio.o)
 .comment       0x0000006e       0x6f .\ARM_GCC_541\Debug\basisDSPproject_labo1_opg2.a(I2S_EN.o)
 .comment       0x0000006e       0x6f .\ARM_GCC_541\Debug\basisDSPproject_labo1_opg2.a(VOL.o)
 .comment       0x0000006e       0x6f .\ARM_GCC_541\Debug\basisDSPproject_labo1_opg2.a(VOL_INT.o)
 .comment       0x0000006e       0x6f .\ARM_GCC_541\Debug\basisDSPproject_labo1_opg2.a(LINE.o)
 .comment       0x0000006e       0x6f .\ARM_GCC_541\Debug\basisDSPproject_labo1_opg2.a(LINE_INT.o)
 .comment       0x0000006e       0x6f .\ARM_GCC_541\Debug\basisDSPproject_labo1_opg2.a(VOL_theACLK.o)
 .comment       0x0000006e       0x6f .\ARM_GCC_541\Debug\basisDSPproject_labo1_opg2.a(LINE_theACLK.o)
 .comment       0x0000006e       0x6f .\ARM_GCC_541\Debug\basisDSPproject_labo1_opg2.a(KNOP.o)
 .comment       0x0000006e       0x6f .\ARM_GCC_541\Debug\basisDSPproject_labo1_opg2.a(KNOP_TOGGLE.o)
 .comment       0x0000006e       0x6f .\ARM_GCC_541\Debug\basisDSPproject_labo1_opg2.a(SampleVraag.o)
 .comment       0x0000006e       0x6f .\ARM_GCC_541\Debug\basisDSPproject_labo1_opg2.a(CyFlash.o)
 .comment       0x0000006e       0x6f .\ARM_GCC_541\Debug\basisDSPproject_labo1_opg2.a(CySpc.o)

.debug_weaknames
 *(.debug_weaknames)

.debug_funcnames
 *(.debug_funcnames)

.debug_typenames
 *(.debug_typenames)

.debug_varnames
 *(.debug_varnames)

.note.gnu.arm.ident
 *(.note.gnu.arm.ident)

.ARM.attributes
                0x00000000       0x29
 *(.ARM.attributes)
 .ARM.attributes
                0x00000000       0x1d c:/program files (x86)/cypress/psoc creator/4.1/psoc creator/import/gnu/arm/5.4.1/bin/../lib/gcc/arm-none-eabi/5.4.1/armv7-m/crti.o
 .ARM.attributes
                0x0000001d       0x2d c:/program files (x86)/cypress/psoc creator/4.1/psoc creator/import/gnu/arm/5.4.1/bin/../lib/gcc/arm-none-eabi/5.4.1/armv7-m/crtbegin.o
 .ARM.attributes
                0x0000004a       0x1b c:/program files (x86)/cypress/psoc creator/4.1/psoc creator/import/gnu/arm/5.4.1/bin/../lib/gcc/arm-none-eabi/5.4.1/../../../../arm-none-eabi/lib/armv7-m/crt0.o
 .ARM.attributes
                0x00000065       0x33 .\ARM_GCC_541\Debug\main.o
 .ARM.attributes
                0x00000098       0x33 .\ARM_GCC_541\Debug\dma.o
 .ARM.attributes
                0x000000cb       0x33 .\ARM_GCC_541\Debug\audioCodec.o
 .ARM.attributes
                0x000000fe       0x33 .\ARM_GCC_541\Debug\cyfitter_cfg.o
 .ARM.attributes
                0x00000131       0x33 .\ARM_GCC_541\Debug\cymetadata.o
 .ARM.attributes
                0x00000164       0x33 .\ARM_GCC_541\Debug\Cm3Start.o
 .ARM.attributes
                0x00000197       0x33 .\ARM_GCC_541\Debug\basisDSPproject_labo1_opg2.a(RxDMA_dma.o)
 .ARM.attributes
                0x000001ca       0x33 .\ARM_GCC_541\Debug\basisDSPproject_labo1_opg2.a(LCD.o)
 .ARM.attributes
                0x000001fd       0x33 .\ARM_GCC_541\Debug\basisDSPproject_labo1_opg2.a(TxDMA_dma.o)
 .ARM.attributes
                0x00000230       0x33 .\ARM_GCC_541\Debug\basisDSPproject_labo1_opg2.a(CLIP.o)
 .ARM.attributes
                0x00000263       0x33 .\ARM_GCC_541\Debug\basisDSPproject_labo1_opg2.a(CyDmac.o)
 .ARM.attributes
                0x00000296       0x33 .\ARM_GCC_541\Debug\basisDSPproject_labo1_opg2.a(CyLib.o)
 .ARM.attributes
                0x000002c9       0x33 .\ARM_GCC_541\Debug\basisDSPproject_labo1_opg2.a(cyPm.o)
 .ARM.attributes
                0x000002fc       0x33 .\ARM_GCC_541\Debug\basisDSPproject_labo1_opg2.a(LEDs.o)
 .ARM.attributes
                0x0000032f       0x33 .\ARM_GCC_541\Debug\basisDSPproject_labo1_opg2.a(SampleKlaar.o)
 .ARM.attributes
                0x00000362       0x33 .\ARM_GCC_541\Debug\basisDSPproject_labo1_opg2.a(I2C_Codec_control.o)
 .ARM.attributes
                0x00000395       0x33 .\ARM_GCC_541\Debug\basisDSPproject_labo1_opg2.a(I2C_Codec_control_INT.o)
 .ARM.attributes
                0x000003c8       0x33 .\ARM_GCC_541\Debug\basisDSPproject_labo1_opg2.a(I2C_Codec_control_MASTER.o)
 .ARM.attributes
                0x000003fb       0x33 .\ARM_GCC_541\Debug\basisDSPproject_labo1_opg2.a(I2S_Codec_audio.o)
 .ARM.attributes
                0x0000042e       0x33 .\ARM_GCC_541\Debug\basisDSPproject_labo1_opg2.a(I2S_EN.o)
 .ARM.attributes
                0x00000461       0x33 .\ARM_GCC_541\Debug\basisDSPproject_labo1_opg2.a(VOL.o)
 .ARM.attributes
                0x00000494       0x33 .\ARM_GCC_541\Debug\basisDSPproject_labo1_opg2.a(VOL_INT.o)
 .ARM.attributes
                0x000004c7       0x33 .\ARM_GCC_541\Debug\basisDSPproject_labo1_opg2.a(LINE.o)
 .ARM.attributes
                0x000004fa       0x33 .\ARM_GCC_541\Debug\basisDSPproject_labo1_opg2.a(LINE_INT.o)
 .ARM.attributes
                0x0000052d       0x33 .\ARM_GCC_541\Debug\basisDSPproject_labo1_opg2.a(VOL_theACLK.o)
 .ARM.attributes
                0x00000560       0x33 .\ARM_GCC_541\Debug\basisDSPproject_labo1_opg2.a(LINE_theACLK.o)
 .ARM.attributes
                0x00000593       0x33 .\ARM_GCC_541\Debug\basisDSPproject_labo1_opg2.a(KNOP.o)
 .ARM.attributes
                0x000005c6       0x33 .\ARM_GCC_541\Debug\basisDSPproject_labo1_opg2.a(KNOP_TOGGLE.o)
 .ARM.attributes
                0x000005f9       0x33 .\ARM_GCC_541\Debug\basisDSPproject_labo1_opg2.a(SampleVraag.o)
 .ARM.attributes
                0x0000062c       0x21 .\ARM_GCC_541\Debug\basisDSPproject_labo1_opg2.a(CyBootAsmGnu.o)
 .ARM.attributes
                0x0000064d       0x33 .\ARM_GCC_541\Debug\basisDSPproject_labo1_opg2.a(CyFlash.o)
 .ARM.attributes
                0x00000680       0x33 .\ARM_GCC_541\Debug\basisDSPproject_labo1_opg2.a(CySpc.o)
 .ARM.attributes
                0x000006b3       0x1d c:/program files (x86)/cypress/psoc creator/4.1/psoc creator/import/gnu/arm/5.4.1/bin/../lib/gcc/arm-none-eabi/5.4.1/armv7-m\libgcc.a(_arm_addsubsf3.o)
 .ARM.attributes
                0x000006d0       0x1d c:/program files (x86)/cypress/psoc creator/4.1/psoc creator/import/gnu/arm/5.4.1/bin/../lib/gcc/arm-none-eabi/5.4.1/armv7-m\libgcc.a(_arm_muldivsf3.o)
 .ARM.attributes
                0x000006ed       0x1d c:/program files (x86)/cypress/psoc creator/4.1/psoc creator/import/gnu/arm/5.4.1/bin/../lib/gcc/arm-none-eabi/5.4.1/armv7-m\libgcc.a(_aeabi_ldivmod.o)
 .ARM.attributes
                0x0000070a       0x2d c:/program files (x86)/cypress/psoc creator/4.1/psoc creator/import/gnu/arm/5.4.1/bin/../lib/gcc/arm-none-eabi/5.4.1/armv7-m\libgcc.a(_udivmoddi4.o)
 .ARM.attributes
                0x00000737       0x1d c:/program files (x86)/cypress/psoc creator/4.1/psoc creator/import/gnu/arm/5.4.1/bin/../lib/gcc/arm-none-eabi/5.4.1/armv7-m\libgcc.a(_dvmd_tls.o)
 .ARM.attributes
                0x00000754       0x2d c:/program files (x86)/cypress/psoc creator/4.1/psoc creator/import/gnu/arm/5.4.1/bin/../lib/gcc/arm-none-eabi/5.4.1/../../../../arm-none-eabi/lib/armv7-m\libg_nano.a(lib_a-errno.o)
 .ARM.attributes
                0x00000781       0x2d c:/program files (x86)/cypress/psoc creator/4.1/psoc creator/import/gnu/arm/5.4.1/bin/../lib/gcc/arm-none-eabi/5.4.1/../../../../arm-none-eabi/lib/armv7-m\libg_nano.a(lib_a-exit.o)
 .ARM.attributes
                0x000007ae       0x2d c:/program files (x86)/cypress/psoc creator/4.1/psoc creator/import/gnu/arm/5.4.1/bin/../lib/gcc/arm-none-eabi/5.4.1/../../../../arm-none-eabi/lib/armv7-m\libg_nano.a(lib_a-impure.o)
 .ARM.attributes
                0x000007db       0x2d c:/program files (x86)/cypress/psoc creator/4.1/psoc creator/import/gnu/arm/5.4.1/bin/../lib/gcc/arm-none-eabi/5.4.1/../../../../arm-none-eabi/lib/armv7-m\libg_nano.a(lib_a-init.o)
 .ARM.attributes
                0x00000808       0x2d c:/program files (x86)/cypress/psoc creator/4.1/psoc creator/import/gnu/arm/5.4.1/bin/../lib/gcc/arm-none-eabi/5.4.1/../../../../arm-none-eabi/lib/armv7-m\libg_nano.a(lib_a-memcpy-stub.o)
 .ARM.attributes
                0x00000835       0x2d c:/program files (x86)/cypress/psoc creator/4.1/psoc creator/import/gnu/arm/5.4.1/bin/../lib/gcc/arm-none-eabi/5.4.1/../../../../arm-none-eabi/lib/armv7-m\libg_nano.a(lib_a-memset.o)
 .ARM.attributes
                0x00000862       0x2d c:/program files (x86)/cypress/psoc creator/4.1/psoc creator/import/gnu/arm/5.4.1/bin/../lib/gcc/arm-none-eabi/5.4.1/armv7-m/crtend.o
 .ARM.attributes
                0x0000088f       0x1d c:/program files (x86)/cypress/psoc creator/4.1/psoc creator/import/gnu/arm/5.4.1/bin/../lib/gcc/arm-none-eabi/5.4.1/armv7-m/crtn.o

/DISCARD/
 *(.note.GNU-stack)
OUTPUT(C:\Users\Jona\Documents\GitHub\Signaalverwerking\Labo1\Opgave3\Labo1_opg3\basisDSPproject_labo1_opg2.cydsn\ARM_GCC_541\Debug\basisDSPproject_labo1_opg2.elf elf32-littlearm)
