Archive member included to satisfy reference by file (symbol)

.\ARM_GCC_541\Debug\IIR_filterProject_DFB.a(RxDMA_dma.o)
                              .\ARM_GCC_541\Debug\dma.o (RxDMA_DmaInitialize)
.\ARM_GCC_541\Debug\IIR_filterProject_DFB.a(LCD.o)
                              .\ARM_GCC_541\Debug\main.o (LCD_WriteControl)
.\ARM_GCC_541\Debug\IIR_filterProject_DFB.a(TxDMA_dma.o)
                              .\ARM_GCC_541\Debug\dma.o (TxDMA_DmaInitialize)
.\ARM_GCC_541\Debug\IIR_filterProject_DFB.a(CLIP.o)
                              .\ARM_GCC_541\Debug\dma.o (CLIP_Write)
.\ARM_GCC_541\Debug\IIR_filterProject_DFB.a(CyDmac.o)
                              .\ARM_GCC_541\Debug\Cm3Start.o (CyDmacConfigure)
.\ARM_GCC_541\Debug\IIR_filterProject_DFB.a(CyLib.o)
                              .\ARM_GCC_541\Debug\Cm3Start.o (CyResetStatus)
.\ARM_GCC_541\Debug\IIR_filterProject_DFB.a(cyPm.o)
                              .\ARM_GCC_541\Debug\IIR_filterProject_DFB.a(CyLib.o) (CyPmReadStatus)
.\ARM_GCC_541\Debug\IIR_filterProject_DFB.a(LEDs.o)
                              .\ARM_GCC_541\Debug\main.o (LEDs_Write)
.\ARM_GCC_541\Debug\IIR_filterProject_DFB.a(SampleKlaar.o)
                              .\ARM_GCC_541\Debug\main.o (SampleKlaar_StartEx)
.\ARM_GCC_541\Debug\IIR_filterProject_DFB.a(I2C_Codec_control.o)
                              .\ARM_GCC_541\Debug\main.o (I2C_Codec_control_Start)
.\ARM_GCC_541\Debug\IIR_filterProject_DFB.a(I2C_Codec_control_INT.o)
                              .\ARM_GCC_541\Debug\IIR_filterProject_DFB.a(I2C_Codec_control.o) (I2C_Codec_control_ISR)
.\ARM_GCC_541\Debug\IIR_filterProject_DFB.a(I2C_Codec_control_MASTER.o)
                              .\ARM_GCC_541\Debug\IIR_filterProject_DFB.a(I2C_Codec_control.o) (I2C_Codec_control_mstrStatus)
.\ARM_GCC_541\Debug\IIR_filterProject_DFB.a(I2S_Codec_audio.o)
                              .\ARM_GCC_541\Debug\main.o (I2S_Codec_audio_Start)
.\ARM_GCC_541\Debug\IIR_filterProject_DFB.a(I2S_EN.o)
                              .\ARM_GCC_541\Debug\main.o (I2S_EN_Write)
.\ARM_GCC_541\Debug\IIR_filterProject_DFB.a(VOL.o)
                              .\ARM_GCC_541\Debug\main.o (VOL_Start)
.\ARM_GCC_541\Debug\IIR_filterProject_DFB.a(VOL_INT.o)
                              .\ARM_GCC_541\Debug\IIR_filterProject_DFB.a(VOL.o) (VOL_ISR)
.\ARM_GCC_541\Debug\IIR_filterProject_DFB.a(LINE.o)
                              .\ARM_GCC_541\Debug\main.o (LINE_Start)
.\ARM_GCC_541\Debug\IIR_filterProject_DFB.a(LINE_INT.o)
                              .\ARM_GCC_541\Debug\IIR_filterProject_DFB.a(LINE.o) (LINE_ISR)
.\ARM_GCC_541\Debug\IIR_filterProject_DFB.a(VOL_theACLK.o)
                              .\ARM_GCC_541\Debug\IIR_filterProject_DFB.a(VOL.o) (VOL_theACLK_SetModeRegister)
.\ARM_GCC_541\Debug\IIR_filterProject_DFB.a(LINE_theACLK.o)
                              .\ARM_GCC_541\Debug\IIR_filterProject_DFB.a(LINE.o) (LINE_theACLK_SetModeRegister)
.\ARM_GCC_541\Debug\IIR_filterProject_DFB.a(SampleVraag.o)
                              .\ARM_GCC_541\Debug\main.o (SampleVraag_StartEx)
.\ARM_GCC_541\Debug\IIR_filterProject_DFB.a(AnalogeIngang_R.o)
                              .\ARM_GCC_541\Debug\main.o (AnalogeIngang_R_Start)
.\ARM_GCC_541\Debug\IIR_filterProject_DFB.a(AnalogeIngang_L.o)
                              .\ARM_GCC_541\Debug\main.o (AnalogeIngang_L_Start)
.\ARM_GCC_541\Debug\IIR_filterProject_DFB.a(Filter.o)
                              .\ARM_GCC_541\Debug\main.o (Filter_Start)
.\ARM_GCC_541\Debug\IIR_filterProject_DFB.a(Filter_PVT.o)
                              .\ARM_GCC_541\Debug\IIR_filterProject_DFB.a(Filter.o) (Filter_SetInterruptMode)
.\ARM_GCC_541\Debug\IIR_filterProject_DFB.a(Filter_RAM_Data.o)
                              .\ARM_GCC_541\Debug\IIR_filterProject_DFB.a(Filter.o) (Filter_control)
.\ARM_GCC_541\Debug\IIR_filterProject_DFB.a(CyBootAsmGnu.o)
                              .\ARM_GCC_541\Debug\cyfitter_cfg.o (CyDelayCycles)
.\ARM_GCC_541\Debug\IIR_filterProject_DFB.a(CyFlash.o)
                              .\ARM_GCC_541\Debug\IIR_filterProject_DFB.a(cyPm.o) (CyFlash_SetWaitCycles)
.\ARM_GCC_541\Debug\IIR_filterProject_DFB.a(CySpc.o)
                              .\ARM_GCC_541\Debug\IIR_filterProject_DFB.a(CyFlash.o) (CySpcStart)
c:/program files (x86)/cypress/psoc creator/4.1/psoc creator/import/gnu/arm/5.4.1/bin/../lib/gcc/arm-none-eabi/5.4.1/armv7-m\libgcc.a(_arm_addsubsf3.o)
                              .\ARM_GCC_541\Debug\IIR_filterProject_DFB.a(VOL.o) (__aeabi_i2f)
c:/program files (x86)/cypress/psoc creator/4.1/psoc creator/import/gnu/arm/5.4.1/bin/../lib/gcc/arm-none-eabi/5.4.1/armv7-m\libgcc.a(_arm_muldivsf3.o)
                              .\ARM_GCC_541\Debug\IIR_filterProject_DFB.a(VOL.o) (__aeabi_fmul)
c:/program files (x86)/cypress/psoc creator/4.1/psoc creator/import/gnu/arm/5.4.1/bin/../lib/gcc/arm-none-eabi/5.4.1/armv7-m\libgcc.a(_aeabi_ldivmod.o)
[...]
Memory Configuration

Name             Origin             Length             Attributes
rom              0x00000000         0x00040000         xr
ram              0x1fff8000         0x00010000         xrw
*default*        0x00000000         0xffffffff

Linker script and memory map

LOAD c:/program files (x86)/cypress/psoc creator/4.1/psoc creator/import/gnu/arm/5.4.1/bin/../lib/gcc/arm-none-eabi/5.4.1/armv7-m/crti.o
LOAD c:/program files (x86)/cypress/psoc creator/4.1/psoc creator/import/gnu/arm/5.4.1/bin/../lib/gcc/arm-none-eabi/5.4.1/armv7-m/crtbegin.o
LOAD c:/program files (x86)/cypress/psoc creator/4.1/psoc creator/import/gnu/arm/5.4.1/bin/../lib/gcc/arm-none-eabi/5.4.1/../../../../arm-none-eabi/lib/armv7-m/crt0.o
START GROUP
LOAD .\ARM_GCC_541\Debug\main.o
LOAD .\ARM_GCC_541\Debug\dma.o
LOAD .\ARM_GCC_541\Debug\audioCodec.o
LOAD .\ARM_GCC_541\Debug\cyfitter_cfg.o
LOAD .\ARM_GCC_541\Debug\cymetadata.o
LOAD .\ARM_GCC_541\Debug\Cm3Start.o
LOAD .\ARM_GCC_541\Debug\IIR_filterProject_DFB.a
LOAD C:\Program Files (x86)\Cypress\PSoC Creator\4.1\PSoC Creator\psoc\content\cycomponentlibrary\CyComponentLibrary.cylib\CortexM3\ARM_GCC_541\Debug\CyComponentLibrary.a
END GROUP
START GROUP
LOAD c:/program files (x86)/cypress/psoc creator/4.1/psoc creator/import/gnu/arm/5.4.1/bin/../lib/gcc/arm-none-eabi/5.4.1/armv7-m\libgcc.a
LOAD c:/program files (x86)/cypress/psoc creator/4.1/psoc creator/import/gnu/arm/5.4.1/bin/../lib/gcc/arm-none-eabi/5.4.1/../../../../arm-none-eabi/lib/armv7-m\libg_nano.a
LOAD c:/program files (x86)/cypress/psoc creator/4.1/psoc creator/import/gnu/arm/5.4.1/bin/../lib/gcc/arm-none-eabi/5.4.1/../../../../arm-none-eabi/lib/armv7-m\libc_nano.a
END GROUP
START GROUP
LOAD c:/program files (x86)/cypress/psoc creator/4.1/psoc creator/import/gnu/arm/5.4.1/bin/../lib/gcc/arm-none-eabi/5.4.1/armv7-m\libgcc.a
LOAD c:/program files (x86)/cypress/psoc creator/4.1/psoc creator/import/gnu/arm/5.4.1/bin/../lib/gcc/arm-none-eabi/5.4.1/../../../../arm-none-eabi/lib/armv7-m\libc_nano.a
END GROUP
LOAD c:/program files (x86)/cypress/psoc creator/4.1/psoc creator/import/gnu/arm/5.4.1/bin/../lib/gcc/arm-none-eabi/5.4.1/armv7-m/crtend.o
LOAD c:/program files (x86)/cypress/psoc creator/4.1/psoc creator/import/gnu/arm/5.4.1/bin/../lib/gcc/arm-none-eabi/5.4.1/armv7-m/crtn.o
START GROUP
LOAD c:/program files (x86)/cypress/psoc creator/4.1/psoc creator/import/gnu/arm/5.4.1/bin/../lib/gcc/arm-none-eabi/5.4.1/armv7-m\libgcc.a
LOAD c:/program files (x86)/cypress/psoc creator/4.1/psoc creator/import/gnu/arm/5.4.1/bin/../lib/gcc/arm-none-eabi/5.4.1/../../../../arm-none-eabi/lib/armv7-m\libc.a
LOAD c:/program files (x86)/cypress/psoc creator/4.1/psoc creator/import/gnu/arm/5.4.1/bin/../lib/gcc/arm-none-eabi/5.4.1/../../../../arm-none-eabi/lib/armv7-m\libnosys.a
END GROUP
                0x00000000                CY_APPL_ORIGIN = 0x0
                0x00000100                CY_FLASH_ROW_SIZE = 0x100
                0x00000020                CY_ECC_ROW_SIZE = 0x20
                0x00000000                CY_EE_IN_BTLDR = 0x0
                0x00000000                CY_APPL_LOADABLE = 0x0
                0x00000800                CY_EE_SIZE = 0x800
                0x00000001                CY_APPL_NUM = 0x1
                0x00000001                CY_APPL_MAX = 0x1
                0x00000040                CY_METADATA_SIZE = 0x40
                0x00000000                CY_APPL_LOADABLE = 0x0
                0x00000000                CY_CHECKSUM_EXCLUDE_SIZE = ALIGN (0x0, CY_FLASH_ROW_SIZE)
                [!provide]                PROVIDE (__cy_heap_start, _end)
                0x00000001                PROVIDE (__cy_region_num, ((__cy_regions_end - __cy_regions) / 0x10))
                0x20008000                PROVIDE (__cy_stack, (ORIGIN (ram) + LENGTH (ram)))
                [!provide]                PROVIDE (__cy_heap_end, (__cy_stack - 0x800))

.cybootloader   0x00000000        0x0
 *(.cybootloader)
                0x00000000                appl1_start = CY_APPL_ORIGIN?CY_APPL_ORIGIN:ALIGN (CY_FLASH_ROW_SIZE)
                0x0001ff00                appl2_start = (appl1_start + ALIGN ((((LENGTH (rom) - appl1_start) - (0x2 * CY_FLASH_ROW_SIZE)) / 0x2), CY_FLASH_ROW_SIZE))
                0x00000000                appl_start = (CY_APPL_NUM == 0x1)?appl1_start:appl2_start
                0x00000000                ecc_offset = ((appl_start / CY_FLASH_ROW_SIZE) * CY_ECC_ROW_SIZE)
                0x00000000                ee_offset = (CY_APPL_LOADABLE && ! (CY_EE_IN_BTLDR))?((CY_EE_SIZE / CY_APPL_MAX) * (CY_APPL_NUM - 0x1)):0x0
                0x00000800                ee_size = (CY_APPL_LOADABLE && ! (CY_EE_IN_BTLDR))?(CY_EE_SIZE / CY_APPL_MAX):CY_EE_SIZE
                [!provide]                PROVIDE (CY_ECC_OFFSET, ecc_offset)

.text           0x00000000     0x2f3a
 CREATE_OBJECT_SYMBOLS
                0x00000000                PROVIDE (__cy_interrupt_vector, RomVectors)
 *(.romvectors)
 .romvectors    0x00000000       0x10 .\ARM_GCC_541\Debug\Cm3Start.o
                0x00000000                RomVectors
                0x00000001                ASSERT ((. != __cy_interrupt_vector), No interrupt vector)
                0x00000001                ASSERT (CY_APPL_ORIGIN?(SIZEOF (.cybootloader) <= CY_APPL_ORIGIN):0x1, Wrong image location)
                0x00000010                PROVIDE (__cy_reset, Reset)
 *(.text.Reset)
 .text.Reset    0x00000010       0x18 .\ARM_GCC_541\Debug\Cm3Start.o
                0x00000010                Reset
                0x00000001                ASSERT ((. != __cy_reset), No reset code)
 *(.dma_init)
 .dma_init      0x00000028      0x298 .\ARM_GCC_541\Debug\cyfitter_cfg.o
                0x00000001                ASSERT ((((appl_start + .) <= 0x10000) || 0x0), DMA Init must be within the first 64k of flash)
 *(.text .text.* .gnu.linkonce.t.*)
 .text          0x000002c0       0x5c c:/program files (x86)/cypress/psoc creator/4.1/psoc creator/import/gnu/arm/5.4.1/bin/../lib/gcc/arm-none-eabi/5.4.1/armv7-m/crtbegin.o
 .text.berekenMetSamples
                0x0000031c       0xb8 .\ARM_GCC_541\Debug\main.o
                0x0000031c                berekenMetSamples
 .text.main     0x000003d4      0x2dc .\ARM_GCC_541\Debug\main.o
                0x000003d4                main
 .text.sampleIntRx_ISR
                0x000006b0       0x78 .\ARM_GCC_541\Debug\dma.o
                0x000006b0                sampleIntRx_ISR
 .text.sampleIntTx_ISR
                0x00000728       0x4c .\ARM_GCC_541\Debug\dma.o
                0x00000728                sampleIntTx_ISR
 .text.DmaRxConfiguration
                0x00000774       0x78 .\ARM_GCC_541\Debug\dma.o
                0x00000774                DmaRxConfiguration
 .text.DmaTxConfiguration
                0x000007ec       0x78 .\ARM_GCC_541\Debug\dma.o
                0x000007ec                DmaTxConfiguration
 .text.sendCodecCommand
                0x00000864       0x4c .\ARM_GCC_541\Debug\audioCodec.o
                0x00000864                sendCodecCommand
 .text.initCodec
                0x000008b0       0x5c .\ARM_GCC_541\Debug\audioCodec.o
                0x000008b0                initCodec
 .text.StelHPvolumeIn
                0x0000090c       0x3c .\ARM_GCC_541\Debug\audioCodec.o
                0x0000090c                StelHPvolumeIn
 .text.StelLineVolumeIn
                0x00000948       0x3c .\ARM_GCC_541\Debug\audioCodec.o
                0x00000948                StelLineVolumeIn
 .text._berekenVolumeHP
                0x00000984       0x7c .\ARM_GCC_541\Debug\audioCodec.o
                0x00000984                _berekenVolumeHP
 .text._berekenVolumeLineIn
                0x00000a00       0x78 .\ARM_GCC_541\Debug\audioCodec.o
                0x00000a00                _berekenVolumeLineIn
 .text.CYMEMZERO
                0x00000a78       0x1c .\ARM_GCC_541\Debug\cyfitter_cfg.o
 .text.CYCONFIGCPY
                0x00000a94       0x20 .\ARM_GCC_541\Debug\cyfitter_cfg.o
 .text.CyClockStartupError
                0x00000ab4        0xc .\ARM_GCC_541\Debug\cyfitter_cfg.o
 .text.cfg_dma_init
                0x00000ac0      0x180 .\ARM_GCC_541\Debug\cyfitter_cfg.o
 .text.ClockSetup
                0x00000c40      0x15c .\ARM_GCC_541\Debug\cyfitter_cfg.o
 .text.AnalogSetDefault
                0x00000d9c       0xf8 .\ARM_GCC_541\Debug\cyfitter_cfg.o
 .text.cyfitter_cfg
                0x00000e94      0x130 .\ARM_GCC_541\Debug\cyfitter_cfg.o
                0x00000e94                cyfitter_cfg
 .text.IntDefaultHandler
                0x00000fc4       0x14 .\ARM_GCC_541\Debug\Cm3Start.o
                0x00000fc4                IntDefaultHandler
 .text.Start_c  0x00000fd8       0x98 .\ARM_GCC_541\Debug\Cm3Start.o
                0x00000fd8                Start_c
 .text.initialize_psoc
                0x00001070       0x94 .\ARM_GCC_541\Debug\Cm3Start.o
                0x00001070                initialize_psoc
 .text.RxDMA_DmaInitialize
                0x00001104       0x64 .\ARM_GCC_541\Debug\IIR_filterProject_DFB.a(RxDMA_dma.o)
                0x00001104                RxDMA_DmaInitialize
 .text.LCD_Init
                0x00001168       0x70 .\ARM_GCC_541\Debug\IIR_filterProject_DFB.a(LCD.o)
                0x00001168                LCD_Init
 .text.LCD_Enable
                0x000011d8       0x18 .\ARM_GCC_541\Debug\IIR_filterProject_DFB.a(LCD.o)
                0x000011d8                LCD_Enable
 .text.LCD_Start
                0x000011f0       0x24 .\ARM_GCC_541\Debug\IIR_filterProject_DFB.a(LCD.o)
                0x000011f0                LCD_Start
 .text.LCD_Position
                0x00001214       0x70 .\ARM_GCC_541\Debug\IIR_filterProject_DFB.a(LCD.o)
                0x00001214                LCD_Position
 .text.LCD_PrintString
                0x00001284       0x3c .\ARM_GCC_541\Debug\IIR_filterProject_DFB.a(LCD.o)
                0x00001284                LCD_PrintString
 .text.LCD_PutChar
                0x000012c0       0x1c .\ARM_GCC_541\Debug\IIR_filterProject_DFB.a(LCD.o)
                0x000012c0                LCD_PutChar
 .text.LCD_WriteData
                0x000012dc       0x34 .\ARM_GCC_541\Debug\IIR_filterProject_DFB.a(LCD.o)
                0x000012dc                LCD_WriteData
 .text.LCD_WriteControl
                0x00001310       0x34 .\ARM_GCC_541\Debug\IIR_filterProject_DFB.a(LCD.o)
                0x00001310                LCD_WriteControl
 .text.LCD_IsReady
                0x00001344      0x178 .\ARM_GCC_541\Debug\IIR_filterProject_DFB.a(LCD.o)
                0x00001344                LCD_IsReady
 .text.LCD_WrDatNib
                0x000014bc       0x78 .\ARM_GCC_541\Debug\IIR_filterProject_DFB.a(LCD.o)
 .text.LCD_WrCntrlNib
                0x00001534       0x64 .\ARM_GCC_541\Debug\IIR_filterProject_DFB.a(LCD.o)
 .text.LCD_PrintU32Number
                0x00001598       0xa4 .\ARM_GCC_541\Debug\IIR_filterProject_DFB.a(LCD.o)
                0x00001598                LCD_PrintU32Number
 .text.TxDMA_DmaInitialize
                0x0000163c       0x64 .\ARM_GCC_541\Debug\IIR_filterProject_DFB.a(TxDMA_dma.o)
                0x0000163c                TxDMA_DmaInitialize
 .text.CLIP_Write
                0x000016a0       0x20 .\ARM_GCC_541\Debug\IIR_filterProject_DFB.a(CLIP.o)
                0x000016a0                CLIP_Write
 .text.CLIP_Read
                0x000016c0       0x18 .\ARM_GCC_541\Debug\IIR_filterProject_DFB.a(CLIP.o)
                0x000016c0                CLIP_Read
 .text.CyDmacConfigure
                0x000016d8       0x5c .\ARM_GCC_541\Debug\IIR_filterProject_DFB.a(CyDmac.o)
                0x000016d8                CyDmacConfigure
 .text.CyDmaChEnable
                0x00001734       0x8c .\ARM_GCC_541\Debug\IIR_filterProject_DFB.a(CyDmac.o)
                0x00001734                CyDmaChEnable
 .text.CyDmaChPriority
                0x000017c0       0x64 .\ARM_GCC_541\Debug\IIR_filterProject_DFB.a(CyDmac.o)
                0x000017c0                CyDmaChPriority
 .text.CyDmaChSetExtendedAddress
                0x00001824       0x78 .\ARM_GCC_541\Debug\IIR_filterProject_DFB.a(CyDmac.o)
                0x00001824                CyDmaChSetExtendedAddress
 .text.CyDmaChSetInitialTd
                0x0000189c       0x3c .\ARM_GCC_541\Debug\IIR_filterProject_DFB.a(CyDmac.o)
                0x0000189c                CyDmaChSetInitialTd
 .text.CyDmaChSetConfiguration
                0x000018d8       0xa0 .\ARM_GCC_541\Debug\IIR_filterProject_DFB.a(CyDmac.o)
                0x000018d8                CyDmaChSetConfiguration
 .text.CyDmaTdAllocate
                0x00001978       0x5c .\ARM_GCC_541\Debug\IIR_filterProject_DFB.a(CyDmac.o)
                0x00001978                CyDmaTdAllocate
 .text.CyDmaTdSetConfiguration
                0x000019d4       0x80 .\ARM_GCC_541\Debug\IIR_filterProject_DFB.a(CyDmac.o)
                0x000019d4                CyDmaTdSetConfiguration
 .text.CyDmaTdSetAddress
                0x00001a54       0x5c .\ARM_GCC_541\Debug\IIR_filterProject_DFB.a(CyDmac.o)
                0x00001a54                CyDmaTdSetAddress
 .text.CyHalt   0x00001ab0       0x18 .\ARM_GCC_541\Debug\IIR_filterProject_DFB.a(CyLib.o)
                0x00001ab0                CyHalt
 .text.CyDelay  0x00001ac8       0x44 .\ARM_GCC_541\Debug\IIR_filterProject_DFB.a(CyLib.o)
                0x00001ac8                CyDelay
 .text.CyDelayUs
                0x00001b0c       0x28 .\ARM_GCC_541\Debug\IIR_filterProject_DFB.a(CyLib.o)
                0x00001b0c                CyDelayUs
 .text.CyIntSetVector
                0x00001b34       0x50 .\ARM_GCC_541\Debug\IIR_filterProject_DFB.a(CyLib.o)
                0x00001b34                CyIntSetVector
 .text.CyIntSetPriority
                0x00001b84       0x48 .\ARM_GCC_541\Debug\IIR_filterProject_DFB.a(CyLib.o)
                0x00001b84                CyIntSetPriority
 .text.LEDs_Write
                0x00001bcc       0x20 .\ARM_GCC_541\Debug\IIR_filterProject_DFB.a(LEDs.o)
                0x00001bcc                LEDs_Write
 .text.LEDs_Read
                0x00001bec       0x18 .\ARM_GCC_541\Debug\IIR_filterProject_DFB.a(LEDs.o)
                0x00001bec                LEDs_Read
 .text.SampleKlaar_StartEx
                0x00001c04       0x24 .\ARM_GCC_541\Debug\IIR_filterProject_DFB.a(SampleKlaar.o)
                0x00001c04                SampleKlaar_StartEx
 .text.SampleKlaar_SetVector
                0x00001c28       0x24 .\ARM_GCC_541\Debug\IIR_filterProject_DFB.a(SampleKlaar.o)
                0x00001c28                SampleKlaar_SetVector
 .text.SampleKlaar_SetPriority
                0x00001c4c       0x24 .\ARM_GCC_541\Debug\IIR_filterProject_DFB.a(SampleKlaar.o)
                0x00001c4c                SampleKlaar_SetPriority
 .text.SampleKlaar_Enable
                0x00001c70       0x18 .\ARM_GCC_541\Debug\IIR_filterProject_DFB.a(SampleKlaar.o)
                0x00001c70                SampleKlaar_Enable
 .text.SampleKlaar_Disable
                0x00001c88       0x18 .\ARM_GCC_541\Debug\IIR_filterProject_DFB.a(SampleKlaar.o)
                0x00001c88                SampleKlaar_Disable
 .text.I2C_Codec_control_Init
                0x00001ca0       0xa0 .\ARM_GCC_541\Debug\IIR_filterProject_DFB.a(I2C_Codec_control.o)
                0x00001ca0                I2C_Codec_control_Init
 .text.I2C_Codec_control_Enable
                0x00001d40       0x20 .\ARM_GCC_541\Debug\IIR_filterProject_DFB.a(I2C_Codec_control.o)
                0x00001d40                I2C_Codec_control_Enable
 .text.I2C_Codec_control_Start
                0x00001d60       0x2c .\ARM_GCC_541\Debug\IIR_filterProject_DFB.a(I2C_Codec_control.o)
                0x00001d60                I2C_Codec_control_Start
 .text.I2C_Codec_control_ISR
                0x00001d8c      0x408 .\ARM_GCC_541\Debug\IIR_filterProject_DFB.a(I2C_Codec_control_INT.o)
                0x00001d8c                I2C_Codec_control_ISR
 .text.I2C_Codec_control_MasterWriteBuf
                0x00002194      0x120 .\ARM_GCC_541\Debug\IIR_filterProject_DFB.a(I2C_Codec_control_MASTER.o)
                0x00002194                I2C_Codec_control_MasterWriteBuf
 .text.I2C_Codec_control_MasterStatus
                0x000022b4       0x4c .\ARM_GCC_541\Debug\IIR_filterProject_DFB.a(I2C_Codec_control_MASTER.o)
                0x000022b4                I2C_Codec_control_MasterStatus
 .text.I2C_Codec_control_MasterClearStatus
                0x00002300       0x38 .\ARM_GCC_541\Debug\IIR_filterProject_DFB.a(I2C_Codec_control_MASTER.o)
                0x00002300                I2C_Codec_control_MasterClearStatus
 .text.I2S_Codec_audio_Enable
                0x00002338       0x48 .\ARM_GCC_541\Debug\IIR_filterProject_DFB.a(I2S_Codec_audio.o)
                0x00002338                I2S_Codec_audio_Enable
 .text.I2S_Codec_audio_Init
                0x00002380       0x48 .\ARM_GCC_541\Debug\IIR_filterProject_DFB.a(I2S_Codec_audio.o)
                0x00002380                I2S_Codec_audio_Init
 .text.I2S_Codec_audio_Start
                0x000023c8       0x24 .\ARM_GCC_541\Debug\IIR_filterProject_DFB.a(I2S_Codec_audio.o)
                0x000023c8                I2S_Codec_audio_Start
 .text.I2S_Codec_audio_EnableTx
                0x000023ec       0x48 .\ARM_GCC_541\Debug\IIR_filterProject_DFB.a(I2S_Codec_audio.o)
                0x000023ec                I2S_Codec_audio_EnableTx
 .text.I2S_Codec_audio_EnableRx
                0x00002434       0x48 .\ARM_GCC_541\Debug\IIR_filterProject_DFB.a(I2S_Codec_audio.o)
                0x00002434                I2S_Codec_audio_EnableRx
 .text.I2S_EN_Write
                0x0000247c       0x20 .\ARM_GCC_541\Debug\IIR_filterProject_DFB.a(I2S_EN.o)
                0x0000247c                I2S_EN_Write
 .text.VOL_Start
                0x0000249c       0x24 .\ARM_GCC_541\Debug\IIR_filterProject_DFB.a(VOL.o)
                0x0000249c                VOL_Start
 .text.VOL_Init
                0x000024c0       0x48 .\ARM_GCC_541\Debug\IIR_filterProject_DFB.a(VOL.o)
                0x000024c0                VOL_Init
 .text.VOL_Enable
                0x00002508       0xf4 .\ARM_GCC_541\Debug\IIR_filterProject_DFB.a(VOL.o)
                0x00002508                VOL_Enable
 .text.VOL_SetResolution
                0x000025fc       0x54 .\ARM_GCC_541\Debug\IIR_filterProject_DFB.a(VOL.o)
                0x000025fc                VOL_SetResolution
 .text.VOL_StartConvert
                0x00002650       0x20 .\ARM_GCC_541\Debug\IIR_filterProject_DFB.a(VOL.o)
                0x00002650                VOL_StartConvert
 .text.VOL_GetResult8
                0x00002670       0x28 .\ARM_GCC_541\Debug\IIR_filterProject_DFB.a(VOL.o)
                0x00002670                VOL_GetResult8
 .text.VOL_CalcGain
                0x00002698       0x80 .\ARM_GCC_541\Debug\IIR_filterProject_DFB.a(VOL.o)
 .text.VOL_ISR  0x00002718        0xc .\ARM_GCC_541\Debug\IIR_filterProject_DFB.a(VOL_INT.o)
                0x00002718                VOL_ISR
 .text.LINE_Start
                0x00002724       0x24 .\ARM_GCC_541\Debug\IIR_filterProject_DFB.a(LINE.o)
                0x00002724                LINE_Start
 .text.LINE_Init
                0x00002748       0x48 .\ARM_GCC_541\Debug\IIR_filterProject_DFB.a(LINE.o)
                0x00002748                LINE_Init
 .text.LINE_Enable
                0x00002790       0xf4 .\ARM_GCC_541\Debug\IIR_filterProject_DFB.a(LINE.o)
                0x00002790                LINE_Enable
 .text.LINE_SetResolution
                0x00002884       0x54 .\ARM_GCC_541\Debug\IIR_filterProject_DFB.a(LINE.o)
                0x00002884                LINE_SetResolution
 .text.LINE_StartConvert
                0x000028d8       0x20 .\ARM_GCC_541\Debug\IIR_filterProject_DFB.a(LINE.o)
                0x000028d8                LINE_StartConvert
 .text.LINE_GetResult8
                0x000028f8       0x28 .\ARM_GCC_541\Debug\IIR_filterProject_DFB.a(LINE.o)
                0x000028f8                LINE_GetResult8
 .text.LINE_CalcGain
                0x00002920       0x80 .\ARM_GCC_541\Debug\IIR_filterProject_DFB.a(LINE.o)
 .text.LINE_ISR
                0x000029a0        0xc .\ARM_GCC_541\Debug\IIR_filterProject_DFB.a(LINE_INT.o)
                0x000029a0                LINE_ISR
 .text.VOL_theACLK_SetModeRegister
                0x000029ac       0x34 .\ARM_GCC_541\Debug\IIR_filterProject_DFB.a(VOL_theACLK.o)
                0x000029ac                VOL_theACLK_SetModeRegister
 .text.LINE_theACLK_SetModeRegister
                0x000029e0       0x34 .\ARM_GCC_541\Debug\IIR_filterProject_DFB.a(LINE_theACLK.o)
                0x000029e0                LINE_theACLK_SetModeRegister
 .text.SampleVraag_StartEx
                0x00002a14       0x24 .\ARM_GCC_541\Debug\IIR_filterProject_DFB.a(SampleVraag.o)
                0x00002a14                SampleVraag_StartEx
 .text.SampleVraag_SetVector
                0x00002a38       0x24 .\ARM_GCC_541\Debug\IIR_filterProject_DFB.a(SampleVraag.o)
                0x00002a38                SampleVraag_SetVector
 .text.SampleVraag_SetPriority
                0x00002a5c       0x24 .\ARM_GCC_541\Debug\IIR_filterProject_DFB.a(SampleVraag.o)
                0x00002a5c                SampleVraag_SetPriority
 .text.SampleVraag_Enable
                0x00002a80       0x18 .\ARM_GCC_541\Debug\IIR_filterProject_DFB.a(SampleVraag.o)
                0x00002a80                SampleVraag_Enable
 .text.SampleVraag_Disable
                0x00002a98       0x18 .\ARM_GCC_541\Debug\IIR_filterProject_DFB.a(SampleVraag.o)
                0x00002a98                SampleVraag_Disable
 .text.AnalogeIngang_R_Init
                0x00002ab0       0x10 .\ARM_GCC_541\Debug\IIR_filterProject_DFB.a(AnalogeIngang_R.o)
                0x00002ab0                AnalogeIngang_R_Init
 .text.AnalogeIngang_R_Enable
                0x00002ac0       0x48 .\ARM_GCC_541\Debug\IIR_filterProject_DFB.a(AnalogeIngang_R.o)
                0x00002ac0                AnalogeIngang_R_Enable
 .text.AnalogeIngang_R_Start
                0x00002b08       0x24 .\ARM_GCC_541\Debug\IIR_filterProject_DFB.a(AnalogeIngang_R.o)
                0x00002b08                AnalogeIngang_R_Start
 .text.AnalogeIngang_R_SetPower
                0x00002b2c       0x40 .\ARM_GCC_541\Debug\IIR_filterProject_DFB.a(AnalogeIngang_R.o)
                0x00002b2c                AnalogeIngang_R_SetPower
 .text.AnalogeIngang_L_Init
                0x00002b6c       0x10 .\ARM_GCC_541\Debug\IIR_filterProject_DFB.a(AnalogeIngang_L.o)
                0x00002b6c                AnalogeIngang_L_Init
 .text.AnalogeIngang_L_Enable
                0x00002b7c       0x48 .\ARM_GCC_541\Debug\IIR_filterProject_DFB.a(AnalogeIngang_L.o)
                0x00002b7c                AnalogeIngang_L_Enable
 .text.AnalogeIngang_L_Start
                0x00002bc4       0x24 .\ARM_GCC_541\Debug\IIR_filterProject_DFB.a(AnalogeIngang_L.o)
                0x00002bc4                AnalogeIngang_L_Start
 .text.AnalogeIngang_L_SetPower
                0x00002be8       0x40 .\ARM_GCC_541\Debug\IIR_filterProject_DFB.a(AnalogeIngang_L.o)
                0x00002be8                AnalogeIngang_L_SetPower
 .text.Filter_Init
                0x00002c28      0x108 .\ARM_GCC_541\Debug\IIR_filterProject_DFB.a(Filter.o)
                0x00002c28                Filter_Init
 .text.Filter_Enable
                0x00002d30       0x48 .\ARM_GCC_541\Debug\IIR_filterProject_DFB.a(Filter.o)
                0x00002d30                Filter_Enable
 .text.Filter_Start
                0x00002d78       0x24 .\ARM_GCC_541\Debug\IIR_filterProject_DFB.a(Filter.o)
                0x00002d78                Filter_Start
 .text.Filter_Read16
                0x00002d9c       0x40 .\ARM_GCC_541\Debug\IIR_filterProject_DFB.a(Filter.o)
                0x00002d9c                Filter_Read16
 .text.Filter_Write16
                0x00002ddc       0x3c .\ARM_GCC_541\Debug\IIR_filterProject_DFB.a(Filter.o)
                0x00002ddc                Filter_Write16
 .text.Filter_SetInterruptMode
                0x00002e18       0x28 .\ARM_GCC_541\Debug\IIR_filterProject_DFB.a(Filter_PVT.o)
                0x00002e18                Filter_SetInterruptMode
 .text.Filter_SetDMAMode
                0x00002e40       0x28 .\ARM_GCC_541\Debug\IIR_filterProject_DFB.a(Filter_PVT.o)
                0x00002e40                Filter_SetDMAMode
 .text          0x00002e68       0x54 .\ARM_GCC_541\Debug\IIR_filterProject_DFB.a(CyBootAsmGnu.o)
                0x00002e68                CyDelayCycles
                0x00002ea6                CyEnterCriticalSection
                0x00002eae                CyExitCriticalSection
 .text.__errno  0x00002ebc        0xc c:/program files (x86)/cypress/psoc creator/4.1/psoc creator/import/gnu/arm/5.4.1/bin/../lib/gcc/arm-none-eabi/5.4.1/../../../../arm-none-eabi/lib/armv7-m\libg_nano.a(lib_a-errno.o)
                0x00002ebc                __errno
 .text.__libc_init_array
                0x00002ec8       0x4c c:/program files (x86)/cypress/psoc creator/4.1/psoc creator/import/gnu/arm/5.4.1/bin/../lib/gcc/arm-none-eabi/5.4.1/../../../../arm-none-eabi/lib/armv7-m\libg_nano.a(lib_a-init.o)
                0x00002ec8                __libc_init_array
 .text.memcpy   0x00002f14       0x16 c:/program files (x86)/cypress/psoc creator/4.1/psoc creator/import/gnu/arm/5.4.1/bin/../lib/gcc/arm-none-eabi/5.4.1/../../../../arm-none-eabi/lib/armv7-m\libg_nano.a(lib_a-memcpy-stub.o)
                0x00002f14                memcpy
 .text.memset   0x00002f2a       0x10 c:/program files (x86)/cypress/psoc creator/4.1/psoc creator/import/gnu/arm/5.4.1/bin/../lib/gcc/arm-none-eabi/5.4.1/../../../../arm-none-eabi/lib/armv7-m\libg_nano.a(lib_a-memset.o)
                0x00002f2a                memset
 *(.plt)
 *(.gnu.warning)
 *(.glue_7t)
 .glue_7t       0x00002f3a        0x0 linker stubs
 *(.glue_7)
 .glue_7        0x00002f3a        0x0 linker stubs
 *(.vfp11_veneer)
 .vfp11_veneer  0x00002f3a        0x0 linker stubs
 *(.bootloader)
 *(.ARM.extab* .gnu.linkonce.armextab.*)
 *(.gcc_except_table)

.v4_bx          0x00002f3c        0x0
 .v4_bx         0x00002f3c        0x0 linker stubs

.iplt           0x00002f3c        0x0
 .iplt          0x00002f3c        0x0 c:/program files (x86)/cypress/psoc creator/4.1/psoc creator/import/gnu/arm/5.4.1/bin/../lib/gcc/arm-none-eabi/5.4.1/armv7-m/crtbegin.o

.eh_frame_hdr
 *(.eh_frame_hdr)

.eh_frame       0x00002f3c        0x4
 *(.eh_frame)
 .eh_frame      0x00002f3c        0x0 c:/program files (x86)/cypress/psoc creator/4.1/psoc creator/import/gnu/arm/5.4.1/bin/../lib/gcc/arm-none-eabi/5.4.1/armv7-m/crtbegin.o
 .eh_frame      0x00002f3c        0x4 c:/program files (x86)/cypress/psoc creator/4.1/psoc creator/import/gnu/arm/5.4.1/bin/../lib/gcc/arm-none-eabi/5.4.1/armv7-m/crtend.o
                [!provide]                PROVIDE (__exidx_start, .)

.ARM.exidx
 *(.ARM.exidx* .gnu.linkonce.armexidx.*)
                0x00002f40                __exidx_end = .

.rodata         0x00002f40      0x830
 *(.rodata .rodata.* .gnu.linkonce.r.*)
 .rodata        0x00002f40       0x62 .\ARM_GCC_541\Debug\main.o
 *fill*         0x00002fa2        0x2 
 .rodata        0x00002fa4       0x16 .\ARM_GCC_541\Debug\audioCodec.o
                0x00002fa4                CodecInitData
 *fill*         0x00002fba        0x2 
 .rodata        0x00002fbc      0x138 .\ARM_GCC_541\Debug\cyfitter_cfg.o
 .rodata        0x000030f4      0x640 .\ARM_GCC_541\Debug\IIR_filterProject_DFB.a(Filter_RAM_Data.o)
                0x000030f4                Filter_control
                0x000031f4                Filter_data_a
                0x000033f4                Filter_data_b
                0x000035f4                Filter_acu
                0x00003634                Filter_cfsm
 .rodata.str1.1
                0x00003734        0x2 c:/program files (x86)/cypress/psoc creator/4.1/psoc creator/import/gnu/arm/5.4.1/bin/../lib/gcc/arm-none-eabi/5.4.1/../../../../arm-none-eabi/lib/armv7-m\libg_nano.a(lib_a-impure.o)
                0x00003738                . = ALIGN (0x4)
 *fill*         0x00003736        0x2 
 *(.init)
 .init          0x00003738        0x4 c:/program files (x86)/cypress/psoc creator/4.1/psoc creator/import/gnu/arm/5.4.1/bin/../lib/gcc/arm-none-eabi/5.4.1/armv7-m/crti.o
                0x00003738                _init
 .init          0x0000373c        0x8 c:/program files (x86)/cypress/psoc creator/4.1/psoc creator/import/gnu/arm/5.4.1/bin/../lib/gcc/arm-none-eabi/5.4.1/armv7-m/crtn.o
                0x00003744                . = ALIGN (0x4)
                0x00003744                __preinit_array_start = .
 *(.preinit_array)
                0x00003744                __preinit_array_end = .
                0x00003744                . = ALIGN (0x4)
                0x00003744                __init_array_start = .
 *(SORT(.init_array.*))
 *(.init_array)
 .init_array    0x00003744        0x4 c:/program files (x86)/cypress/psoc creator/4.1/psoc creator/import/gnu/arm/5.4.1/bin/../lib/gcc/arm-none-eabi/5.4.1/armv7-m/crtbegin.o
 .init_array    0x00003748        0x4 .\ARM_GCC_541\Debug\Cm3Start.o
                0x0000374c                __init_array_end = .
                0x0000374c                . = ALIGN (0x4)
 *(.fini)
 .fini          0x0000374c        0x4 c:/program files (x86)/cypress/psoc creator/4.1/psoc creator/import/gnu/arm/5.4.1/bin/../lib/gcc/arm-none-eabi/5.4.1/armv7-m/crti.o
                0x0000374c                _fini
 .fini          0x00003750        0x8 c:/program files (x86)/cypress/psoc creator/4.1/psoc creator/import/gnu/arm/5.4.1/bin/../lib/gcc/arm-none-eabi/5.4.1/armv7-m/crtn.o
                0x00003758                . = ALIGN (0x4)
                0x00003758                __fini_array_start = .
 *(.fini_array)
 .fini_array    0x00003758        0x4 c:/program files (x86)/cypress/psoc creator/4.1/psoc creator/import/gnu/arm/5.4.1/bin/../lib/gcc/arm-none-eabi/5.4.1/armv7-m/crtbegin.o
 *(SORT(.fini_array.*))
                0x0000375c                __fini_array_end = .
                0x0000375c                . = ALIGN (0x4)
 *crtbegin.o(.ctors)
 *(EXCLUDE_FILE(*crtend.o) .ctors)
 *(SORT(.ctors.*))
 *crtend.o(.ctors)
                0x0000375c                . = ALIGN (0x4)
 *crtbegin.o(.dtors)
 *(EXCLUDE_FILE(*crtend.o) .dtors)
 *(SORT(.dtors.*))
 *crtend.o(.dtors)
                0x0000375c                . = ALIGN (0x4)
                0x0000375c                __cy_regions = .
                0x0000375c        0x4 LONG 0x3770 __cy_region_init_ram
                0x00003760        0x4 LONG 0x1fff80c8 __cy_region_start_data
                0x00003764        0x4 LONG 0x88 __cy_region_init_size_ram
                0x00003768        0x4 LONG 0x98 __cy_region_zero_size_ram
                0x0000376c                __cy_regions_end = .
                0x00003770                . = ALIGN (0x8)
 *fill*         0x0000376c        0x4 
                0x00003770                _etext = .

.cy_checksum_exclude
                0x00003770        0x0
 *(.cy_checksum_exclude)

.ramvectors     0x1fff8000       0xc0
                0x1fff8000                __cy_region_start_ram = .
 *(.ramvectors)
 .ramvectors    0x1fff8000       0xc0 .\ARM_GCC_541\Debug\Cm3Start.o
                0x1fff8000                CyRamVectors

.noinit         0x1fff80c0        0x5
 *(.noinit)
 .noinit        0x1fff80c0        0x4 .\ARM_GCC_541\Debug\Cm3Start.o
 .noinit        0x1fff80c4        0x1 .\ARM_GCC_541\Debug\IIR_filterProject_DFB.a(CyLib.o)
                0x1fff80c4                CyResetStatus

.data           0x1fff80c8       0x88 load address 0x00003770
                0x1fff80c8                __cy_region_start_data = .
 *(.jcr)
 .jcr           0x1fff80c8        0x0 c:/program files (x86)/cypress/psoc creator/4.1/psoc creator/import/gnu/arm/5.4.1/bin/../lib/gcc/arm-none-eabi/5.4.1/armv7-m/crtbegin.o
 .jcr           0x1fff80c8        0x4 c:/program files (x86)/cypress/psoc creator/4.1/psoc creator/import/gnu/arm/5.4.1/bin/../lib/gcc/arm-none-eabi/5.4.1/armv7-m/crtend.o
 *(.got.plt)
 *(.got)
 *(.shdata)
 *(.data .data.* .gnu.linkonce.d.*)
 .data          0x1fff80cc        0x1 .\ARM_GCC_541\Debug\main.o
                0x1fff80cc                ClipIndicator
 *fill*         0x1fff80cd        0x1 
 .data          0x1fff80ce        0x4 .\ARM_GCC_541\Debug\audioCodec.o
 .data          0x1fff80d2        0x1 .\ARM_GCC_541\Debug\IIR_filterProject_DFB.a(RxDMA_dma.o)
                0x1fff80d2                RxDMA_DmaHandle
 .data          0x1fff80d3        0x1 .\ARM_GCC_541\Debug\IIR_filterProject_DFB.a(TxDMA_dma.o)
                0x1fff80d3                TxDMA_DmaHandle
 .data          0x1fff80d4        0x8 .\ARM_GCC_541\Debug\IIR_filterProject_DFB.a(CyDmac.o)
 .data          0x1fff80dc       0x10 .\ARM_GCC_541\Debug\IIR_filterProject_DFB.a(CyLib.o)
                0x1fff80dc                cydelay_freq_hz
                0x1fff80e0                cydelay_freq_khz
                0x1fff80e4                cydelay_freq_mhz
                0x1fff80e8                cydelay_32k_ms
 .data.impure_data
                0x1fff80ec       0x60 c:/program files (x86)/cypress/psoc creator/4.1/psoc creator/import/gnu/arm/5.4.1/bin/../lib/gcc/arm-none-eabi/5.4.1/../../../../arm-none-eabi/lib/armv7-m\libg_nano.a(lib_a-impure.o)
 .data._impure_ptr
                0x1fff814c        0x4 c:/program files (x86)/cypress/psoc creator/4.1/psoc creator/import/gnu/arm/5.4.1/bin/../lib/gcc/arm-none-eabi/5.4.1/../../../../arm-none-eabi/lib/armv7-m\libg_nano.a(lib_a-impure.o)
                0x1fff814c                _impure_ptr
                0x1fff8150                . = ALIGN (0x8)
 *(.ram)
                0x1fff8150                _edata = .

.igot.plt       0x1fff8150        0x0 load address 0x000037f8
 .igot.plt      0x1fff8150        0x0 c:/program files (x86)/cypress/psoc creator/4.1/psoc creator/import/gnu/arm/5.4.1/bin/../lib/gcc/arm-none-eabi/5.4.1/armv7-m/crtbegin.o

.bss            0x1fff8150       0x98 load address 0x000037f8
                0x1fff8150                PROVIDE (__bss_start__, .)
 *(.shbss)
 *(.bss .bss.* .gnu.linkonce.b.*)
 .bss           0x1fff8150       0x1c c:/program files (x86)/cypress/psoc creator/4.1/psoc creator/import/gnu/arm/5.4.1/bin/../lib/gcc/arm-none-eabi/5.4.1/armv7-m/crtbegin.o
 .bss           0x1fff816c        0x9 .\ARM_GCC_541\Debug\dma.o
 *fill*         0x1fff8175        0x1 
 .bss           0x1fff8176        0x6 .\ARM_GCC_541\Debug\audioCodec.o
 *fill*         0x1fff817c        0x4 
 .bss           0x1fff8180        0x4 .\ARM_GCC_541\Debug\cyfitter_cfg.o
 .bss           0x1fff8184        0x2 .\ARM_GCC_541\Debug\IIR_filterProject_DFB.a(LCD.o)
                0x1fff8184                LCD_enableState
                0x1fff8185                LCD_initVar
 .bss           0x1fff8186        0x1 .\ARM_GCC_541\Debug\IIR_filterProject_DFB.a(I2C_Codec_control.o)
                0x1fff8186                I2C_Codec_control_initVar
 .bss           0x1fff8187        0x1 .\ARM_GCC_541\Debug\IIR_filterProject_DFB.a(I2S_Codec_audio.o)
                0x1fff8187                I2S_Codec_audio_initVar
 .bss           0x1fff8188        0x1 .\ARM_GCC_541\Debug\IIR_filterProject_DFB.a(VOL.o)
                0x1fff8188                VOL_initVar
 .bss           0x1fff8189        0x1 .\ARM_GCC_541\Debug\IIR_filterProject_DFB.a(LINE.o)
                0x1fff8189                LINE_initVar
 .bss           0x1fff818a        0x1 .\ARM_GCC_541\Debug\IIR_filterProject_DFB.a(AnalogeIngang_R.o)
                0x1fff818a                AnalogeIngang_R_initVar
 .bss           0x1fff818b        0x1 .\ARM_GCC_541\Debug\IIR_filterProject_DFB.a(AnalogeIngang_L.o)
                0x1fff818b                AnalogeIngang_L_initVar
 .bss           0x1fff818c        0x1 .\ARM_GCC_541\Debug\IIR_filterProject_DFB.a(Filter.o)
                0x1fff818c                Filter_initVar
 *(COMMON)
 *fill*         0x1fff818d        0x3 
 COMMON         0x1fff8190       0x28 .\ARM_GCC_541\Debug\main.o
                0x1fff8190                maxR
                0x1fff8194                sampleIn
                0x1fff8198                LineVolume
                0x1fff819c                txBuff
                0x1fff81a0                sampleUit
                0x1fff81a4                HPvolume
                0x1fff81a8                rxBuff
                0x1fff81ac                displayVolume
                0x1fff81b0                maxL
                0x1fff81b4                cyclusTel
 COMMON         0x1fff81b8        0x1 .\ARM_GCC_541\Debug\IIR_filterProject_DFB.a(I2C_Codec_control.o)
                0x1fff81b8                I2C_Codec_control_state
 *fill*         0x1fff81b9        0x3 
 COMMON         0x1fff81bc       0x14 .\ARM_GCC_541\Debug\IIR_filterProject_DFB.a(I2C_Codec_control_MASTER.o)
                0x1fff81bc                I2C_Codec_control_mstrStatus
                0x1fff81c0                I2C_Codec_control_mstrRdBufPtr
                0x1fff81c4                I2C_Codec_control_mstrRdBufSize
                0x1fff81c5                I2C_Codec_control_mstrWrBufSize
                0x1fff81c6                I2C_Codec_control_mstrControl
                0x1fff81c7                I2C_Codec_control_mstrWrBufIndex
                0x1fff81c8                I2C_Codec_control_mstrRdBufIndex
                0x1fff81cc                I2C_Codec_control_mstrWrBufPtr
 COMMON         0x1fff81d0        0xc .\ARM_GCC_541\Debug\IIR_filterProject_DFB.a(VOL.o)
                0x1fff81d0                VOL_shift
                0x1fff81d2                VOL_countsPerVolt
                0x1fff81d4                VOL_offset
                0x1fff81d8                VOL_countsPer10Volt
 COMMON         0x1fff81dc        0xa .\ARM_GCC_541\Debug\IIR_filterProject_DFB.a(LINE.o)
                0x1fff81dc                LINE_countsPer10Volt
                0x1fff81e0                LINE_offset
                0x1fff81e2                LINE_countsPerVolt
                0x1fff81e4                LINE_shift
                0x1fff81e8                . = ALIGN (0x8)
 *fill*         0x1fff81e6        0x2 
 *(.ram.b)
                0x1fff81e8                _end = .
                0x1fff81e8                __end = .
                0x1fff81e8                PROVIDE (end, .)
                0x1fff81e8                PROVIDE (__bss_end__, .)
                0x00003770                __cy_region_init_ram = LOADADDR (.data)
                0x00000088                __cy_region_init_size_ram = (_edata - ADDR (.data))
                0x00000098                __cy_region_zero_size_ram = (_end - _edata)

.heap           0x1fff81e8       0x80 load address 0x000037f8
                0x1fff81e8                . = _end
                0x1fff8268                . = (. + 0x80)
 *fill*         0x1fff81e8       0x80 
                0x1fff8268                __cy_heap_limit = .

.stack          0x20007800      0x800
                0x20007800                __cy_stack_limit = .
                0x20008000                . = (. + 0x800)
 *fill*         0x20007800      0x800 
                0x00000001                ASSERT ((__cy_stack_limit >= __cy_heap_limit), region RAM overflowed with stack)
                0x00000000                cy_checksum_exclude_size = (CY_APPL_LOADABLE == 0x1)?SIZEOF (.cy_checksum_exclude):0x0
                0x00000001                ASSERT ((cy_checksum_exclude_size <= CY_CHECKSUM_EXCLUDE_SIZE), CY_BOOT: Section .cy_checksum_exclude size exceedes specified limit.)

.cyloadermeta
 *(.cyloadermeta)

.cyloadablemeta
 *(.cyloadablemeta)

.cyconfigecc    0x80000000     0x1af0
 *(.cyconfigecc)
 .cyconfigecc   0x80000000     0x1af0 .\ARM_GCC_541\Debug\cymetadata.o
                0x80000000                cy_meta_configecc

.cycustnvl      0x90000000        0x4
 *(.cycustnvl)
 .cycustnvl     0x90000000        0x4 .\ARM_GCC_541\Debug\cymetadata.o
                0x90000000                cy_meta_custnvl

.cywolatch      0x90100000        0x4
 *(.cywolatch)
 .cywolatch     0x90100000        0x4 .\ARM_GCC_541\Debug\cymetadata.o
                0x90100000                cy_meta_wonvl

.cyeeprom       0x90200000        0x0
 *(.cyeeprom)
                0x00000001                ASSERT ((. <= ((0x90200000 + ee_offset) + ee_size)), .cyeeprom data will not fit in EEPROM)

.cyflashprotect
                0x90400000      0x100
 *(.cyflashprotect)
 .cyflashprotect
                0x90400000      0x100 .\ARM_GCC_541\Debug\cymetadata.o
                0x90400000                cy_meta_flashprotect

.cymeta         0x90500000        0xc
 *(.cymeta)
 .cymeta        0x90500000        0xc .\ARM_GCC_541\Debug\cymetadata.o
                0x90500000                cy_metadata

.rel.dyn        0x000037f8        0x0 load address 0x9050000c
 .rel.iplt      0x000037f8        0x0 c:/program files (x86)/cypress/psoc creator/4.1/psoc creator/import/gnu/arm/5.4.1/bin/../lib/gcc/arm-none-eabi/5.4.1/armv7-m/crtbegin.o

.stab
 *(.stab)

.stabstr
 *(.stabstr)

.debug
 *(.debug)

.line
 *(.line)

.debug_srcinfo
 *(.debug_srcinfo)

.debug_sfnames
 *(.debug_sfnames)

.debug_aranges  0x00000000      0xe08
 *(.debug_aranges)
 .debug_aranges
                0x00000000       0x28 .\ARM_GCC_541\Debug\main.o
 .debug_aranges
                0x00000028       0x38 .\ARM_GCC_541\Debug\dma.o
 .debug_aranges
                0x00000060       0x50 .\ARM_GCC_541\Debug\audioCodec.o
 .debug_aranges
                0x000000b0       0x60 .\ARM_GCC_541\Debug\cyfitter_cfg.o
 .debug_aranges
                0x00000110       0x18 .\ARM_GCC_541\Debug\cymetadata.o
 .debug_aranges
                0x00000128       0x48 .\ARM_GCC_541\Debug\Cm3Start.o
 .debug_aranges
                0x00000170       0x28 .\ARM_GCC_541\Debug\IIR_filterProject_DFB.a(RxDMA_dma.o)
 .debug_aranges
                0x00000198       0x98 .\ARM_GCC_541\Debug\IIR_filterProject_DFB.a(LCD.o)
 .debug_aranges
                0x00000230       0x28 .\ARM_GCC_541\Debug\IIR_filterProject_DFB.a(TxDMA_dma.o)
 .debug_aranges
                0x00000258       0x28 .\ARM_GCC_541\Debug\IIR_filterProject_DFB.a(CLIP.o)
 .debug_aranges
                0x00000280       0xd8 .\ARM_GCC_541\Debug\IIR_filterProject_DFB.a(CyDmac.o)
 .debug_aranges
                0x00000358      0x2a0 .\ARM_GCC_541\Debug\IIR_filterProject_DFB.a(CyLib.o)
 .debug_aranges
                0x000005f8       0x98 .\ARM_GCC_541\Debug\IIR_filterProject_DFB.a(cyPm.o)
 .debug_aranges
                0x00000690       0x28 .\ARM_GCC_541\Debug\IIR_filterProject_DFB.a(LEDs.o)
 .debug_aranges
                0x000006b8       0x80 .\ARM_GCC_541\Debug\IIR_filterProject_DFB.a(SampleKlaar.o)
 .debug_aranges
                0x00000738       0x38 .\ARM_GCC_541\Debug\IIR_filterProject_DFB.a(I2C_Codec_control.o)
 .debug_aranges
                0x00000770       0x20 .\ARM_GCC_541\Debug\IIR_filterProject_DFB.a(I2C_Codec_control_INT.o)
 .debug_aranges
                0x00000790       0x80 .\ARM_GCC_541\Debug\IIR_filterProject_DFB.a(I2C_Codec_control_MASTER.o)
 .debug_aranges
                0x00000810       0x68 .\ARM_GCC_541\Debug\IIR_filterProject_DFB.a(I2S_Codec_audio.o)
 .debug_aranges
                0x00000878       0x28 .\ARM_GCC_541\Debug\IIR_filterProject_DFB.a(I2S_EN.o)
 .debug_aranges
                0x000008a0       0xa8 .\ARM_GCC_541\Debug\IIR_filterProject_DFB.a(VOL.o)
 .debug_aranges
                0x00000948       0x20 .\ARM_GCC_541\Debug\IIR_filterProject_DFB.a(VOL_INT.o)
 .debug_aranges
                0x00000968       0xa8 .\ARM_GCC_541\Debug\IIR_filterProject_DFB.a(LINE.o)
 .debug_aranges
                0x00000a10       0x20 .\ARM_GCC_541\Debug\IIR_filterProject_DFB.a(LINE_INT.o)
 .debug_aranges
                0x00000a30       0x80 .\ARM_GCC_541\Debug\IIR_filterProject_DFB.a(VOL_theACLK.o)
 .debug_aranges
                0x00000ab0       0x80 .\ARM_GCC_541\Debug\IIR_filterProject_DFB.a(LINE_theACLK.o)
 .debug_aranges
                0x00000b30       0x80 .\ARM_GCC_541\Debug\IIR_filterProject_DFB.a(SampleVraag.o)
 .debug_aranges
                0x00000bb0       0x40 .\ARM_GCC_541\Debug\IIR_filterProject_DFB.a(AnalogeIngang_R.o)
 .debug_aranges
                0x00000bf0       0x40 .\ARM_GCC_541\Debug\IIR_filterProject_DFB.a(AnalogeIngang_L.o)
 .debug_aranges
                0x00000c30       0x80 .\ARM_GCC_541\Debug\IIR_filterProject_DFB.a(Filter.o)
 .debug_aranges
                0x00000cb0       0x28 .\ARM_GCC_541\Debug\IIR_filterProject_DFB.a(Filter_PVT.o)
 .debug_aranges
                0x00000cd8       0x18 .\ARM_GCC_541\Debug\IIR_filterProject_DFB.a(Filter_RAM_Data.o)
 .debug_aranges
                0x00000cf0       0x20 .\ARM_GCC_541\Debug\IIR_filterProject_DFB.a(CyBootAsmGnu.o)
 .debug_aranges
                0x00000d10       0x80 .\ARM_GCC_541\Debug\IIR_filterProject_DFB.a(CyFlash.o)
 .debug_aranges
                0x00000d90       0x78 .\ARM_GCC_541\Debug\IIR_filterProject_DFB.a(CySpc.o)

.debug_pubnames
 *(.debug_pubnames)

.debug_info     0x00000000     0x6166
 *(.debug_info .gnu.linkonce.wi.*)
 .debug_info    0x00000000      0x1f8 .\ARM_GCC_541\Debug\main.o
 .debug_info    0x000001f8      0x1f3 .\ARM_GCC_541\Debug\dma.o
 .debug_info    0x000003eb      0x2d3 .\ARM_GCC_541\Debug\audioCodec.o
 .debug_info    0x000006be      0x3ec .\ARM_GCC_541\Debug\cyfitter_cfg.o
 .debug_info    0x00000aaa      0x139 .\ARM_GCC_541\Debug\cymetadata.o
 .debug_info    0x00000be3      0x32b .\ARM_GCC_541\Debug\Cm3Start.o
 .debug_info    0x00000f0e      0x11b .\ARM_GCC_541\Debug\IIR_filterProject_DFB.a(RxDMA_dma.o)
 .debug_info    0x00001029      0x3cf .\ARM_GCC_541\Debug\IIR_filterProject_DFB.a(LCD.o)
 .debug_info    0x000013f8      0x11b .\ARM_GCC_541\Debug\IIR_filterProject_DFB.a(TxDMA_dma.o)
 .debug_info    0x00001513       0xd7 .\ARM_GCC_541\Debug\IIR_filterProject_DFB.a(CLIP.o)
 .debug_info    0x000015ea      0x8c0 .\ARM_GCC_541\Debug\IIR_filterProject_DFB.a(CyDmac.o)
 .debug_info    0x00001eaa      0xe51 .\ARM_GCC_541\Debug\IIR_filterProject_DFB.a(CyLib.o)
 .debug_info    0x00002cfb      0x57a .\ARM_GCC_541\Debug\IIR_filterProject_DFB.a(cyPm.o)
 .debug_info    0x00003275       0xd7 .\ARM_GCC_541\Debug\IIR_filterProject_DFB.a(LEDs.o)
 .debug_info    0x0000334c      0x241 .\ARM_GCC_541\Debug\IIR_filterProject_DFB.a(SampleKlaar.o)
 .debug_info    0x0000358d      0x163 .\ARM_GCC_541\Debug\IIR_filterProject_DFB.a(I2C_Codec_control.o)
 .debug_info    0x000036f0      0x156 .\ARM_GCC_541\Debug\IIR_filterProject_DFB.a(I2C_Codec_control_INT.o)
 .debug_info    0x00003846      0x3f8 .\ARM_GCC_541\Debug\IIR_filterProject_DFB.a(I2C_Codec_control_MASTER.o)
 .debug_info    0x00003c3e      0x20b .\ARM_GCC_541\Debug\IIR_filterProject_DFB.a(I2S_Codec_audio.o)
 .debug_info    0x00003e49       0xd7 .\ARM_GCC_541\Debug\IIR_filterProject_DFB.a(I2S_EN.o)
 .debug_info    0x00003f20      0x47f .\ARM_GCC_541\Debug\IIR_filterProject_DFB.a(VOL.o)
 .debug_info    0x0000439f       0x92 .\ARM_GCC_541\Debug\IIR_filterProject_DFB.a(VOL_INT.o)
 .debug_info    0x00004431      0x47f .\ARM_GCC_541\Debug\IIR_filterProject_DFB.a(LINE.o)
 .debug_info    0x000048b0       0x92 .\ARM_GCC_541\Debug\IIR_filterProject_DFB.a(LINE_INT.o)
 .debug_info    0x00004942      0x299 .\ARM_GCC_541\Debug\IIR_filterProject_DFB.a(VOL_theACLK.o)
 .debug_info    0x00004bdb      0x299 .\ARM_GCC_541\Debug\IIR_filterProject_DFB.a(LINE_theACLK.o)
 .debug_info    0x00004e74      0x241 .\ARM_GCC_541\Debug\IIR_filterProject_DFB.a(SampleVraag.o)
 .debug_info    0x000050b5      0x125 .\ARM_GCC_541\Debug\IIR_filterProject_DFB.a(AnalogeIngang_R.o)
 .debug_info    0x000051da      0x125 .\ARM_GCC_541\Debug\IIR_filterProject_DFB.a(AnalogeIngang_L.o)
 .debug_info    0x000052ff      0x3b6 .\ARM_GCC_541\Debug\IIR_filterProject_DFB.a(Filter.o)
 .debug_info    0x000056b5       0xf0 .\ARM_GCC_541\Debug\IIR_filterProject_DFB.a(Filter_PVT.o)
 .debug_info    0x000057a5      0x137 .\ARM_GCC_541\Debug\IIR_filterProject_DFB.a(Filter_RAM_Data.o)
 .debug_info    0x000058dc       0xbf .\ARM_GCC_541\Debug\IIR_filterProject_DFB.a(CyBootAsmGnu.o)
 .debug_info    0x0000599b      0x371 .\ARM_GCC_541\Debug\IIR_filterProject_DFB.a(CyFlash.o)
 .debug_info    0x00005d0c      0x45a .\ARM_GCC_541\Debug\IIR_filterProject_DFB.a(CySpc.o)

.debug_abbrev   0x00000000     0x20e0
 *(.debug_abbrev)
 .debug_abbrev  0x00000000       0xaf .\ARM_GCC_541\Debug\main.o
 .debug_abbrev  0x000000af       0xbe .\ARM_GCC_541\Debug\dma.o
 .debug_abbrev  0x0000016d       0xf6 .\ARM_GCC_541\Debug\audioCodec.o
 .debug_abbrev  0x00000263      0x16b .\ARM_GCC_541\Debug\cyfitter_cfg.o
 .debug_abbrev  0x000003ce       0x77 .\ARM_GCC_541\Debug\cymetadata.o
 .debug_abbrev  0x00000445      0x1d6 .\ARM_GCC_541\Debug\Cm3Start.o
 .debug_abbrev  0x0000061b       0x8b .\ARM_GCC_541\Debug\IIR_filterProject_DFB.a(RxDMA_dma.o)
 .debug_abbrev  0x000006a6      0x120 .\ARM_GCC_541\Debug\IIR_filterProject_DFB.a(LCD.o)
 .debug_abbrev  0x000007c6       0x8b .\ARM_GCC_541\Debug\IIR_filterProject_DFB.a(TxDMA_dma.o)
 .debug_abbrev  0x00000851       0x81 .\ARM_GCC_541\Debug\IIR_filterProject_DFB.a(CLIP.o)
 .debug_abbrev  0x000008d2      0x194 .\ARM_GCC_541\Debug\IIR_filterProject_DFB.a(CyDmac.o)
 .debug_abbrev  0x00000a66      0x217 .\ARM_GCC_541\Debug\IIR_filterProject_DFB.a(CyLib.o)
 .debug_abbrev  0x00000c7d      0x161 .\ARM_GCC_541\Debug\IIR_filterProject_DFB.a(cyPm.o)
 .debug_abbrev  0x00000dde       0x81 .\ARM_GCC_541\Debug\IIR_filterProject_DFB.a(LEDs.o)
 .debug_abbrev  0x00000e5f      0x172 .\ARM_GCC_541\Debug\IIR_filterProject_DFB.a(SampleKlaar.o)
 .debug_abbrev  0x00000fd1       0xb9 .\ARM_GCC_541\Debug\IIR_filterProject_DFB.a(I2C_Codec_control.o)
 .debug_abbrev  0x0000108a       0x81 .\ARM_GCC_541\Debug\IIR_filterProject_DFB.a(I2C_Codec_control_INT.o)
 .debug_abbrev  0x0000110b      0x11e .\ARM_GCC_541\Debug\IIR_filterProject_DFB.a(I2C_Codec_control_MASTER.o)
 .debug_abbrev  0x00001229       0xd1 .\ARM_GCC_541\Debug\IIR_filterProject_DFB.a(I2S_Codec_audio.o)
 .debug_abbrev  0x000012fa       0x81 .\ARM_GCC_541\Debug\IIR_filterProject_DFB.a(I2S_EN.o)
 .debug_abbrev  0x0000137b      0x173 .\ARM_GCC_541\Debug\IIR_filterProject_DFB.a(VOL.o)
 .debug_abbrev  0x000014ee       0x42 .\ARM_GCC_541\Debug\IIR_filterProject_DFB.a(VOL_INT.o)
 .debug_abbrev  0x00001530      0x173 .\ARM_GCC_541\Debug\IIR_filterProject_DFB.a(LINE.o)
 .debug_abbrev  0x000016a3       0x42 .\ARM_GCC_541\Debug\IIR_filterProject_DFB.a(LINE_INT.o)
 .debug_abbrev  0x000016e5      0x11d .\ARM_GCC_541\Debug\IIR_filterProject_DFB.a(VOL_theACLK.o)
 .debug_abbrev  0x00001802      0x11d .\ARM_GCC_541\Debug\IIR_filterProject_DFB.a(LINE_theACLK.o)
 .debug_abbrev  0x0000191f      0x172 .\ARM_GCC_541\Debug\IIR_filterProject_DFB.a(SampleVraag.o)
 .debug_abbrev  0x00001a91       0xa8 .\ARM_GCC_541\Debug\IIR_filterProject_DFB.a(AnalogeIngang_R.o)
 .debug_abbrev  0x00001b39       0xa8 .\ARM_GCC_541\Debug\IIR_filterProject_DFB.a(AnalogeIngang_L.o)
 .debug_abbrev  0x00001be1      0x15e .\ARM_GCC_541\Debug\IIR_filterProject_DFB.a(Filter.o)
 .debug_abbrev  0x00001d3f       0x7f .\ARM_GCC_541\Debug\IIR_filterProject_DFB.a(Filter_PVT.o)
 .debug_abbrev  0x00001dbe       0x66 .\ARM_GCC_541\Debug\IIR_filterProject_DFB.a(Filter_RAM_Data.o)
 .debug_abbrev  0x00001e24       0x14 .\ARM_GCC_541\Debug\IIR_filterProject_DFB.a(CyBootAsmGnu.o)
 .debug_abbrev  0x00001e38      0x13c .\ARM_GCC_541\Debug\IIR_filterProject_DFB.a(CyFlash.o)
 .debug_abbrev  0x00001f74      0x16c .\ARM_GCC_541\Debug\IIR_filterProject_DFB.a(CySpc.o)

.debug_line     0x00000000     0x3722
 *(.debug_line)
 .debug_line    0x00000000      0x226 .\ARM_GCC_541\Debug\main.o
 .debug_line    0x00000226      0x1c0 .\ARM_GCC_541\Debug\dma.o
 .debug_line    0x000003e6      0x220 .\ARM_GCC_541\Debug\audioCodec.o
 .debug_line    0x00000606      0x236 .\ARM_GCC_541\Debug\cyfitter_cfg.o
 .debug_line    0x0000083c      0x141 .\ARM_GCC_541\Debug\cymetadata.o
 .debug_line    0x0000097d      0x1db .\ARM_GCC_541\Debug\Cm3Start.o
 .debug_line    0x00000b58       0x78 .\ARM_GCC_541\Debug\IIR_filterProject_DFB.a(RxDMA_dma.o)
 .debug_line    0x00000bd0      0x1e1 .\ARM_GCC_541\Debug\IIR_filterProject_DFB.a(LCD.o)
 .debug_line    0x00000db1       0x78 .\ARM_GCC_541\Debug\IIR_filterProject_DFB.a(TxDMA_dma.o)
 .debug_line    0x00000e29       0x6d .\ARM_GCC_541\Debug\IIR_filterProject_DFB.a(CLIP.o)
 .debug_line    0x00000e96      0x2b6 .\ARM_GCC_541\Debug\IIR_filterProject_DFB.a(CyDmac.o)
 .debug_line    0x0000114c      0x883 .\ARM_GCC_541\Debug\IIR_filterProject_DFB.a(CyLib.o)
 .debug_line    0x000019cf      0x38e .\ARM_GCC_541\Debug\IIR_filterProject_DFB.a(cyPm.o)
 .debug_line    0x00001d5d       0x6d .\ARM_GCC_541\Debug\IIR_filterProject_DFB.a(LEDs.o)
 .debug_line    0x00001dca      0x146 .\ARM_GCC_541\Debug\IIR_filterProject_DFB.a(SampleKlaar.o)
 .debug_line    0x00001f10       0xdd .\ARM_GCC_541\Debug\IIR_filterProject_DFB.a(I2C_Codec_control.o)
 .debug_line    0x00001fed      0x158 .\ARM_GCC_541\Debug\IIR_filterProject_DFB.a(I2C_Codec_control_INT.o)
 .debug_line    0x00002145      0x22c .\ARM_GCC_541\Debug\IIR_filterProject_DFB.a(I2C_Codec_control_MASTER.o)
 .debug_line    0x00002371      0x132 .\ARM_GCC_541\Debug\IIR_filterProject_DFB.a(I2S_Codec_audio.o)
 .debug_line    0x000024a3       0x6f .\ARM_GCC_541\Debug\IIR_filterProject_DFB.a(I2S_EN.o)
 .debug_line    0x00002512      0x207 .\ARM_GCC_541\Debug\IIR_filterProject_DFB.a(VOL.o)
 .debug_line    0x00002719       0x53 .\ARM_GCC_541\Debug\IIR_filterProject_DFB.a(VOL_INT.o)
 .debug_line    0x0000276c      0x208 .\ARM_GCC_541\Debug\IIR_filterProject_DFB.a(LINE.o)
 .debug_line    0x00002974       0x54 .\ARM_GCC_541\Debug\IIR_filterProject_DFB.a(LINE_INT.o)
 .debug_line    0x000029c8      0x1ce .\ARM_GCC_541\Debug\IIR_filterProject_DFB.a(VOL_theACLK.o)
 .debug_line    0x00002b96      0x1cf .\ARM_GCC_541\Debug\IIR_filterProject_DFB.a(LINE_theACLK.o)
 .debug_line    0x00002d65      0x156 .\ARM_GCC_541\Debug\IIR_filterProject_DFB.a(SampleVraag.o)
 .debug_line    0x00002ebb       0xb7 .\ARM_GCC_541\Debug\IIR_filterProject_DFB.a(AnalogeIngang_R.o)
 .debug_line    0x00002f72       0xb7 .\ARM_GCC_541\Debug\IIR_filterProject_DFB.a(AnalogeIngang_L.o)
 .debug_line    0x00003029      0x199 .\ARM_GCC_541\Debug\IIR_filterProject_DFB.a(Filter.o)
 .debug_line    0x000031c2       0x76 .\ARM_GCC_541\Debug\IIR_filterProject_DFB.a(Filter_PVT.o)
 .debug_line    0x00003238       0x56 .\ARM_GCC_541\Debug\IIR_filterProject_DFB.a(Filter_RAM_Data.o)
 .debug_line    0x0000328e       0x7d .\ARM_GCC_541\Debug\IIR_filterProject_DFB.a(CyBootAsmGnu.o)
 .debug_line    0x0000330b      0x205 .\ARM_GCC_541\Debug\IIR_filterProject_DFB.a(CyFlash.o)
 .debug_line    0x00003510      0x212 .\ARM_GCC_541\Debug\IIR_filterProject_DFB.a(CySpc.o)

.debug_frame    0x00000000     0x3594
 *(.debug_frame)
 .debug_frame   0x00000000       0x48 .\ARM_GCC_541\Debug\main.o
 .debug_frame   0x00000048       0x88 .\ARM_GCC_541\Debug\dma.o
 .debug_frame   0x000000d0      0x128 .\ARM_GCC_541\Debug\audioCodec.o
 .debug_frame   0x000001f8      0x160 .\ARM_GCC_541\Debug\cyfitter_cfg.o
 .debug_frame   0x00000358       0xd8 .\ARM_GCC_541\Debug\Cm3Start.o
 .debug_frame   0x00000430       0x58 .\ARM_GCC_541\Debug\IIR_filterProject_DFB.a(RxDMA_dma.o)
 .debug_frame   0x00000488      0x260 .\ARM_GCC_541\Debug\IIR_filterProject_DFB.a(LCD.o)
 .debug_frame   0x000006e8       0x58 .\ARM_GCC_541\Debug\IIR_filterProject_DFB.a(TxDMA_dma.o)
 .debug_frame   0x00000740       0x5c .\ARM_GCC_541\Debug\IIR_filterProject_DFB.a(CLIP.o)
 .debug_frame   0x0000079c      0x3d0 .\ARM_GCC_541\Debug\IIR_filterProject_DFB.a(CyDmac.o)
 .debug_frame   0x00000b6c      0xc0c .\ARM_GCC_541\Debug\IIR_filterProject_DFB.a(CyLib.o)
 .debug_frame   0x00001778      0x234 .\ARM_GCC_541\Debug\IIR_filterProject_DFB.a(cyPm.o)
 .debug_frame   0x000019ac       0x5c .\ARM_GCC_541\Debug\IIR_filterProject_DFB.a(LEDs.o)
 .debug_frame   0x00001a08      0x1e8 .\ARM_GCC_541\Debug\IIR_filterProject_DFB.a(SampleKlaar.o)
 .debug_frame   0x00001bf0       0x9c .\ARM_GCC_541\Debug\IIR_filterProject_DFB.a(I2C_Codec_control.o)
 .debug_frame   0x00001c8c       0x38 .\ARM_GCC_541\Debug\IIR_filterProject_DFB.a(I2C_Codec_control_INT.o)
 .debug_frame   0x00001cc4      0x208 .\ARM_GCC_541\Debug\IIR_filterProject_DFB.a(I2C_Codec_control_MASTER.o)
 .debug_frame   0x00001ecc      0x190 .\ARM_GCC_541\Debug\IIR_filterProject_DFB.a(I2S_Codec_audio.o)
 .debug_frame   0x0000205c       0x5c .\ARM_GCC_541\Debug\IIR_filterProject_DFB.a(I2S_EN.o)
 .debug_frame   0x000020b8      0x2bc .\ARM_GCC_541\Debug\IIR_filterProject_DFB.a(VOL.o)
 .debug_frame   0x00002374       0x34 .\ARM_GCC_541\Debug\IIR_filterProject_DFB.a(VOL_INT.o)
 .debug_frame   0x000023a8      0x2bc .\ARM_GCC_541\Debug\IIR_filterProject_DFB.a(LINE.o)
 .debug_frame   0x00002664       0x34 .\ARM_GCC_541\Debug\IIR_filterProject_DFB.a(LINE_INT.o)
 .debug_frame   0x00002698      0x200 .\ARM_GCC_541\Debug\IIR_filterProject_DFB.a(VOL_theACLK.o)
 .debug_frame   0x00002898      0x200 .\ARM_GCC_541\Debug\IIR_filterProject_DFB.a(LINE_theACLK.o)
 .debug_frame   0x00002a98      0x1e8 .\ARM_GCC_541\Debug\IIR_filterProject_DFB.a(SampleVraag.o)
 .debug_frame   0x00002c80       0xb8 .\ARM_GCC_541\Debug\IIR_filterProject_DFB.a(AnalogeIngang_R.o)
 .debug_frame   0x00002d38       0xb8 .\ARM_GCC_541\Debug\IIR_filterProject_DFB.a(AnalogeIngang_L.o)
 .debug_frame   0x00002df0      0x204 .\ARM_GCC_541\Debug\IIR_filterProject_DFB.a(Filter.o)
 .debug_frame   0x00002ff4       0x60 .\ARM_GCC_541\Debug\IIR_filterProject_DFB.a(Filter_PVT.o)
 .debug_frame   0x00003054      0x210 .\ARM_GCC_541\Debug\IIR_filterProject_DFB.a(CyFlash.o)
 .debug_frame   0x00003264      0x1f8 .\ARM_GCC_541\Debug\IIR_filterProject_DFB.a(CySpc.o)
 .debug_frame   0x0000345c       0x44 c:/program files (x86)/cypress/psoc creator/4.1/psoc creator/import/gnu/arm/5.4.1/bin/../lib/gcc/arm-none-eabi/5.4.1/armv7-m\libgcc.a(_aeabi_ldivmod.o)
 .debug_frame   0x000034a0       0x38 c:/program files (x86)/cypress/psoc creator/4.1/psoc creator/import/gnu/arm/5.4.1/bin/../lib/gcc/arm-none-eabi/5.4.1/armv7-m\libgcc.a(_udivmoddi4.o)
 .debug_frame   0x000034d8       0x20 c:/program files (x86)/cypress/psoc creator/4.1/psoc creator/import/gnu/arm/5.4.1/bin/../lib/gcc/arm-none-eabi/5.4.1/../../../../arm-none-eabi/lib/armv7-m\libg_nano.a(lib_a-errno.o)
 .debug_frame   0x000034f8       0x28 c:/program files (x86)/cypress/psoc creator/4.1/psoc creator/import/gnu/arm/5.4.1/bin/../lib/gcc/arm-none-eabi/5.4.1/../../../../arm-none-eabi/lib/armv7-m\libg_nano.a(lib_a-exit.o)
 .debug_frame   0x00003520       0x2c c:/program files (x86)/cypress/psoc creator/4.1/psoc creator/import/gnu/arm/5.4.1/bin/../lib/gcc/arm-none-eabi/5.4.1/../../../../arm-none-eabi/lib/armv7-m\libg_nano.a(lib_a-init.o)
 .debug_frame   0x0000354c       0x28 c:/program files (x86)/cypress/psoc creator/4.1/psoc creator/import/gnu/arm/5.4.1/bin/../lib/gcc/arm-none-eabi/5.4.1/../../../../arm-none-eabi/lib/armv7-m\libg_nano.a(lib_a-memcpy-stub.o)
 .debug_frame   0x00003574       0x20 c:/program files (x86)/cypress/psoc creator/4.1/psoc creator/import/gnu/arm/5.4.1/bin/../lib/gcc/arm-none-eabi/5.4.1/../../../../arm-none-eabi/lib/armv7-m\libg_nano.a(lib_a-memset.o)

.debug_str      0x00000000     0x2ce6
 *(.debug_str)
 .debug_str     0x00000000      0x21d .\ARM_GCC_541\Debug\main.o
                                0x26b (size before relaxing)
 .debug_str     0x0000021d       0x6a .\ARM_GCC_541\Debug\dma.o
                                0x279 (size before relaxing)
 .debug_str     0x00000287      0x106 .\ARM_GCC_541\Debug\audioCodec.o
                                0x301 (size before relaxing)
 .debug_str     0x0000038d      0x186 .\ARM_GCC_541\Debug\cyfitter_cfg.o
                                0x34e (size before relaxing)
 .debug_str     0x00000513       0x7f .\ARM_GCC_541\Debug\cymetadata.o
                                0x213 (size before relaxing)
 .debug_str     0x00000592      0x124 .\ARM_GCC_541\Debug\Cm3Start.o
                                0x306 (size before relaxing)
 .debug_str     0x000006b6       0x93 .\ARM_GCC_541\Debug\IIR_filterProject_DFB.a(RxDMA_dma.o)
                                0x24a (size before relaxing)
 .debug_str     0x00000749      0x171 .\ARM_GCC_541\Debug\IIR_filterProject_DFB.a(LCD.o)
                                0x348 (size before relaxing)
 .debug_str     0x000008ba       0x58 .\ARM_GCC_541\Debug\IIR_filterProject_DFB.a(TxDMA_dma.o)
                                0x24a (size before relaxing)
 .debug_str     0x00000912       0x33 .\ARM_GCC_541\Debug\IIR_filterProject_DFB.a(CLIP.o)
                                0x1db (size before relaxing)
 .debug_str     0x00000945      0x36f .\ARM_GCC_541\Debug\IIR_filterProject_DFB.a(CyDmac.o)
                                0x54c (size before relaxing)
 .debug_str     0x00000cb4      0x7c7 .\ARM_GCC_541\Debug\IIR_filterProject_DFB.a(CyLib.o)
                                0xa19 (size before relaxing)
 .debug_str     0x0000147b      0x371 .\ARM_GCC_541\Debug\IIR_filterProject_DFB.a(cyPm.o)
                                0x572 (size before relaxing)
 .debug_str     0x000017ec       0x33 .\ARM_GCC_541\Debug\IIR_filterProject_DFB.a(LEDs.o)
                                0x1db (size before relaxing)
 .debug_str     0x0000181f      0x13a .\ARM_GCC_541\Debug\IIR_filterProject_DFB.a(SampleKlaar.o)
                                0x329 (size before relaxing)
 .debug_str     0x00001959      0x11b .\ARM_GCC_541\Debug\IIR_filterProject_DFB.a(I2C_Codec_control.o)
                                0x2e6 (size before relaxing)
 .debug_str     0x00001a74       0xe8 .\ARM_GCC_541\Debug\IIR_filterProject_DFB.a(I2C_Codec_control_INT.o)
                                0x321 (size before relaxing)
 .debug_str     0x00001b5c      0x234 .\ARM_GCC_541\Debug\IIR_filterProject_DFB.a(I2C_Codec_control_MASTER.o)
                                0x515 (size before relaxing)
 .debug_str     0x00001d90      0x147 .\ARM_GCC_541\Debug\IIR_filterProject_DFB.a(I2S_Codec_audio.o)
                                0x2fc (size before relaxing)
 .debug_str     0x00001ed7       0x39 .\ARM_GCC_541\Debug\IIR_filterProject_DFB.a(I2S_EN.o)
                                0x1e1 (size before relaxing)
 .debug_str     0x00001f10      0x1bf .\ARM_GCC_541\Debug\IIR_filterProject_DFB.a(VOL.o)
                                0x3dc (size before relaxing)
 .debug_str     0x000020cf       0x29 .\ARM_GCC_541\Debug\IIR_filterProject_DFB.a(VOL_INT.o)
                                0x1be (size before relaxing)
 .debug_str     0x000020f8      0x18a .\ARM_GCC_541\Debug\IIR_filterProject_DFB.a(LINE.o)
                                0x3f4 (size before relaxing)
 .debug_str     0x00002282       0x2b .\ARM_GCC_541\Debug\IIR_filterProject_DFB.a(LINE_INT.o)
                                0x1c0 (size before relaxing)
 .debug_str     0x000022ad      0x1d5 .\ARM_GCC_541\Debug\IIR_filterProject_DFB.a(VOL_theACLK.o)
                                0x390 (size before relaxing)
 .debug_str     0x00002482      0x18f .\ARM_GCC_541\Debug\IIR_filterProject_DFB.a(LINE_theACLK.o)
                                0x39e (size before relaxing)
 .debug_str     0x00002611      0x13a .\ARM_GCC_541\Debug\IIR_filterProject_DFB.a(SampleVraag.o)
                                0x329 (size before relaxing)
 .debug_str     0x0000274b       0xb1 .\ARM_GCC_541\Debug\IIR_filterProject_DFB.a(AnalogeIngang_R.o)
                                0x26c (size before relaxing)
 .debug_str     0x000027fc       0xb1 .\ARM_GCC_541\Debug\IIR_filterProject_DFB.a(AnalogeIngang_L.o)
                                0x26c (size before relaxing)
 .debug_str     0x000028ad      0x157 .\ARM_GCC_541\Debug\IIR_filterProject_DFB.a(Filter.o)
                                0x33a (size before relaxing)
 .debug_str     0x00002a04       0x55 .\ARM_GCC_541\Debug\IIR_filterProject_DFB.a(Filter_PVT.o)
                                0x20a (size before relaxing)
 .debug_str     0x00002a59       0x29 .\ARM_GCC_541\Debug\IIR_filterProject_DFB.a(Filter_RAM_Data.o)
                                0x21b (size before relaxing)
 .debug_str     0x00002a82      0x145 .\ARM_GCC_541\Debug\IIR_filterProject_DFB.a(CyFlash.o)
                                0x325 (size before relaxing)
 .debug_str     0x00002bc7      0x11f .\ARM_GCC_541\Debug\IIR_filterProject_DFB.a(CySpc.o)
                                0x322 (size before relaxing)

.debug_loc
 *(.debug_loc)

.debug_macinfo
 *(.debug_macinfo)

.debug_ranges   0x00000000      0xbb8
 *(.debug_ranges)
 .debug_ranges  0x00000000       0x18 .\ARM_GCC_541\Debug\main.o
 .debug_ranges  0x00000018       0x28 .\ARM_GCC_541\Debug\dma.o
 .debug_ranges  0x00000040       0x40 .\ARM_GCC_541\Debug\audioCodec.o
 .debug_ranges  0x00000080       0x50 .\ARM_GCC_541\Debug\cyfitter_cfg.o
 .debug_ranges  0x000000d0       0x38 .\ARM_GCC_541\Debug\Cm3Start.o
 .debug_ranges  0x00000108       0x18 .\ARM_GCC_541\Debug\IIR_filterProject_DFB.a(RxDMA_dma.o)
 .debug_ranges  0x00000120       0x88 .\ARM_GCC_541\Debug\IIR_filterProject_DFB.a(LCD.o)
 .debug_ranges  0x000001a8       0x18 .\ARM_GCC_541\Debug\IIR_filterProject_DFB.a(TxDMA_dma.o)
 .debug_ranges  0x000001c0       0x18 .\ARM_GCC_541\Debug\IIR_filterProject_DFB.a(CLIP.o)
 .debug_ranges  0x000001d8       0xc8 .\ARM_GCC_541\Debug\IIR_filterProject_DFB.a(CyDmac.o)
 .debug_ranges  0x000002a0      0x290 .\ARM_GCC_541\Debug\IIR_filterProject_DFB.a(CyLib.o)
 .debug_ranges  0x00000530       0x88 .\ARM_GCC_541\Debug\IIR_filterProject_DFB.a(cyPm.o)
 .debug_ranges  0x000005b8       0x18 .\ARM_GCC_541\Debug\IIR_filterProject_DFB.a(LEDs.o)
 .debug_ranges  0x000005d0       0x70 .\ARM_GCC_541\Debug\IIR_filterProject_DFB.a(SampleKlaar.o)
 .debug_ranges  0x00000640       0x28 .\ARM_GCC_541\Debug\IIR_filterProject_DFB.a(I2C_Codec_control.o)
 .debug_ranges  0x00000668       0x10 .\ARM_GCC_541\Debug\IIR_filterProject_DFB.a(I2C_Codec_control_INT.o)
 .debug_ranges  0x00000678       0x70 .\ARM_GCC_541\Debug\IIR_filterProject_DFB.a(I2C_Codec_control_MASTER.o)
 .debug_ranges  0x000006e8       0x58 .\ARM_GCC_541\Debug\IIR_filterProject_DFB.a(I2S_Codec_audio.o)
 .debug_ranges  0x00000740       0x18 .\ARM_GCC_541\Debug\IIR_filterProject_DFB.a(I2S_EN.o)
 .debug_ranges  0x00000758       0x98 .\ARM_GCC_541\Debug\IIR_filterProject_DFB.a(VOL.o)
 .debug_ranges  0x000007f0       0x10 .\ARM_GCC_541\Debug\IIR_filterProject_DFB.a(VOL_INT.o)
 .debug_ranges  0x00000800       0x98 .\ARM_GCC_541\Debug\IIR_filterProject_DFB.a(LINE.o)
 .debug_ranges  0x00000898       0x10 .\ARM_GCC_541\Debug\IIR_filterProject_DFB.a(LINE_INT.o)
 .debug_ranges  0x000008a8       0x70 .\ARM_GCC_541\Debug\IIR_filterProject_DFB.a(VOL_theACLK.o)
 .debug_ranges  0x00000918       0x70 .\ARM_GCC_541\Debug\IIR_filterProject_DFB.a(LINE_theACLK.o)
 .debug_ranges  0x00000988       0x70 .\ARM_GCC_541\Debug\IIR_filterProject_DFB.a(SampleVraag.o)
 .debug_ranges  0x000009f8       0x30 .\ARM_GCC_541\Debug\IIR_filterProject_DFB.a(AnalogeIngang_R.o)
 .debug_ranges  0x00000a28       0x30 .\ARM_GCC_541\Debug\IIR_filterProject_DFB.a(AnalogeIngang_L.o)
 .debug_ranges  0x00000a58       0x70 .\ARM_GCC_541\Debug\IIR_filterProject_DFB.a(Filter.o)
 .debug_ranges  0x00000ac8       0x18 .\ARM_GCC_541\Debug\IIR_filterProject_DFB.a(Filter_PVT.o)
 .debug_ranges  0x00000ae0       0x70 .\ARM_GCC_541\Debug\IIR_filterProject_DFB.a(CyFlash.o)
 .debug_ranges  0x00000b50       0x68 .\ARM_GCC_541\Debug\IIR_filterProject_DFB.a(CySpc.o)

.comment        0x00000000       0x6e
 .comment       0x00000000       0x6e .\ARM_GCC_541\Debug\main.o
                                 0x6f (size before relaxing)
 .comment       0x0000006e       0x6f .\ARM_GCC_541\Debug\dma.o
 .comment       0x0000006e       0x6f .\ARM_GCC_541\Debug\audioCodec.o
 .comment       0x0000006e       0x6f .\ARM_GCC_541\Debug\cyfitter_cfg.o
 .comment       0x0000006e       0x6f .\ARM_GCC_541\Debug\cymetadata.o
 .comment       0x0000006e       0x6f .\ARM_GCC_541\Debug\Cm3Start.o
 .comment       0x0000006e       0x6f .\ARM_GCC_541\Debug\IIR_filterProject_DFB.a(RxDMA_dma.o)
 .comment       0x0000006e       0x6f .\ARM_GCC_541\Debug\IIR_filterProject_DFB.a(LCD.o)
 .comment       0x0000006e       0x6f .\ARM_GCC_541\Debug\IIR_filterProject_DFB.a(TxDMA_dma.o)
 .comment       0x0000006e       0x6f .\ARM_GCC_541\Debug\IIR_filterProject_DFB.a(CLIP.o)
 .comment       0x0000006e       0x6f .\ARM_GCC_541\Debug\IIR_filterProject_DFB.a(CyDmac.o)
 .comment       0x0000006e       0x6f .\ARM_GCC_541\Debug\IIR_filterProject_DFB.a(CyLib.o)
 .comment       0x0000006e       0x6f .\ARM_GCC_541\Debug\IIR_filterProject_DFB.a(cyPm.o)
 .comment       0x0000006e       0x6f .\ARM_GCC_541\Debug\IIR_filterProject_DFB.a(LEDs.o)
 .comment       0x0000006e       0x6f .\ARM_GCC_541\Debug\IIR_filterProject_DFB.a(SampleKlaar.o)
 .comment       0x0000006e       0x6f .\ARM_GCC_541\Debug\IIR_filterProject_DFB.a(I2C_Codec_control.o)
 .comment       0x0000006e       0x6f .\ARM_GCC_541\Debug\IIR_filterProject_DFB.a(I2C_Codec_control_INT.o)
 .comment       0x0000006e       0x6f .\ARM_GCC_541\Debug\IIR_filterProject_DFB.a(I2C_Codec_control_MASTER.o)
 .comment       0x0000006e       0x6f .\ARM_GCC_541\Debug\IIR_filterProject_DFB.a(I2S_Codec_audio.o)
 .comment       0x0000006e       0x6f .\ARM_GCC_541\Debug\IIR_filterProject_DFB.a(I2S_EN.o)
 .comment       0x0000006e       0x6f .\ARM_GCC_541\Debug\IIR_filterProject_DFB.a(VOL.o)
 .comment       0x0000006e       0x6f .\ARM_GCC_541\Debug\IIR_filterProject_DFB.a(VOL_INT.o)
 .comment       0x0000006e       0x6f .\ARM_GCC_541\Debug\IIR_filterProject_DFB.a(LINE.o)
 .comment       0x0000006e       0x6f .\ARM_GCC_541\Debug\IIR_filterProject_DFB.a(LINE_INT.o)
 .comment       0x0000006e       0x6f .\ARM_GCC_541\Debug\IIR_filterProject_DFB.a(VOL_theACLK.o)
 .comment       0x0000006e       0x6f .\ARM_GCC_541\Debug\IIR_filterProject_DFB.a(LINE_theACLK.o)
 .comment       0x0000006e       0x6f .\ARM_GCC_541\Debug\IIR_filterProject_DFB.a(SampleVraag.o)
 .comment       0x0000006e       0x6f .\ARM_GCC_541\Debug\IIR_filterProject_DFB.a(AnalogeIngang_R.o)
 .comment       0x0000006e       0x6f .\ARM_GCC_541\Debug\IIR_filterProject_DFB.a(AnalogeIngang_L.o)
 .comment       0x0000006e       0x6f .\ARM_GCC_541\Debug\IIR_filterProject_DFB.a(Filter.o)
 .comment       0x0000006e       0x6f .\ARM_GCC_541\Debug\IIR_filterProject_DFB.a(Filter_PVT.o)
 .comment       0x0000006e       0x6f .\ARM_GCC_541\Debug\IIR_filterProject_DFB.a(Filter_RAM_Data.o)
 .comment       0x0000006e       0x6f .\ARM_GCC_541\Debug\IIR_filterProject_DFB.a(CyFlash.o)
 .comment       0x0000006e       0x6f .\ARM_GCC_541\Debug\IIR_filterProject_DFB.a(CySpc.o)

.debug_weaknames
 *(.debug_weaknames)

.debug_funcnames
 *(.debug_funcnames)

.debug_typenames
 *(.debug_typenames)

.debug_varnames
 *(.debug_varnames)

.note.gnu.arm.ident
 *(.note.gnu.arm.ident)

.ARM.attributes
                0x00000000       0x29
 *(.ARM.attributes)
 .ARM.attributes
                0x00000000       0x1d c:/program files (x86)/cypress/psoc creator/4.1/psoc creator/import/gnu/arm/5.4.1/bin/../lib/gcc/arm-none-eabi/5.4.1/armv7-m/crti.o
 .ARM.attributes
                0x0000001d       0x2d c:/program files (x86)/cypress/psoc creator/4.1/psoc creator/import/gnu/arm/5.4.1/bin/../lib/gcc/arm-none-eabi/5.4.1/armv7-m/crtbegin.o
 .ARM.attributes
                0x0000004a       0x1b c:/program files (x86)/cypress/psoc creator/4.1/psoc creator/import/gnu/arm/5.4.1/bin/../lib/gcc/arm-none-eabi/5.4.1/../../../../arm-none-eabi/lib/armv7-m/crt0.o
 .ARM.attributes
                0x00000065       0x33 .\ARM_GCC_541\Debug\main.o
 .ARM.attributes
                0x00000098       0x33 .\ARM_GCC_541\Debug\dma.o
 .ARM.attributes
                0x000000cb       0x33 .\ARM_GCC_541\Debug\audioCodec.o
 .ARM.attributes
                0x000000fe       0x33 .\ARM_GCC_541\Debug\cyfitter_cfg.o
 .ARM.attributes
                0x00000131       0x33 .\ARM_GCC_541\Debug\cymetadata.o
 .ARM.attributes
                0x00000164       0x33 .\ARM_GCC_541\Debug\Cm3Start.o
 .ARM.attributes
                0x00000197       0x33 .\ARM_GCC_541\Debug\IIR_filterProject_DFB.a(RxDMA_dma.o)
 .ARM.attributes
                0x000001ca       0x33 .\ARM_GCC_541\Debug\IIR_filterProject_DFB.a(LCD.o)
 .ARM.attributes
                0x000001fd       0x33 .\ARM_GCC_541\Debug\IIR_filterProject_DFB.a(TxDMA_dma.o)
 .ARM.attributes
                0x00000230       0x33 .\ARM_GCC_541\Debug\IIR_filterProject_DFB.a(CLIP.o)
 .ARM.attributes
                0x00000263       0x33 .\ARM_GCC_541\Debug\IIR_filterProject_DFB.a(CyDmac.o)
 .ARM.attributes
                0x00000296       0x33 .\ARM_GCC_541\Debug\IIR_filterProject_DFB.a(CyLib.o)
 .ARM.attributes
                0x000002c9       0x33 .\ARM_GCC_541\Debug\IIR_filterProject_DFB.a(cyPm.o)
 .ARM.attributes
                0x000002fc       0x33 .\ARM_GCC_541\Debug\IIR_filterProject_DFB.a(LEDs.o)
 .ARM.attributes
                0x0000032f       0x33 .\ARM_GCC_541\Debug\IIR_filterProject_DFB.a(SampleKlaar.o)
 .ARM.attributes
                0x00000362       0x33 .\ARM_GCC_541\Debug\IIR_filterProject_DFB.a(I2C_Codec_control.o)
 .ARM.attributes
                0x00000395       0x33 .\ARM_GCC_541\Debug\IIR_filterProject_DFB.a(I2C_Codec_control_INT.o)
 .ARM.attributes
                0x000003c8       0x33 .\ARM_GCC_541\Debug\IIR_filterProject_DFB.a(I2C_Codec_control_MASTER.o)
 .ARM.attributes
                0x000003fb       0x33 .\ARM_GCC_541\Debug\IIR_filterProject_DFB.a(I2S_Codec_audio.o)
 .ARM.attributes
                0x0000042e       0x33 .\ARM_GCC_541\Debug\IIR_filterProject_DFB.a(I2S_EN.o)
 .ARM.attributes
                0x00000461       0x33 .\ARM_GCC_541\Debug\IIR_filterProject_DFB.a(VOL.o)
 .ARM.attributes
                0x00000494       0x33 .\ARM_GCC_541\Debug\IIR_filterProject_DFB.a(VOL_INT.o)
 .ARM.attributes
                0x000004c7       0x33 .\ARM_GCC_541\Debug\IIR_filterProject_DFB.a(LINE.o)
 .ARM.attributes
                0x000004fa       0x33 .\ARM_GCC_541\Debug\IIR_filterProject_DFB.a(LINE_INT.o)
 .ARM.attributes
                0x0000052d       0x33 .\ARM_GCC_541\Debug\IIR_filterProject_DFB.a(VOL_theACLK.o)
 .ARM.attributes
                0x00000560       0x33 .\ARM_GCC_541\Debug\IIR_filterProject_DFB.a(LINE_theACLK.o)
 .ARM.attributes
                0x00000593       0x33 .\ARM_GCC_541\Debug\IIR_filterProject_DFB.a(SampleVraag.o)
 .ARM.attributes
                0x000005c6       0x33 .\ARM_GCC_541\Debug\IIR_filterProject_DFB.a(AnalogeIngang_R.o)
 .ARM.attributes
                0x000005f9       0x33 .\ARM_GCC_541\Debug\IIR_filterProject_DFB.a(AnalogeIngang_L.o)
 .ARM.attributes
                0x0000062c       0x33 .\ARM_GCC_541\Debug\IIR_filterProject_DFB.a(Filter.o)
 .ARM.attributes
                0x0000065f       0x33 .\ARM_GCC_541\Debug\IIR_filterProject_DFB.a(Filter_PVT.o)
 .ARM.attributes
                0x00000692       0x33 .\ARM_GCC_541\Debug\IIR_filterProject_DFB.a(Filter_RAM_Data.o)
 .ARM.attributes
                0x000006c5       0x21 .\ARM_GCC_541\Debug\IIR_filterProject_DFB.a(CyBootAsmGnu.o)
 .ARM.attributes
                0x000006e6       0x33 .\ARM_GCC_541\Debug\IIR_filterProject_DFB.a(CyFlash.o)
 .ARM.attributes
                0x00000719       0x33 .\ARM_GCC_541\Debug\IIR_filterProject_DFB.a(CySpc.o)
 .ARM.attributes
                0x0000074c       0x1d c:/program files (x86)/cypress/psoc creator/4.1/psoc creator/import/gnu/arm/5.4.1/bin/../lib/gcc/arm-none-eabi/5.4.1/armv7-m\libgcc.a(_arm_addsubsf3.o)
 .ARM.attributes
                0x00000769       0x1d c:/program files (x86)/cypress/psoc creator/4.1/psoc creator/import/gnu/arm/5.4.1/bin/../lib/gcc/arm-none-eabi/5.4.1/armv7-m\libgcc.a(_arm_muldivsf3.o)
 .ARM.attributes
                0x00000786       0x1d c:/program files (x86)/cypress/psoc creator/4.1/psoc creator/import/gnu/arm/5.4.1/bin/../lib/gcc/arm-none-eabi/5.4.1/armv7-m\libgcc.a(_aeabi_ldivmod.o)
 .ARM.attributes
                0x000007a3       0x2d c:/program files (x86)/cypress/psoc creator/4.1/psoc creator/import/gnu/arm/5.4.1/bin/../lib/gcc/arm-none-eabi/5.4.1/armv7-m\libgcc.a(_udivmoddi4.o)
 .ARM.attributes
                0x000007d0       0x1d c:/program files (x86)/cypress/psoc creator/4.1/psoc creator/import/gnu/arm/5.4.1/bin/../lib/gcc/arm-none-eabi/5.4.1/armv7-m\libgcc.a(_dvmd_tls.o)
 .ARM.attributes
                0x000007ed       0x2d c:/program files (x86)/cypress/psoc creator/4.1/psoc creator/import/gnu/arm/5.4.1/bin/../lib/gcc/arm-none-eabi/5.4.1/../../../../arm-none-eabi/lib/armv7-m\libg_nano.a(lib_a-errno.o)
 .ARM.attributes
                0x0000081a       0x2d c:/program files (x86)/cypress/psoc creator/4.1/psoc creator/import/gnu/arm/5.4.1/bin/../lib/gcc/arm-none-eabi/5.4.1/../../../../arm-none-eabi/lib/armv7-m\libg_nano.a(lib_a-exit.o)
 .ARM.attributes
                0x00000847       0x2d c:/program files (x86)/cypress/psoc creator/4.1/psoc creator/import/gnu/arm/5.4.1/bin/../lib/gcc/arm-none-eabi/5.4.1/../../../../arm-none-eabi/lib/armv7-m\libg_nano.a(lib_a-impure.o)
 .ARM.attributes
                0x00000874       0x2d c:/program files (x86)/cypress/psoc creator/4.1/psoc creator/import/gnu/arm/5.4.1/bin/../lib/gcc/arm-none-eabi/5.4.1/../../../../arm-none-eabi/lib/armv7-m\libg_nano.a(lib_a-init.o)
 .ARM.attributes
                0x000008a1       0x2d c:/program files (x86)/cypress/psoc creator/4.1/psoc creator/import/gnu/arm/5.4.1/bin/../lib/gcc/arm-none-eabi/5.4.1/../../../../arm-none-eabi/lib/armv7-m\libg_nano.a(lib_a-memcpy-stub.o)
 .ARM.attributes
                0x000008ce       0x2d c:/program files (x86)/cypress/psoc creator/4.1/psoc creator/import/gnu/arm/5.4.1/bin/../lib/gcc/arm-none-eabi/5.4.1/../../../../arm-none-eabi/lib/armv7-m\libg_nano.a(lib_a-memset.o)
 .ARM.attributes
                0x000008fb       0x2d c:/program files (x86)/cypress/psoc creator/4.1/psoc creator/import/gnu/arm/5.4.1/bin/../lib/gcc/arm-none-eabi/5.4.1/armv7-m/crtend.o
 .ARM.attributes
                0x00000928       0x1d c:/program files (x86)/cypress/psoc creator/4.1/psoc creator/import/gnu/arm/5.4.1/bin/../lib/gcc/arm-none-eabi/5.4.1/armv7-m/crtn.o

/DISCARD/
 *(.note.GNU-stack)
OUTPUT(C:\Users\Jona\Documents\GitHub\Signaalverwerking\Labo6\Opgave1\IIR_filterProject_DFB\IIR_filterProject_DFB.cydsn\ARM_GCC_541\Debug\IIR_filterProject_DFB.elf elf32-littlearm)
